[Licensing::Module] Trying to connect to existing licensing client channel...
[Licensing::IpcConnector] Successfully connected to: "LicenseClient-Administrator" at "2026-05-28T14:13:03.8432996Z"
Built from '6000.0/staging' branch; Version is '6000.0.76f1 (6f7f9e1c9e8a) revision 7307166'; Using compiler version '193933523'; Build Type 'Release'
OS: 'Windows 11  (10.0.22631) Professional' Language: 'zh' Physical Memory: 32577 MB
BatchMode: 1, IsHumanControllingUs: 0, StartBugReporterOnCrash: 0, Is64bit: 1
System  architecture: x64
Process architecture: x64
Date: 2026-05-28T14:13:03Z

COMMAND LINE ARGUMENTS:
C:\Program Files\Unity\Hub\Editor\6000.0.76f1\Editor\Unity.exe
-batchmode
-nographics
-projectPath
E:\IronCrown
-logFile
E:\IronCrown\artifacts\test-run.log
-runEditorTests
-editorTestsResultFile
E:\IronCrown\artifacts\editmode-results.xml
Successfully changed project path to: E:\IronCrown
E:/IronCrown
[UnityMemory] Configuration Parameters - Can be set up in boot.config
    "memorysetup-bucket-allocator-granularity=16"
    "memorysetup-bucket-allocator-bucket-count=8"
    "memorysetup-bucket-allocator-block-size=33554432"
    "memorysetup-bucket-allocator-block-count=8"
    "memorysetup-main-allocator-block-size=16777216"
    "memorysetup-thread-allocator-block-size=16777216"
    "memorysetup-gfx-main-allocator-block-size=16777216"
    "memorysetup-gfx-thread-allocator-block-size=16777216"
    "memorysetup-cache-allocator-block-size=4194304"
    "memorysetup-typetree-allocator-block-size=2097152"
    "memorysetup-profiler-bucket-allocator-granularity=16"
    "memorysetup-profiler-bucket-allocator-bucket-count=8"
    "memorysetup-profiler-bucket-allocator-block-size=33554432"
    "memorysetup-profiler-bucket-allocator-block-count=8"
    "memorysetup-profiler-allocator-block-size=16777216"
    "memorysetup-profiler-editor-allocator-block-size=1048576"
    "memorysetup-temp-allocator-size-main=16777216"
    "memorysetup-job-temp-allocator-block-size=2097152"
    "memorysetup-job-temp-allocator-block-size-background=1048576"
    "memorysetup-job-temp-allocator-reduction-small-platforms=262144"
    "memorysetup-allocator-temp-initial-block-size-main=262144"
    "memorysetup-allocator-temp-initial-block-size-worker=262144"
    "memorysetup-temp-allocator-size-background-worker=32768"
    "memorysetup-temp-allocator-size-job-worker=262144"
    "memorysetup-temp-allocator-size-preload-manager=33554432"
    "memorysetup-temp-allocator-size-nav-mesh-worker=65536"
    "memorysetup-temp-allocator-size-audio-worker=65536"
    "memorysetup-temp-allocator-size-cloud-worker=32768"
    "memorysetup-temp-allocator-size-gi-baking-worker=262144"
    "memorysetup-temp-allocator-size-gi-baking-worker=262144"
    "memorysetup-temp-allocator-size-gi-baking-worker=262144"
    "memorysetup-temp-allocator-size-gi-baking-worker=262144"
    "memorysetup-temp-allocator-size-gi-baking-worker=262144"
    "memorysetup-temp-allocator-size-gfx=262144"
Player connection [21752]  Target information:

Player connection [21752]  * "[IP] 172.23.96.1 [Port] 55504 [Flags] 2 [Guid] 1410707882 [EditorId] 1410707882 [Version] 1048832 [Id] WindowsEditor(7,songtaoluo) [Debug] 1 [PackageName] WindowsEditor [ProjectName] Editor" 

Player connection [21752]  * "[IP] 192.168.1.2 [Port] 55504 [Flags] 2 [Guid] 1410707882 [EditorId] 1410707882 [Version] 1048832 [Id] WindowsEditor(7,songtaoluo) [Debug] 1 [PackageName] WindowsEditor [ProjectName] Editor" 

Player connection [21752] Host joined multi-casting on [225.0.0.222:54997]...
Player connection [21752] Host joined alternative multi-casting on [225.0.0.222:34997]...
Input System module state changed to: Initialized.
[Physics::Module] Initialized fallback backend.
[Physics::Module] Id: 0xdecafbad
[Package Manager] Connected to IPC stream "Upm-27500" after 0.3 seconds.
Library Redirect Path: Library/
[Licensing::Client] Handshaking with LicensingClient:
  Version:                 1.17.4+4293ba1
  Session Id:              a220c8e01c5345768d8cf4986383ade2
  Correlation Id:          01477d71a0e21d204e24dc5e8788d38c
  External correlation Id: 5010291130532346720
  Machine Id:              OCVYmtVU35qd3bRZiXPt3oRM4Cw=
[Licensing::Module] Successfully connected to LicensingClient on channel: "LicenseClient-Administrator" (connect: 0.00s, validation: 0.00s, handshake: 0.65s)
[Licensing::IpcConnector] Successfully connected to: "LicenseClient-Administrator-notifications" at "2026-05-28T14:13:04.4920947Z"
[Licensing::Module] Error: Access token is unavailable; failed to update
[Licensing::Client] Successfully resolved entitlement details
[Licensing::Module] License group:
  Id: ewogICJzdWJzR3JvdXAiIDogInVuaXR5IGVkaXRvciIsCiAgIm5hbWVzcGFjZSIgOiAidW5pdHlfZWRpdG9yIiwKICAidHlwZSIgOiAiRURJVE9SIiwKICAidGFnIiA6ICJVbml0eVBlcnNvbmFsXXXX
  Product: Unity Personal Version
  Type: Assigned
  Expiration: Unlimited
[Licensing::Client] Successfully updated license, isAsync: True, time: 0.00
[Licensing::Module] Licensing Background thread has ended after 0.65s
[Physics::Module] Selected backend.
[Physics::Module] Name: PhysX
[Physics::Module] Id: 0xf2b8ea05
[Physics::Module] SDK Version: 4.1.2
[Physics::Module] Integration Version: 1.0.0
[Physics::Module] Threading Mode: Multi-Threaded
Refreshing native plugins compatible for Editor in 0.38 ms, found 0 plugins.
Preloading 0 native plugins for Editor in 0.00 ms.
Initialize engine version: 6000.0.76f1 (6f7f9e1c9e8a)
[Subsystems] Discovering subsystems at path C:/Program Files/Unity/Hub/Editor/6000.0.76f1/Editor/Data/Resources/UnitySubsystems
[Subsystems] Discovering subsystems at path E:/IronCrown/Assets
Forcing GfxDevice: Null
GfxDevice: creating device client; kGfxThreadingModeNonThreaded
NullGfxDevice:
    Version:  NULL 1.0 [1.0]
    Renderer: Null Device
    Vendor:   Unity Technologies
Initialize mono
Mono path[0] = 'C:/Program Files/Unity/Hub/Editor/6000.0.76f1/Editor/Data/Managed'
Mono path[1] = 'C:/Program Files/Unity/Hub/Editor/6000.0.76f1/Editor/Data/MonoBleedingEdge/lib/mono/unityjit-win32'
Mono config path = 'C:/Program Files/Unity/Hub/Editor/6000.0.76f1/Editor/Data/MonoBleedingEdge/etc'
Using monoOptions --debugger-agent=transport=dt_socket,embedding=1,server=y,suspend=n,address=127.0.0.1:56500
Using cacheserver namespaces - metadata:defaultmetadata, artifacts:defaultartifacts
Using cacheserver namespaces - metadata:defaultmetadata, artifacts:defaultartifacts
ImportWorker Server TCP listen port: 0
AcceleratorClientConnectionCallback - disconnected - :0
Begin MonoManager ReloadAssembly
Registering precompiled unity dll's ...
Register platform support module: C:/Program Files/Unity/Hub/Editor/6000.0.76f1/Editor/Data/PlaybackEngines/WindowsStandaloneSupport/UnityEditor.WindowsStandalone.Extensions.dll
Registered in 0.002420 seconds.
- Loaded All Assemblies, in  0.343 seconds
Native extension for WindowsStandalone target not found
Package Manager log level set to [2]
Mono: successfully reloaded assembly
- Finished resetting the current domain, in  0.228 seconds
Domain Reload Profiling: 570ms
	BeginReloadAssembly (133ms)
		ExecutionOrderSort (0ms)
		DisableScriptedObjects (0ms)
		BackupInstance (0ms)
		ReleaseScriptingObjects (0ms)
		CreateAndSetChildDomain (1ms)
	RebuildCommonClasses (39ms)
	RebuildNativeTypeToScriptingClass (8ms)
	initialDomainReloadingComplete (37ms)
	LoadAllAssembliesAndSetupDomain (125ms)
		LoadAssemblies (132ms)
		RebuildTransferFunctionScriptingTraits (0ms)
		AnalyzeDomain (122ms)
			TypeCache.Refresh (121ms)
				TypeCache.ScanAssembly (109ms)
			BuildScriptInfoCaches (0ms)
			ResolveRequiredComponents (0ms)
	FinalizeReload (228ms)
		ReleaseScriptCaches (0ms)
		RebuildScriptCaches (0ms)
		SetupLoadedEditorAssemblies (206ms)
			LogAssemblyErrors (0ms)
			InitializePlatformSupportModulesInManaged (13ms)
			SetLoadedEditorAssemblies (3ms)
			BeforeProcessingInitializeOnLoad (39ms)
			ProcessInitializeOnLoadAttributes (108ms)
			ProcessInitializeOnLoadMethodAttributes (43ms)
			AfterProcessingInitializeOnLoad (0ms)
			EditorAssembliesLoaded (0ms)
		ExecutionOrderSort2 (0ms)
		AwakeInstancesAfterBackupRestoration (0ms)
[Licensing::Client] Successfully resolved entitlement details
Application.AssetDatabase Initial Refresh Start
[Package Manager] Restoring resolved packages state from cache
[Licensing::Client] Successfully resolved entitlement details
[Package Manager] Registered 53 packages:
  Packages from [https://package.openupm.com]:
    jp.hadashikick.vcontainer@1.16.6 (location: E:\IronCrown\Library\PackageCache\jp.hadashikick.vcontainer@bfc5fcc02036)
  Packages from [https://packages.unity.com]:
    com.unity.ads@4.16.4 (location: E:\IronCrown\Library\PackageCache\com.unity.ads@e89225828059)
    com.unity.ai.navigation@2.0.12 (location: E:\IronCrown\Library\PackageCache\com.unity.ai.navigation@734c2c4c5591)
    com.unity.analytics@3.8.1 (location: E:\IronCrown\Library\PackageCache\com.unity.analytics@6cc66d58ac08)
    com.unity.collab-proxy@2.12.4 (location: E:\IronCrown\Library\PackageCache\com.unity.collab-proxy@0b1559bcd34e)
    com.unity.ide.rider@3.0.39 (location: E:\IronCrown\Library\PackageCache\com.unity.ide.rider@4504839d03f7)
    com.unity.ide.visualstudio@2.0.27 (location: E:\IronCrown\Library\PackageCache\com.unity.ide.visualstudio@dc1ddd4f09b6)
    com.unity.nuget.newtonsoft-json@3.2.1 (location: E:\IronCrown\Library\PackageCache\com.unity.nuget.newtonsoft-json@74deb55db2a0)
    com.unity.purchasing@4.14.2 (location: E:\IronCrown\Library\PackageCache\com.unity.purchasing@039fd41c6e81)
    com.unity.timeline@1.8.12 (location: E:\IronCrown\Library\PackageCache\com.unity.timeline@8cd8509afae5)
    com.unity.xr.legacyinputhelpers@2.1.12 (location: E:\IronCrown\Library\PackageCache\com.unity.xr.legacyinputhelpers@b7579e86f3b4)
    com.unity.services.core@1.16.0 (location: E:\IronCrown\Library\PackageCache\com.unity.services.core@8ba50f624741)
    com.unity.services.analytics@6.3.0 (location: E:\IronCrown\Library\PackageCache\com.unity.services.analytics@cde4e6cf92f9)
  Built-in packages:
    com.unity.2d.sprite@1.0.0 (location: E:\IronCrown\Library\PackageCache\com.unity.2d.sprite@0eb6ea2c7181)
    com.unity.2d.tilemap@1.0.0 (location: E:\IronCrown\Library\PackageCache\com.unity.2d.tilemap@10400206a301)
    com.unity.multiplayer.center@1.0.0 (location: E:\IronCrown\Library\PackageCache\com.unity.multiplayer.center@f3fb577b3546)
    com.unity.test-framework@1.6.0 (location: E:\IronCrown\Library\PackageCache\com.unity.test-framework@082c24152fd4)
    com.unity.ugui@2.0.0 (location: E:\IronCrown\Library\PackageCache\com.unity.ugui@52420b88ab53)
    com.unity.modules.accessibility@1.0.0 (location: E:\IronCrown\Library\PackageCache\com.unity.modules.accessibility)
    com.unity.modules.ai@1.0.0 (location: E:\IronCrown\Library\PackageCache\com.unity.modules.ai)
    com.unity.modules.androidjni@1.0.0 (location: E:\IronCrown\Library\PackageCache\com.unity.modules.androidjni)
    com.unity.modules.animation@1.0.0 (location: E:\IronCrown\Library\PackageCache\com.unity.modules.animation)
    com.unity.modules.assetbundle@1.0.0 (location: E:\IronCrown\Library\PackageCache\com.unity.modules.assetbundle)
    com.unity.modules.audio@1.0.0 (location: E:\IronCrown\Library\PackageCache\com.unity.modules.audio)
    com.unity.modules.cloth@1.0.0 (location: E:\IronCrown\Library\PackageCache\com.unity.modules.cloth)
    com.unity.modules.director@1.0.0 (location: E:\IronCrown\Library\PackageCache\com.unity.modules.director)
    com.unity.modules.imageconversion@1.0.0 (location: E:\IronCrown\Library\PackageCache\com.unity.modules.imageconversion)
    com.unity.modules.imgui@1.0.0 (location: E:\IronCrown\Library\PackageCache\com.unity.modules.imgui)
    com.unity.modules.jsonserialize@1.0.0 (location: E:\IronCrown\Library\PackageCache\com.unity.modules.jsonserialize)
    com.unity.modules.particlesystem@1.0.0 (location: E:\IronCrown\Library\PackageCache\com.unity.modules.particlesystem)
    com.unity.modules.physics@1.0.0 (location: E:\IronCrown\Library\PackageCache\com.unity.modules.physics)
    com.unity.modules.physics2d@1.0.0 (location: E:\IronCrown\Library\PackageCache\com.unity.modules.physics2d)
    com.unity.modules.screencapture@1.0.0 (location: E:\IronCrown\Library\PackageCache\com.unity.modules.screencapture)
    com.unity.modules.terrain@1.0.0 (location: E:\IronCrown\Library\PackageCache\com.unity.modules.terrain)
    com.unity.modules.terrainphysics@1.0.0 (location: E:\IronCrown\Library\PackageCache\com.unity.modules.terrainphysics)
    com.unity.modules.tilemap@1.0.0 (location: E:\IronCrown\Library\PackageCache\com.unity.modules.tilemap)
    com.unity.modules.ui@1.0.0 (location: E:\IronCrown\Library\PackageCache\com.unity.modules.ui)
    com.unity.modules.uielements@1.0.0 (location: E:\IronCrown\Library\PackageCache\com.unity.modules.uielements)
    com.unity.modules.umbra@1.0.0 (location: E:\IronCrown\Library\PackageCache\com.unity.modules.umbra)
    com.unity.modules.unityanalytics@1.0.0 (location: E:\IronCrown\Library\PackageCache\com.unity.modules.unityanalytics)
    com.unity.modules.unitywebrequest@1.0.0 (location: E:\IronCrown\Library\PackageCache\com.unity.modules.unitywebrequest)
    com.unity.modules.unitywebrequestassetbundle@1.0.0 (location: E:\IronCrown\Library\PackageCache\com.unity.modules.unitywebrequestassetbundle)
    com.unity.modules.unitywebrequestaudio@1.0.0 (location: E:\IronCrown\Library\PackageCache\com.unity.modules.unitywebrequestaudio)
    com.unity.modules.unitywebrequesttexture@1.0.0 (location: E:\IronCrown\Library\PackageCache\com.unity.modules.unitywebrequesttexture)
    com.unity.modules.unitywebrequestwww@1.0.0 (location: E:\IronCrown\Library\PackageCache\com.unity.modules.unitywebrequestwww)
    com.unity.modules.vehicles@1.0.0 (location: E:\IronCrown\Library\PackageCache\com.unity.modules.vehicles)
    com.unity.modules.video@1.0.0 (location: E:\IronCrown\Library\PackageCache\com.unity.modules.video)
    com.unity.modules.vr@1.0.0 (location: E:\IronCrown\Library\PackageCache\com.unity.modules.vr)
    com.unity.modules.wind@1.0.0 (location: E:\IronCrown\Library\PackageCache\com.unity.modules.wind)
    com.unity.modules.xr@1.0.0 (location: E:\IronCrown\Library\PackageCache\com.unity.modules.xr)
    com.unity.modules.subsystems@1.0.0 (location: E:\IronCrown\Library\PackageCache\com.unity.modules.subsystems)
    com.unity.modules.hierarchycore@1.0.0 (location: E:\IronCrown\Library\PackageCache\com.unity.modules.hierarchycore)
    com.unity.ext.nunit@2.0.5 (location: E:\IronCrown\Library\PackageCache\com.unity.ext.nunit@031a54704bff)
[Subsystems] No new subsystems found in resolved package list.
[Package Manager] Done registering packages in 0.01 seconds
[ScriptCompilation] Requested script compilation because: Assembly Definition File(s) changed
[ScriptCompilation] Requested script compilation because: Assetdatabase observed changes in script compilation related files
info: Microsoft.Hosting.Lifetime[14]
      Now listening on: http://localhost:80
info: Microsoft.Hosting.Lifetime[0]
      Application started. Press Ctrl+C to shut down.
info: Microsoft.Hosting.Lifetime[0]
      Hosting environment: Production
info: Microsoft.Hosting.Lifetime[0]
      Content root path: E:\IronCrown\
info: Microsoft.AspNetCore.Hosting.Diagnostics[1]
      Request starting HTTP/2 POST http://ilpp/UnityILPP.PostProcessing/Ping application/grpc -
info: Microsoft.AspNetCore.Routing.EndpointMiddleware[0]
      Executing endpoint 'gRPC - /UnityILPP.PostProcessing/Ping'
info: Microsoft.AspNetCore.Routing.EndpointMiddleware[1]
      Executed endpoint 'gRPC - /UnityILPP.PostProcessing/Ping'
info: Microsoft.AspNetCore.Hosting.Diagnostics[2]
      Request finished HTTP/2 POST http://ilpp/UnityILPP.PostProcessing/Ping application/grpc - - 200 - application/grpc 30.2354ms
Starting: C:\Program Files\Unity\Hub\Editor\6000.0.76f1\Editor\Data\bee_backend.exe --ipc --defer-dag-verification --dagfile="Library/Bee/1900b0aE.dag" --continue-on-failure --profile="Library/Bee/backend1.traceevents" ScriptAssemblies
WorkingDir: E:/IronCrown
DisplayProgressbar: Compiling Scripts
ExitCode: 0 Duration: 0s903ms
[750/753    0s] Csc Library/Bee/artifacts/1900b0aE.dag/IronCrown.Bootstrap.dll (+2 others)
[751/753    0s] CopyFiles Library/ScriptAssemblies/IronCrown.Bootstrap.pdb
[752/753    0s] CopyFiles Library/ScriptAssemblies/IronCrown.Bootstrap.dll
*** Tundra build success (0.87 seconds), 3 items updated, 753 evaluated
AssetDatabase: script compilation time: 1.261274s
Begin MonoManager ReloadAssembly
Total cache size 15591132
Total cache size after purge 15591132, took 00:00:00.0234743
Symbol file LoadedFromMemory is not a mono symbol file
- Loaded All Assemblies, in  0.490 seconds
Start importing Assets/Scripts/Bootstrap/IronCrown.Bootstrap.asmdef using Guid(686fe68f0b3dbd3409b872d3da22c36a) (AssemblyDefinitionImporter) -> (artifact id: '9831cef1d115e7ab46fe9223d6598e2d') in 0.0107141 seconds
Refreshing native plugins compatible for Editor in 3.89 ms, found 3 plugins.
Native extension for WindowsStandalone target not found
Mono: successfully reloaded assembly
- Finished resetting the current domain, in  5.438 seconds
Domain Reload Profiling: 5927ms
	BeginReloadAssembly (128ms)
		ExecutionOrderSort (0ms)
		DisableScriptedObjects (8ms)
		BackupInstance (0ms)
		ReleaseScriptingObjects (0ms)
		CreateAndSetChildDomain (22ms)
	RebuildCommonClasses (25ms)
	RebuildNativeTypeToScriptingClass (9ms)
	initialDomainReloadingComplete (20ms)
	LoadAllAssembliesAndSetupDomain (307ms)
		LoadAssemblies (257ms)
		RebuildTransferFunctionScriptingTraits (0ms)
		AnalyzeDomain (119ms)
			TypeCache.Refresh (90ms)
				TypeCache.ScanAssembly (78ms)
			BuildScriptInfoCaches (25ms)
			ResolveRequiredComponents (2ms)
	FinalizeReload (5439ms)
		ReleaseScriptCaches (0ms)
		RebuildScriptCaches (0ms)
		SetupLoadedEditorAssemblies (5365ms)
			LogAssemblyErrors (0ms)
			InitializePlatformSupportModulesInManaged (9ms)
			SetLoadedEditorAssemblies (3ms)
			BeforeProcessingInitializeOnLoad (84ms)
			ProcessInitializeOnLoadAttributes (221ms)
			ProcessInitializeOnLoadMethodAttributes (5044ms)
			AfterProcessingInitializeOnLoad (3ms)
			EditorAssembliesLoaded (0ms)
		ExecutionOrderSort2 (0ms)
		AwakeInstancesAfterBackupRestoration (7ms)
Refreshing native plugins compatible for Editor in 3.57 ms, found 3 plugins.
Preloading 0 native plugins for Editor in 0.00 ms.
Asset Pipeline Refresh (id=addfae99d83793244b72901ec722d84b): Total: 7.600 seconds - Initiated by InitialRefreshV2(ForceSynchronousImport)
	Summary:
		Imports: total=1 (actual=1, local cache=0, cache server=0)
		Asset DB Process Time: managed=2 ms, native=5706 ms
		Asset DB Callback time: managed=95 ms, native=21 ms
		Scripting: domain reloads=1, domain reload time=490 ms, compile time=1263 ms, other=20 ms
		Project Asset Count: scripts=893, non-scripts=1021
		Asset File Changes: new=0, changed=2, moved=0, deleted=0
		Scan Filter Count: 0
	InvokeCustomDependenciesCallbacks: 0.001ms
	InvokePackagesCallback: 14.392ms
	ApplyChangesToAssetFolders: 0.443ms
	Scan: 94.932ms
	OnSourceAssetsModified: 0.934ms
	CategorizeAssetsWithTransientArtifact: 20.592ms
	ProcessAssetsWithTransientArtifactChanges: 28.633ms
	CategorizeAssets: 13.671ms
	ImportOutOfDateAssets: 5467.088ms (4188.975ms without children)
		ImportManagerImport: 14.357ms (3.427ms without children)
			ImportInProcess: 10.914ms
			UpdateCategorizedAssets: 0.016ms
		CompileScripts: 1262.652ms
		ReloadNativeAssets: 0.000ms
		UnloadImportedAssets: 0.160ms
		EnsureUptoDateAssetsAreRegisteredWithGuidPM: 0.209ms
		InitializingProgressBar: 0.001ms
		PostProcessAllAssetNotificationsAddChangedAssets: 0.000ms
		OnDemandSchedulerStart: 0.734ms
	PostProcessAllAssets: 98.629ms
	Hotreload: 4.354ms
	GatherAllCurrentPrimaryArtifactRevisions: 0.002ms
	UnloadStreamsBegin: 0.130ms
	PersistCurrentRevisions: 0.083ms
	UnloadStreamsEnd: 0.001ms
	GenerateScriptTypeHashes: 1.015ms
	Untracked: 1856.477ms

Application.AssetDatabase Initial Refresh End
Scanning for USB devices : 2.116ms
Initializing Unity extensions:
[MODES] ModeService[none].Initialize
[MODES] ModeService[none].LoadModes
[MODES] Loading mode Default (0) for mode-current-id-IronCrown
Unloading 4 Unused Serialized files (Serialized files now loaded: 0)
Unloading 3309 unused Assets / (2.1 MB). Loaded Objects now: 3773.
Memory consumption went from 114.3 MB to 112.2 MB.
Total: 8.068700 ms (FindLiveObjects: 0.204900 ms CreateObjectMapping: 0.120500 ms MarkObjects: 6.787100 ms  DeleteObjects: 0.954900 ms)

Unity is running with Administrator privileges, which is not supported. Unity executes scripts and binary libraries in your project that may originate from third party sources and potentially be harmful to your computer. Unity may also execute scripts and binary libraries that are still under development and not yet fully tested. Running Unity with Administrator privileges may lead to catastrophic consequences, including but not limited to accidental data loss, change of global system settings or even bricking your device.
Microsoft Media Foundation video decoding to texture disabled: graphics device is Null, only Direct3D 11 and Direct3D 12 (only on desktop) are supported for hardware-accelerated video decoding.
[Project] Loading completed in 9.404 seconds
	Project init time: 				9.085 seconds
		Template init time: 		0.000 seconds
		Package Manager init time: 		0.260 seconds
		Asset Database init time: 		0.411 seconds
		Global illumination init time: 	0.007 seconds
		Assemblies load time: 			0.585 seconds
		Unity extensions init time: 	0.003 seconds
		Asset Database refresh time: 	7.600 seconds
	Scene opening time: 			0.286 seconds
##utp:{"type":"ProjectInfo","version":2,"phase":"Immediate","time":1779977593231,"processId":27500,"projectLoad":9.4041758,"projectInit":9.0846756,"templateInit":0.0,"packageManagerInit":0.2601061,"assetDatabaseInit":0.4113781,"globalIlluminationInit":0.0068465,"assembliesLoad":0.5845988,"unityExtensionsInit":0.0027343,"assetDatabaseRefresh":7.600438,"sceneOpening":0.2860449}
##utp:{"type":"EditorInfo","version":2,"phase":"Immediate","time":1779977593231,"processId":27500,"editorVersion":"6000.0.76f1 (6f7f9e1c9e8a)","branch":"6000.0/staging","buildType":"Release","platform":"Windows"}
Asset Pipeline Refresh (id=f89f9b0531e7b4345b50ab7c060458eb): Total: 0.021 seconds - Initiated by RefreshV2(NoUpdateAssetOptions)
Running tests for ExecutionSettings with details:
targetPlatform = 
playerHeartbeatTimeout = 600
filters[0] = 
   Filter with settings:
   testMode = EditMode
   targetPlatform = 
   testNames = null
   groupNames = null
   categoryNames = null
   assemblyNames = null
ignoreTests = {}
featureFlags = null

UnityEngine.Debug:ExtractStackTraceNoAlloc (byte*,int,string)
UnityEngine.StackTraceUtility:ExtractStackTrace ()
UnityEngine.DebugLogHandler:Internal_Log (UnityEngine.LogType,UnityEngine.LogOption,string,UnityEngine.Object)
UnityEngine.DebugLogHandler:LogFormat (UnityEngine.LogType,UnityEngine.Object,string,object[])
UnityEngine.Logger:Log (UnityEngine.LogType,object)
UnityEngine.Debug:Log (object)
UnityEditor.TestTools.TestRunner.CommandLineTest.Executer:InitializeAndExecuteRun (string[]) (at ./Library/PackageCache/com.unity.test-framework@082c24152fd4/UnityEditor.TestRunner/CommandLineTest/Executer.cs:53)
UnityEditor.TestTools.TestRunner.CommandLineTest.TestStarter:InitializeAndExecuteRun () (at ./Library/PackageCache/com.unity.test-framework@082c24152fd4/UnityEditor.TestRunner/CommandLineTest/TestStarter.cs:64)
UnityEditor.EditorApplication:Internal_CallUpdateFunctions ()

(Filename: ./Library/PackageCache/com.unity.test-framework@082c24152fd4/UnityEditor.TestRunner/CommandLineTest/Executer.cs Line: 53)

Start importing Assets/Resources/BillingMode.json using Guid(f7296e0e7c949564e8d6346e65566b02) (TextScriptImporter) -> (artifact id: 'b6d46db08e84183911d95389994a1bd7') in 0.0062143 seconds
Refreshing native plugins compatible for Editor in 3.15 ms, found 3 plugins.
Preloading 0 native plugins for Editor in 0.00 ms.
Asset Pipeline Refresh (id=242dc192322ef2048a9fa067d88ef40a): Total: 0.037 seconds - Initiated by StopAssetImportingV2(NoUpdateAssetOptions)
[API Updater] Processing imported assemblies took 36 ms (5/5 assembly(ies)).
Filename: C:\Program Files\Unity\Hub\Editor\6000.0.76f1\Editor\Data\NetCoreRuntime\dotnet.exe
Arguments: "C:/Program Files/Unity/Hub/Editor/6000.0.76f1/Editor/Data/Tools/Compilation/ApiUpdater/AssemblyUpdater.dll" update -a "Assets/MobileDependencyResolver/Editor/1.2.185/Google.PackageManagerResolver.dll" --output "C:/Users/ADMINI~1/AppData/Local/Temp/tmp7f3d982a.tmp" --api-version 6000.0.76f1  -s "C:\Program Files\Unity\Hub\Editor\6000.0.76f1\Editor\Data\NetStandard\ref\2.1.0;C:\Program Files\Unity\Hub\Editor\6000.0.76f1\Editor\Data\NetStandard\compat\2.1.0\shims\netstandard;C:\Program Files\Unity\Hub\Editor\6000.0.76f1\Editor\Data\NetStandard\compat\2.1.0\shims\netfx;+E:/IronCrown/Assets;+E:\IronCrown\Library\PackageCache\com.unity.2d.sprite@0eb6ea2c7181;+E:\IronCrown\Library\PackageCache\com.unity.2d.tilemap@10400206a301;+E:\IronCrown\Library\PackageCache\com.unity.ads@e89225828059;+E:\IronCrown\Library\PackageCache\com.unity.ai.navigation@734c2c4c5591;+E:\IronCrown\Library\PackageCache\com.unity.analytics@6cc66d58ac08;+E:\IronCrown\Library\PackageCache\com.unity.collab-proxy@0b1559bcd34e;+E:\IronCrown\Library\PackageCache\com.unity.ide.rider@4504839d03f7;+E:\IronCrown\Library\PackageCache\com.unity.ide.visualstudio@dc1ddd4f09b6;+E:\IronCrown\Library\PackageCache\com.unity.multiplayer.center@f3fb577b3546;+E:\IronCrown\Library\PackageCache\com.unity.nuget.newtonsoft-json@74deb55db2a0;+E:\IronCrown\Library\PackageCache\com.unity.purchasing@039fd41c6e81;+E:\IronCrown\Library\PackageCache\com.unity.test-framework@082c24152fd4;+E:\IronCrown\Library\PackageCache\com.unity.timeline@8cd8509afae5;+E:\IronCrown\Library\PackageCache\com.unity.ugui@52420b88ab53;+E:\IronCrown\Library\PackageCache\com.unity.xr.legacyinputhelpers@b7579e86f3b4;+E:\IronCrown\Library\PackageCache\jp.hadashikick.vcontainer@bfc5fcc02036;+E:\IronCrown\Library\PackageCache\com.unity.modules.accessibility;+E:\IronCrown\Library\PackageCache\com.unity.modules.ai;+E:\IronCrown\Library\PackageCache\com.unity.modules.androidjni;+E:\IronCrown\Library\PackageCache\com.unity.modules.animation;+E:\IronCrown\Library\PackageCache\com.unity.modules.assetbundle;+E:\IronCrown\Library\PackageCache\com.unity.modules.audio;+E:\IronCrown\Library\PackageCache\com.unity.modules.cloth;+E:\IronCrown\Library\PackageCache\com.unity.modules.director;+E:\IronCrown\Library\PackageCache\com.unity.modules.imageconversion;+E:\IronCrown\Library\PackageCache\com.unity.modules.imgui;+E:\IronCrown\Library\PackageCache\com.unity.modules.jsonserialize;+E:\IronCrown\Library\PackageCache\com.unity.modules.particlesystem;+E:\IronCrown\Library\PackageCache\com.unity.modules.physics;+E:\IronCrown\Library\PackageCache\com.unity.modules.physics2d;+E:\IronCrown\Library\PackageCache\com.unity.modules.screencapture;+E:\IronCrown\Library\PackageCache\com.unity.modules.terrain;+E:\IronCrown\Library\PackageCache\com.unity.modules.terrainphysics;+E:\IronCrown\Library\PackageCache\com.unity.modules.tilemap;+E:\IronCrown\Library\PackageCache\com.unity.modules.ui;+E:\IronCrown\Library\PackageCache\com.unity.modules.uielements;+E:\IronCrown\Library\PackageCache\com.unity.modules.umbra;+E:\IronCrown\Library\PackageCache\com.unity.modules.unityanalytics;+E:\IronCrown\Library\PackageCache\com.unity.modules.unitywebrequest;+E:\IronCrown\Library\PackageCache\com.unity.modules.unitywebrequestassetbundle;+E:\IronCrown\Library\PackageCache\com.unity.modules.unitywebrequestaudio;+E:\IronCrown\Library\PackageCache\com.unity.modules.unitywebrequesttexture;+E:\IronCrown\Library\PackageCache\com.unity.modules.unitywebrequestwww;+E:\IronCrown\Library\PackageCache\com.unity.modules.vehicles;+E:\IronCrown\Library\PackageCache\com.unity.modules.video;+E:\IronCrown\Library\PackageCache\com.unity.modules.vr;+E:\IronCrown\Library\PackageCache\com.unity.modules.wind;+E:\IronCrown\Library\PackageCache\com.unity.modules.xr;+E:\IronCrown\Library\PackageCache\com.unity.modules.subsystems;+E:\IronCrown\Library\PackageCache\com.unity.modules.hierarchycore;+E:\IronCrown\Library\PackageCache\com.unity.ext.nunit@031a54704bff;+E:\IronCrown\Library\PackageCache\com.unity.services.core@8ba50f624741;+E:\IronCrown\Library\PackageCache\com.unity.services.analytics@cde4e6cf92f9;+C:\Program Files\Unity\Hub\Editor\6000.0.76f1\Editor\Data\Managed" "C:/Program Files/Unity/Hub/Editor/6000.0.76f1/Editor/Data/Managed/UnityEditor.dll" "C:/Program Files/Unity/Hub/Editor/6000.0.76f1/Editor/Data/Managed/UnityEngine.dll"
Filename: C:\Program Files\Unity\Hub\Editor\6000.0.76f1\Editor\Data\NetCoreRuntime\dotnet.exe
Arguments: "C:/Program Files/Unity/Hub/Editor/6000.0.76f1/Editor/Data/Tools/Compilation/ApiUpdater/AssemblyUpdater.dll" update -a "Assets/MobileDependencyResolver/Editor/Google.VersionHandler.dll" --output "C:/Users/ADMINI~1/AppData/Local/Temp/tmp305591c7.tmp" --api-version 6000.0.76f1  -s "C:\Program Files\Unity\Hub\Editor\6000.0.76f1\Editor\Data\NetStandard\ref\2.1.0;C:\Program Files\Unity\Hub\Editor\6000.0.76f1\Editor\Data\NetStandard\compat\2.1.0\shims\netstandard;C:\Program Files\Unity\Hub\Editor\6000.0.76f1\Editor\Data\NetStandard\compat\2.1.0\shims\netfx;+E:/IronCrown/Assets;+E:\IronCrown\Library\PackageCache\com.unity.2d.sprite@0eb6ea2c7181;+E:\IronCrown\Library\PackageCache\com.unity.2d.tilemap@10400206a301;+E:\IronCrown\Library\PackageCache\com.unity.ads@e89225828059;+E:\IronCrown\Library\PackageCache\com.unity.ai.navigation@734c2c4c5591;+E:\IronCrown\Library\PackageCache\com.unity.analytics@6cc66d58ac08;+E:\IronCrown\Library\PackageCache\com.unity.collab-proxy@0b1559bcd34e;+E:\IronCrown\Library\PackageCache\com.unity.ide.rider@4504839d03f7;+E:\IronCrown\Library\PackageCache\com.unity.ide.visualstudio@dc1ddd4f09b6;+E:\IronCrown\Library\PackageCache\com.unity.multiplayer.center@f3fb577b3546;+E:\IronCrown\Library\PackageCache\com.unity.nuget.newtonsoft-json@74deb55db2a0;+E:\IronCrown\Library\PackageCache\com.unity.purchasing@039fd41c6e81;+E:\IronCrown\Library\PackageCache\com.unity.test-framework@082c24152fd4;+E:\IronCrown\Library\PackageCache\com.unity.timeline@8cd8509afae5;+E:\IronCrown\Library\PackageCache\com.unity.ugui@52420b88ab53;+E:\IronCrown\Library\PackageCache\com.unity.xr.legacyinputhelpers@b7579e86f3b4;+E:\IronCrown\Library\PackageCache\jp.hadashikick.vcontainer@bfc5fcc02036;+E:\IronCrown\Library\PackageCache\com.unity.modules.accessibility;+E:\IronCrown\Library\PackageCache\com.unity.modules.ai;+E:\IronCrown\Library\PackageCache\com.unity.modules.androidjni;+E:\IronCrown\Library\PackageCache\com.unity.modules.animation;+E:\IronCrown\Library\PackageCache\com.unity.modules.assetbundle;+E:\IronCrown\Library\PackageCache\com.unity.modules.audio;+E:\IronCrown\Library\PackageCache\com.unity.modules.cloth;+E:\IronCrown\Library\PackageCache\com.unity.modules.director;+E:\IronCrown\Library\PackageCache\com.unity.modules.imageconversion;+E:\IronCrown\Library\PackageCache\com.unity.modules.imgui;+E:\IronCrown\Library\PackageCache\com.unity.modules.jsonserialize;+E:\IronCrown\Library\PackageCache\com.unity.modules.particlesystem;+E:\IronCrown\Library\PackageCache\com.unity.modules.physics;+E:\IronCrown\Library\PackageCache\com.unity.modules.physics2d;+E:\IronCrown\Library\PackageCache\com.unity.modules.screencapture;+E:\IronCrown\Library\PackageCache\com.unity.modules.terrain;+E:\IronCrown\Library\PackageCache\com.unity.modules.terrainphysics;+E:\IronCrown\Library\PackageCache\com.unity.modules.tilemap;+E:\IronCrown\Library\PackageCache\com.unity.modules.ui;+E:\IronCrown\Library\PackageCache\com.unity.modules.uielements;+E:\IronCrown\Library\PackageCache\com.unity.modules.umbra;+E:\IronCrown\Library\PackageCache\com.unity.modules.unityanalytics;+E:\IronCrown\Library\PackageCache\com.unity.modules.unitywebrequest;+E:\IronCrown\Library\PackageCache\com.unity.modules.unitywebrequestassetbundle;+E:\IronCrown\Library\PackageCache\com.unity.modules.unitywebrequestaudio;+E:\IronCrown\Library\PackageCache\com.unity.modules.unitywebrequesttexture;+E:\IronCrown\Library\PackageCache\com.unity.modules.unitywebrequestwww;+E:\IronCrown\Library\PackageCache\com.unity.modules.vehicles;+E:\IronCrown\Library\PackageCache\com.unity.modules.video;+E:\IronCrown\Library\PackageCache\com.unity.modules.vr;+E:\IronCrown\Library\PackageCache\com.unity.modules.wind;+E:\IronCrown\Library\PackageCache\com.unity.modules.xr;+E:\IronCrown\Library\PackageCache\com.unity.modules.subsystems;+E:\IronCrown\Library\PackageCache\com.unity.modules.hierarchycore;+E:\IronCrown\Library\PackageCache\com.unity.ext.nunit@031a54704bff;+E:\IronCrown\Library\PackageCache\com.unity.services.core@8ba50f624741;+E:\IronCrown\Library\PackageCache\com.unity.services.analytics@cde4e6cf92f9;+C:\Program Files\Unity\Hub\Editor\6000.0.76f1\Editor\Data\Managed" "C:/Program Files/Unity/Hub/Editor/6000.0.76f1/Editor/Data/Managed/UnityEditor.dll" "C:/Program Files/Unity/Hub/Editor/6000.0.76f1/Editor/Data/Managed/UnityEngine.dll"
Filename: C:\Program Files\Unity\Hub\Editor\6000.0.76f1\Editor\Data\NetCoreRuntime\dotnet.exe
Arguments: "C:/Program Files/Unity/Hub/Editor/6000.0.76f1/Editor/Data/Tools/Compilation/ApiUpdater/AssemblyUpdater.dll" update -a "Assets/MobileDependencyResolver/Editor/1.2.185/Google.IOSResolver.dll" --output "C:/Users/ADMINI~1/AppData/Local/Temp/tmp3018790a.tmp" --api-version 6000.0.76f1  -s "C:\Program Files\Unity\Hub\Editor\6000.0.76f1\Editor\Data\NetStandard\ref\2.1.0;C:\Program Files\Unity\Hub\Editor\6000.0.76f1\Editor\Data\NetStandard\compat\2.1.0\shims\netstandard;C:\Program Files\Unity\Hub\Editor\6000.0.76f1\Editor\Data\NetStandard\compat\2.1.0\shims\netfx;+E:/IronCrown/Assets;+E:\IronCrown\Library\PackageCache\com.unity.2d.sprite@0eb6ea2c7181;+E:\IronCrown\Library\PackageCache\com.unity.2d.tilemap@10400206a301;+E:\IronCrown\Library\PackageCache\com.unity.ads@e89225828059;+E:\IronCrown\Library\PackageCache\com.unity.ai.navigation@734c2c4c5591;+E:\IronCrown\Library\PackageCache\com.unity.analytics@6cc66d58ac08;+E:\IronCrown\Library\PackageCache\com.unity.collab-proxy@0b1559bcd34e;+E:\IronCrown\Library\PackageCache\com.unity.ide.rider@4504839d03f7;+E:\IronCrown\Library\PackageCache\com.unity.ide.visualstudio@dc1ddd4f09b6;+E:\IronCrown\Library\PackageCache\com.unity.multiplayer.center@f3fb577b3546;+E:\IronCrown\Library\PackageCache\com.unity.nuget.newtonsoft-json@74deb55db2a0;+E:\IronCrown\Library\PackageCache\com.unity.purchasing@039fd41c6e81;+E:\IronCrown\Library\PackageCache\com.unity.test-framework@082c24152fd4;+E:\IronCrown\Library\PackageCache\com.unity.timeline@8cd8509afae5;+E:\IronCrown\Library\PackageCache\com.unity.ugui@52420b88ab53;+E:\IronCrown\Library\PackageCache\com.unity.xr.legacyinputhelpers@b7579e86f3b4;+E:\IronCrown\Library\PackageCache\jp.hadashikick.vcontainer@bfc5fcc02036;+E:\IronCrown\Library\PackageCache\com.unity.modules.accessibility;+E:\IronCrown\Library\PackageCache\com.unity.modules.ai;+E:\IronCrown\Library\PackageCache\com.unity.modules.androidjni;+E:\IronCrown\Library\PackageCache\com.unity.modules.animation;+E:\IronCrown\Library\PackageCache\com.unity.modules.assetbundle;+E:\IronCrown\Library\PackageCache\com.unity.modules.audio;+E:\IronCrown\Library\PackageCache\com.unity.modules.cloth;+E:\IronCrown\Library\PackageCache\com.unity.modules.director;+E:\IronCrown\Library\PackageCache\com.unity.modules.imageconversion;+E:\IronCrown\Library\PackageCache\com.unity.modules.imgui;+E:\IronCrown\Library\PackageCache\com.unity.modules.jsonserialize;+E:\IronCrown\Library\PackageCache\com.unity.modules.particlesystem;+E:\IronCrown\Library\PackageCache\com.unity.modules.physics;+E:\IronCrown\Library\PackageCache\com.unity.modules.physics2d;+E:\IronCrown\Library\PackageCache\com.unity.modules.screencapture;+E:\IronCrown\Library\PackageCache\com.unity.modules.terrain;+E:\IronCrown\Library\PackageCache\com.unity.modules.terrainphysics;+E:\IronCrown\Library\PackageCache\com.unity.modules.tilemap;+E:\IronCrown\Library\PackageCache\com.unity.modules.ui;+E:\IronCrown\Library\PackageCache\com.unity.modules.uielements;+E:\IronCrown\Library\PackageCache\com.unity.modules.umbra;+E:\IronCrown\Library\PackageCache\com.unity.modules.unityanalytics;+E:\IronCrown\Library\PackageCache\com.unity.modules.unitywebrequest;+E:\IronCrown\Library\PackageCache\com.unity.modules.unitywebrequestassetbundle;+E:\IronCrown\Library\PackageCache\com.unity.modules.unitywebrequestaudio;+E:\IronCrown\Library\PackageCache\com.unity.modules.unitywebrequesttexture;+E:\IronCrown\Library\PackageCache\com.unity.modules.unitywebrequestwww;+E:\IronCrown\Library\PackageCache\com.unity.modules.vehicles;+E:\IronCrown\Library\PackageCache\com.unity.modules.video;+E:\IronCrown\Library\PackageCache\com.unity.modules.vr;+E:\IronCrown\Library\PackageCache\com.unity.modules.wind;+E:\IronCrown\Library\PackageCache\com.unity.modules.xr;+E:\IronCrown\Library\PackageCache\com.unity.modules.subsystems;+E:\IronCrown\Library\PackageCache\com.unity.modules.hierarchycore;+E:\IronCrown\Library\PackageCache\com.unity.ext.nunit@031a54704bff;+E:\IronCrown\Library\PackageCache\com.unity.services.core@8ba50f624741;+E:\IronCrown\Library\PackageCache\com.unity.services.analytics@cde4e6cf92f9;+C:\Program Files\Unity\Hub\Editor\6000.0.76f1\Editor\Data\Managed" "C:/Program Files/Unity/Hub/Editor/6000.0.76f1/Editor/Data/Managed/UnityEditor.dll" "C:/Program Files/Unity/Hub/Editor/6000.0.76f1/Editor/Data/Managed/UnityEngine.dll"
Filename: C:\Program Files\Unity\Hub\Editor\6000.0.76f1\Editor\Data\NetCoreRuntime\dotnet.exe
Arguments: "C:/Program Files/Unity/Hub/Editor/6000.0.76f1/Editor/Data/Tools/Compilation/ApiUpdater/AssemblyUpdater.dll" update -a "Assets/MobileDependencyResolver/Editor/1.2.185/Google.JarResolver.dll" --output "C:/Users/ADMINI~1/AppData/Local/Temp/tmp2cf9ad3a.tmp" --api-version 6000.0.76f1  -s "C:\Program Files\Unity\Hub\Editor\6000.0.76f1\Editor\Data\NetStandard\ref\2.1.0;C:\Program Files\Unity\Hub\Editor\6000.0.76f1\Editor\Data\NetStandard\compat\2.1.0\shims\netstandard;C:\Program Files\Unity\Hub\Editor\6000.0.76f1\Editor\Data\NetStandard\compat\2.1.0\shims\netfx;+E:/IronCrown/Assets;+E:\IronCrown\Library\PackageCache\com.unity.2d.sprite@0eb6ea2c7181;+E:\IronCrown\Library\PackageCache\com.unity.2d.tilemap@10400206a301;+E:\IronCrown\Library\PackageCache\com.unity.ads@e89225828059;+E:\IronCrown\Library\PackageCache\com.unity.ai.navigation@734c2c4c5591;+E:\IronCrown\Library\PackageCache\com.unity.analytics@6cc66d58ac08;+E:\IronCrown\Library\PackageCache\com.unity.collab-proxy@0b1559bcd34e;+E:\IronCrown\Library\PackageCache\com.unity.ide.rider@4504839d03f7;+E:\IronCrown\Library\PackageCache\com.unity.ide.visualstudio@dc1ddd4f09b6;+E:\IronCrown\Library\PackageCache\com.unity.multiplayer.center@f3fb577b3546;+E:\IronCrown\Library\PackageCache\com.unity.nuget.newtonsoft-json@74deb55db2a0;+E:\IronCrown\Library\PackageCache\com.unity.purchasing@039fd41c6e81;+E:\IronCrown\Library\PackageCache\com.unity.test-framework@082c24152fd4;+E:\IronCrown\Library\PackageCache\com.unity.timeline@8cd8509afae5;+E:\IronCrown\Library\PackageCache\com.unity.ugui@52420b88ab53;+E:\IronCrown\Library\PackageCache\com.unity.xr.legacyinputhelpers@b7579e86f3b4;+E:\IronCrown\Library\PackageCache\jp.hadashikick.vcontainer@bfc5fcc02036;+E:\IronCrown\Library\PackageCache\com.unity.modules.accessibility;+E:\IronCrown\Library\PackageCache\com.unity.modules.ai;+E:\IronCrown\Library\PackageCache\com.unity.modules.androidjni;+E:\IronCrown\Library\PackageCache\com.unity.modules.animation;+E:\IronCrown\Library\PackageCache\com.unity.modules.assetbundle;+E:\IronCrown\Library\PackageCache\com.unity.modules.audio;+E:\IronCrown\Library\PackageCache\com.unity.modules.cloth;+E:\IronCrown\Library\PackageCache\com.unity.modules.director;+E:\IronCrown\Library\PackageCache\com.unity.modules.imageconversion;+E:\IronCrown\Library\PackageCache\com.unity.modules.imgui;+E:\IronCrown\Library\PackageCache\com.unity.modules.jsonserialize;+E:\IronCrown\Library\PackageCache\com.unity.modules.particlesystem;+E:\IronCrown\Library\PackageCache\com.unity.modules.physics;+E:\IronCrown\Library\PackageCache\com.unity.modules.physics2d;+E:\IronCrown\Library\PackageCache\com.unity.modules.screencapture;+E:\IronCrown\Library\PackageCache\com.unity.modules.terrain;+E:\IronCrown\Library\PackageCache\com.unity.modules.terrainphysics;+E:\IronCrown\Library\PackageCache\com.unity.modules.tilemap;+E:\IronCrown\Library\PackageCache\com.unity.modules.ui;+E:\IronCrown\Library\PackageCache\com.unity.modules.uielements;+E:\IronCrown\Library\PackageCache\com.unity.modules.umbra;+E:\IronCrown\Library\PackageCache\com.unity.modules.unityanalytics;+E:\IronCrown\Library\PackageCache\com.unity.modules.unitywebrequest;+E:\IronCrown\Library\PackageCache\com.unity.modules.unitywebrequestassetbundle;+E:\IronCrown\Library\PackageCache\com.unity.modules.unitywebrequestaudio;+E:\IronCrown\Library\PackageCache\com.unity.modules.unitywebrequesttexture;+E:\IronCrown\Library\PackageCache\com.unity.modules.unitywebrequestwww;+E:\IronCrown\Library\PackageCache\com.unity.modules.vehicles;+E:\IronCrown\Library\PackageCache\com.unity.modules.video;+E:\IronCrown\Library\PackageCache\com.unity.modules.vr;+E:\IronCrown\Library\PackageCache\com.unity.modules.wind;+E:\IronCrown\Library\PackageCache\com.unity.modules.xr;+E:\IronCrown\Library\PackageCache\com.unity.modules.subsystems;+E:\IronCrown\Library\PackageCache\com.unity.modules.hierarchycore;+E:\IronCrown\Library\PackageCache\com.unity.ext.nunit@031a54704bff;+E:\IronCrown\Library\PackageCache\com.unity.services.core@8ba50f624741;+E:\IronCrown\Library\PackageCache\com.unity.services.analytics@cde4e6cf92f9;+C:\Program Files\Unity\Hub\Editor\6000.0.76f1\Editor\Data\Managed" "C:/Program Files/Unity/Hub/Editor/6000.0.76f1/Editor/Data/Managed/UnityEngine.dll" "C:/Program Files/Unity/Hub/Editor/6000.0.76f1/Editor/Data/Managed/UnityEditor.dll"
Filename: C:\Program Files\Unity\Hub\Editor\6000.0.76f1\Editor\Data\NetCoreRuntime\dotnet.exe
Arguments: "C:/Program Files/Unity/Hub/Editor/6000.0.76f1/Editor/Data/Tools/Compilation/ApiUpdater/AssemblyUpdater.dll" update -a "Assets/MobileDependencyResolver/Editor/1.2.185/Google.VersionHandlerImpl.dll" --output "C:/Users/ADMINI~1/AppData/Local/Temp/tmp1a372cc9.tmp" --api-version 6000.0.76f1  -s "C:\Program Files\Unity\Hub\Editor\6000.0.76f1\Editor\Data\NetStandard\ref\2.1.0;C:\Program Files\Unity\Hub\Editor\6000.0.76f1\Editor\Data\NetStandard\compat\2.1.0\shims\netstandard;C:\Program Files\Unity\Hub\Editor\6000.0.76f1\Editor\Data\NetStandard\compat\2.1.0\shims\netfx;+E:/IronCrown/Assets;+E:\IronCrown\Library\PackageCache\com.unity.2d.sprite@0eb6ea2c7181;+E:\IronCrown\Library\PackageCache\com.unity.2d.tilemap@10400206a301;+E:\IronCrown\Library\PackageCache\com.unity.ads@e89225828059;+E:\IronCrown\Library\PackageCache\com.unity.ai.navigation@734c2c4c5591;+E:\IronCrown\Library\PackageCache\com.unity.analytics@6cc66d58ac08;+E:\IronCrown\Library\PackageCache\com.unity.collab-proxy@0b1559bcd34e;+E:\IronCrown\Library\PackageCache\com.unity.ide.rider@4504839d03f7;+E:\IronCrown\Library\PackageCache\com.unity.ide.visualstudio@dc1ddd4f09b6;+E:\IronCrown\Library\PackageCache\com.unity.multiplayer.center@f3fb577b3546;+E:\IronCrown\Library\PackageCache\com.unity.nuget.newtonsoft-json@74deb55db2a0;+E:\IronCrown\Library\PackageCache\com.unity.purchasing@039fd41c6e81;+E:\IronCrown\Library\PackageCache\com.unity.test-framework@082c24152fd4;+E:\IronCrown\Library\PackageCache\com.unity.timeline@8cd8509afae5;+E:\IronCrown\Library\PackageCache\com.unity.ugui@52420b88ab53;+E:\IronCrown\Library\PackageCache\com.unity.xr.legacyinputhelpers@b7579e86f3b4;+E:\IronCrown\Library\PackageCache\jp.hadashikick.vcontainer@bfc5fcc02036;+E:\IronCrown\Library\PackageCache\com.unity.modules.accessibility;+E:\IronCrown\Library\PackageCache\com.unity.modules.ai;+E:\IronCrown\Library\PackageCache\com.unity.modules.androidjni;+E:\IronCrown\Library\PackageCache\com.unity.modules.animation;+E:\IronCrown\Library\PackageCache\com.unity.modules.assetbundle;+E:\IronCrown\Library\PackageCache\com.unity.modules.audio;+E:\IronCrown\Library\PackageCache\com.unity.modules.cloth;+E:\IronCrown\Library\PackageCache\com.unity.modules.director;+E:\IronCrown\Library\PackageCache\com.unity.modules.imageconversion;+E:\IronCrown\Library\PackageCache\com.unity.modules.imgui;+E:\IronCrown\Library\PackageCache\com.unity.modules.jsonserialize;+E:\IronCrown\Library\PackageCache\com.unity.modules.particlesystem;+E:\IronCrown\Library\PackageCache\com.unity.modules.physics;+E:\IronCrown\Library\PackageCache\com.unity.modules.physics2d;+E:\IronCrown\Library\PackageCache\com.unity.modules.screencapture;+E:\IronCrown\Library\PackageCache\com.unity.modules.terrain;+E:\IronCrown\Library\PackageCache\com.unity.modules.terrainphysics;+E:\IronCrown\Library\PackageCache\com.unity.modules.tilemap;+E:\IronCrown\Library\PackageCache\com.unity.modules.ui;+E:\IronCrown\Library\PackageCache\com.unity.modules.uielements;+E:\IronCrown\Library\PackageCache\com.unity.modules.umbra;+E:\IronCrown\Library\PackageCache\com.unity.modules.unityanalytics;+E:\IronCrown\Library\PackageCache\com.unity.modules.unitywebrequest;+E:\IronCrown\Library\PackageCache\com.unity.modules.unitywebrequestassetbundle;+E:\IronCrown\Library\PackageCache\com.unity.modules.unitywebrequestaudio;+E:\IronCrown\Library\PackageCache\com.unity.modules.unitywebrequesttexture;+E:\IronCrown\Library\PackageCache\com.unity.modules.unitywebrequestwww;+E:\IronCrown\Library\PackageCache\com.unity.modules.vehicles;+E:\IronCrown\Library\PackageCache\com.unity.modules.video;+E:\IronCrown\Library\PackageCache\com.unity.modules.vr;+E:\IronCrown\Library\PackageCache\com.unity.modules.wind;+E:\IronCrown\Library\PackageCache\com.unity.modules.xr;+E:\IronCrown\Library\PackageCache\com.unity.modules.subsystems;+E:\IronCrown\Library\PackageCache\com.unity.modules.hierarchycore;+E:\IronCrown\Library\PackageCache\com.unity.ext.nunit@031a54704bff;+E:\IronCrown\Library\PackageCache\com.unity.services.core@8ba50f624741;+E:\IronCrown\Library\PackageCache\com.unity.services.analytics@cde4e6cf92f9;+C:\Program Files\Unity\Hub\Editor\6000.0.76f1\Editor\Data\Managed" "C:/Program Files/Unity/Hub/Editor/6000.0.76f1/Editor/Data/Managed/UnityEditor.dll" "C:/Program Files/Unity/Hub/Editor/6000.0.76f1/Editor/Data/Managed/UnityEngine.dll"
[API Updater] Assemblies not requiring updates:
[API Updater] Assets/MobileDependencyResolver/Editor/1.2.185/Google.VersionHandlerImpl.dll
[API Updater] Assets/MobileDependencyResolver/Editor/1.2.185/Google.JarResolver.dll
[API Updater] Assets/MobileDependencyResolver/Editor/Google.VersionHandler.dll
[API Updater] Assets/MobileDependencyResolver/Editor/1.2.185/Google.IOSResolver.dll
[API Updater] Assets/MobileDependencyResolver/Editor/1.2.185/Google.PackageManagerResolver.dll
[API Updater] Update finished with success in 1844 ms (0/5 assembly(ies) updated).
Assembly Updater Post Process Assets time: 1.883064s
[ScriptCompilation] Requested script compilation because: Assetdatabase observed changes in script compilation related files
AssetDatabase: script compilation time: 0.000267s
info: Microsoft.AspNetCore.Hosting.Diagnostics[1]
      Request starting HTTP/2 POST http://ilpp/UnityILPP.PostProcessing/Ping application/grpc -
info: Microsoft.AspNetCore.Routing.EndpointMiddleware[0]
      Executing endpoint 'gRPC - /UnityILPP.PostProcessing/Ping'
info: Microsoft.AspNetCore.Routing.EndpointMiddleware[1]
      Executed endpoint 'gRPC - /UnityILPP.PostProcessing/Ping'
info: Microsoft.AspNetCore.Hosting.Diagnostics[2]
      Request finished HTTP/2 POST http://ilpp/UnityILPP.PostProcessing/Ping application/grpc - - 200 - application/grpc 0.9558ms
Starting: C:\Program Files\Unity\Hub\Editor\6000.0.76f1\Editor\Data\bee_backend.exe --ipc --defer-dag-verification --dagfile="Library/Bee/1900b0aE.dag" --continue-on-failure --profile="Library/Bee/backend1.traceevents" ScriptAssemblies
WorkingDir: E:/IronCrown
Starting: C:\Program Files\Unity\Hub\Editor\6000.0.76f1\Editor\Data\Tools\netcorerun\netcorerun.exe "C:\Program Files\Unity\Hub\Editor\6000.0.76f1\Editor\Data\Tools\BuildPipeline\ScriptCompilationBuildProgram.exe" "Library/Bee/1900b0aE.dag.json" "Library/Bee/1900b0aE-inputdata.json" "Library\Bee\buildprogram0.traceevents"
WorkingDir: E:/IronCrown
ExitCode: 4 Duration: 0s113ms
Rebuilding DAG because FileSignature timestamp changed: Library/Bee/1900b0aE-inputdata.json
*** Tundra requires additional run (0.09 seconds), 0 items updated, 753 evaluated
ExitCode: 0 Duration: 0s300ms
Starting: C:\Program Files\Unity\Hub\Editor\6000.0.76f1\Editor\Data\bee_backend.exe --ipc --defer-dag-verification --dagfile="Library/Bee/1900b0aE.dag" --continue-on-failure --dagfilejson="Library\Bee\1900b0aE.dag.json" --profile="Library/Bee/backend2.traceevents" ScriptAssemblies
WorkingDir: E:/IronCrown
ExitCode: 0 Duration: 3s441ms
Finished compiling graph: 756 nodes, 12177 flattened edges (11169 ToBuild, 146 ToUse), maximum node priority 511
[211/753    0s] WriteText Library/Bee/artifacts/1900b0aE.dag/UnityEditor.UI.rsp
[212/753    0s] WriteText Library/Bee/artifacts/1900b0aE.dag/Unity.Services.Core.Device.rsp
[217/753    0s] WriteText Library/Bee/artifacts/1900b0aE.dag/Unity.Services.Core.Networking.rsp
[219/753    0s] WriteText Library/Bee/artifacts/1900b0aE.dag/UnityEngine.UI.rsp
[220/753    0s] WriteText Library/Bee/artifacts/1900b0aE.dag/Unity.Services.Core.Configuration.Editor.rsp
[225/753    0s] WriteText Library/Bee/artifacts/1900b0aE.dag/Unity.Services.Core.Components.rsp
[226/753    0s] WriteText Library/Bee/artifacts/1900b0aE.dag/Unity.Services.Core.Telemetry.rsp
[227/753    0s] WriteText Library/Bee/artifacts/1900b0aE.dag/Purchasing.Common.rsp
[232/753    0s] WriteText Library/Bee/artifacts/1900b0aE.dag/UnityEngine.Purchasing.SecurityCore.rsp
[241/753    0s] WriteText Library/Bee/artifacts/1900b0aE.dag/Unity.Services.Core.rsp
[242/753    0s] WriteText Library/Bee/artifacts/1900b0aE.dag/Unity.Services.Core.Internal.rsp
[249/753    0s] WriteText Library/Bee/artifacts/1900b0aE.dag/IronCrown.Domain.rsp
[250/753    0s] WriteText Library/Bee/artifacts/1900b0aE.dag/Unity.Services.Core.Configuration.rsp
[251/753    0s] WriteText Library/Bee/artifacts/1900b0aE.dag/Unity.Services.Core.Environments.rsp
[253/753    0s] WriteText Library/Bee/artifacts/1900b0aE.dag/UnityEngine.Purchasing.AppleMacosStub.rsp
[278/753    0s] WriteText Library/Bee/artifacts/1900b0aE.dag/Unity.Services.Core.Scheduler.rsp
[285/753    0s] WriteText Library/Bee/artifacts/1900b0aE.dag/UnityEngine.Purchasing.SecurityStub.rsp
[286/753    0s] WriteText Library/Bee/artifacts/1900b0aE.dag/UnityEngine.Purchasing.WinRTStub.rsp
[287/753    0s] WriteText Library/Bee/artifacts/1900b0aE.dag/UnityEngine.Purchasing.AppleStub.rsp
[289/753    0s] WriteText Library/Bee/artifacts/1900b0aE.dag/Unity.Services.Core.Threading.rsp
[290/753    0s] WriteText Library/Bee/artifacts/1900b0aE.dag/Unity.Services.Core.Registration.rsp
[291/753    0s] WriteText Library/Bee/artifacts/1900b0aE.dag/UnityEngine.Purchasing.rsp
[292/753    0s] WriteText Library/Bee/artifacts/1900b0aE.dag/UnityEngine.SpatialTracking.rsp
[300/753    0s] WriteText Library/Bee/artifacts/1900b0aE.dag/Unity.Services.Core.Editor.rsp
[301/753    0s] WriteText Library/Bee/artifacts/1900b0aE.dag/Unity.AI.Navigation.rsp
[310/753    0s] WriteText Library/Bee/artifacts/1900b0aE.dag/IronCrown.Application.rsp
[311/753    0s] WriteText Library/Bee/artifacts/1900b0aE.dag/UnityEngine.Purchasing.WinRTCore.rsp
[321/753    0s] WriteText Library/Bee/artifacts/1900b0aE.dag/Unity.Timeline.rsp
[325/753    0s] WriteText Library/Bee/artifacts/1900b0aE.dag/Unity.AI.Navigation.Editor.ConversionSystem.rsp
[327/753    0s] WriteText Library/Bee/artifacts/1900b0aE.dag/IronCrown.Simulation.rsp
[375/753    0s] WriteText Library/Bee/artifacts/1900b0aE.dag/UnityEngine.Purchasing.AppleCore.rsp
[377/753    0s] WriteText Library/Bee/artifacts/1900b0aE.dag/Unity.Services.Core.Environments.Editor.rsp
[381/753    0s] WriteText Library/Bee/artifacts/1900b0aE.dag/Unity.Services.Core.Environments.Internal.rsp
[383/753    0s] WriteText Library/Bee/artifacts/1900b0aE.dag/Unity.TextMeshPro.rsp
[395/753    0s] WriteText Library/Bee/artifacts/1900b0aE.dag/IronCrown.Infrastructure.rsp
[397/753    0s] WriteText Library/Bee/artifacts/1900b0aE.dag/Unity.AI.Navigation.Editor.rsp
[398/753    0s] WriteText Library/Bee/artifacts/1900b0aE.dag/UnityEngine.XR.LegacyInputHelpers.rsp
[399/753    0s] WriteText Library/Bee/artifacts/1900b0aE.dag/Unity.Multiplayer.Center.Common.rsp
[400/753    0s] WriteText Library/Bee/artifacts/1900b0aE.dag/UnityEngine.Purchasing.Codeless.rsp
[406/753    0s] WriteText Library/Bee/artifacts/1900b0aE.dag/Analytics.rsp
[411/753    0s] WriteText Library/Bee/artifacts/1900b0aE.dag/UnityEngine.Advertisements.rsp
[412/753    0s] WriteText Library/Bee/artifacts/1900b0aE.dag/Unity.Services.Core.Analytics.rsp
[416/753    0s] WriteText Library/Bee/artifacts/1900b0aE.dag/Unity.Analytics.DataPrivacy.rsp
[417/753    0s] WriteText Library/Bee/artifacts/1900b0aE.dag/IronCrown.Bootstrap.rsp
[418/753    0s] WriteText Library/Bee/artifacts/1900b0aE.dag/Unity.AI.Navigation.Updater.rsp
[419/753    0s] WriteText Library/Bee/artifacts/1900b0aE.dag/Unity.CollabProxy.Editor.rsp
[420/753    0s] WriteText Library/Bee/artifacts/1900b0aE.dag/Unity.Timeline.Editor.rsp
[421/753    0s] WriteText Library/Bee/artifacts/1900b0aE.dag/UnityEngine.Advertisements.Editor.rsp
[422/753    0s] WriteText Library/Bee/artifacts/1900b0aE.dag/Unity.2D.Tilemap.Editor.rsp
[423/753    0s] WriteText Library/Bee/artifacts/1900b0aE.dag/Unity.Services.Analytics.Editor.rsp
[424/753    0s] WriteText Library/Bee/artifacts/1900b0aE.dag/Unity.2D.Sprite.Editor.rsp
[425/753    0s] WriteText Library/Bee/artifacts/1900b0aE.dag/Unity.Multiplayer.Center.Editor.rsp
[426/753    0s] WriteText Library/Bee/artifacts/1900b0aE.dag/UnityEditor.UI.Analytics.rsp
[427/753    0s] WriteText Library/Bee/artifacts/1900b0aE.dag/IAPResolver.rsp
[428/753    0s] WriteText Library/Bee/artifacts/1900b0aE.dag/Unity.TextMeshPro.Editor.rsp
[429/753    0s] WriteText Library/Bee/artifacts/1900b0aE.dag/Unity.PlasticSCM.Editor.Entities.rsp
[430/753    0s] WriteText Library/Bee/artifacts/1900b0aE.dag/UnityEditor.XR.LegacyInputHelpers.rsp
[431/753    0s] WriteText Library/Bee/artifacts/1900b0aE.dag/UnityEditor.SpatialTracking.rsp
[436/753    0s] Csc Library/Bee/artifacts/1900b0aE.dag/IronCrown.Domain.dll (+2 others)
[437/753    0s] CopyFiles Library/ScriptAssemblies/IronCrown.Domain.pdb
[438/753    0s] CopyFiles Library/ScriptAssemblies/IronCrown.Domain.dll
[439/753    0s] Csc Library/Bee/artifacts/1900b0aE.dag/IronCrown.Simulation.dll (+2 others)
Assets\Scripts\Simulation\EconomyResolver.cs(41,19): warning CS0219: The variable 'efficiency' is assigned but its value is never used
[440/753    0s] CopyFiles Library/ScriptAssemblies/IronCrown.Simulation.pdb
[441/753    0s] CopyFiles Library/ScriptAssemblies/IronCrown.Simulation.dll
[442/753    0s] Csc Library/Bee/artifacts/1900b0aE.dag/IronCrown.Application.dll (+2 others)
[443/753    0s] CopyFiles Library/ScriptAssemblies/IronCrown.Application.pdb
[444/753    0s] Csc Library/Bee/artifacts/1900b0aE.dag/UnityEngine.UI.dll (+2 others)
[445/753    0s] CopyFiles Library/ScriptAssemblies/IronCrown.Application.dll
[           0s] Csc Library/Bee/artifacts/1900b0aE.dag/UnityEngine.UI.dll (+2 others) [CacheWrite 00000000000000000000000000000004]
[448/753    0s] CopyFiles Library/ScriptAssemblies/UnityEngine.UI.pdb
[449/753    0s] CopyFiles Library/ScriptAssemblies/UnityEngine.UI.dll
[450/753    0s] Csc Library/Bee/artifacts/1900b0aE.dag/UnityEditor.UI.dll (+2 others)
[           0s] Csc Library/Bee/artifacts/1900b0aE.dag/UnityEditor.UI.dll (+2 others) [CacheWrite 00000000000000000000000000000004]
[490/753    0s] CopyFiles Library/ScriptAssemblies/UnityEditor.UI.pdb
[491/753    0s] CopyFiles Library/ScriptAssemblies/UnityEditor.UI.dll
[512/753    0s] Csc Library/Bee/artifacts/1900b0aE.dag/IronCrown.Infrastructure.dll (+2 others)
[513/753    0s] CopyFiles Library/ScriptAssemblies/IronCrown.Infrastructure.dll
[514/753    0s] CopyFiles Library/ScriptAssemblies/IronCrown.Infrastructure.pdb
[515/753    0s] Csc Library/Bee/artifacts/1900b0aE.dag/UnityEngine.Purchasing.WinRTCore.dll (+2 others)
[516/753    0s] Csc Library/Bee/artifacts/1900b0aE.dag/Analytics.dll (+2 others)
[517/753    0s] Csc Library/Bee/artifacts/1900b0aE.dag/IAPResolver.dll (+2 others)
[518/753    0s] Csc Library/Bee/artifacts/1900b0aE.dag/Unity.Multiplayer.Center.Common.dll (+2 others)
[           0s] Csc Library/Bee/artifacts/1900b0aE.dag/UnityEngine.Purchasing.WinRTCore.dll (+2 others) [CacheWrite 00000000000000000000000000000004]
[521/753    0s] CopyFiles Library/ScriptAssemblies/UnityEngine.Purchasing.WinRTCore.dll
[522/753    0s] CopyFiles Library/ScriptAssemblies/UnityEngine.Purchasing.WinRTCore.pdb
[523/753    0s] Csc Library/Bee/artifacts/1900b0aE.dag/UnityEngine.Purchasing.SecurityCore.dll (+2 others)
[524/753    0s] Csc Library/Bee/artifacts/1900b0aE.dag/UnityEngine.Advertisements.Editor.dll (+2 others)
[525/753    0s] Csc Library/Bee/artifacts/1900b0aE.dag/Unity.Analytics.DataPrivacy.dll (+2 others)
[526/753    0s] Csc Library/Bee/artifacts/1900b0aE.dag/Unity.AI.Navigation.dll (+2 others)
[527/753    0s] Csc Library/Bee/artifacts/1900b0aE.dag/Unity.PlasticSCM.Editor.Entities.dll (+2 others)
[528/753    0s] Csc Library/Bee/artifacts/1900b0aE.dag/Unity.CollabProxy.Editor.dll (+2 others)
[529/753    0s] Csc Library/Bee/artifacts/1900b0aE.dag/Unity.Services.Core.dll (+2 others)
[530/753    0s] Csc Library/Bee/artifacts/1900b0aE.dag/Unity.AI.Navigation.Editor.ConversionSystem.dll (+2 others)
[531/753    0s] Csc Library/Bee/artifacts/1900b0aE.dag/UnityEngine.Advertisements.dll (+2 others)
[           0s] Csc Library/Bee/artifacts/1900b0aE.dag/Unity.Multiplayer.Center.Common.dll (+2 others) [CacheWrite 00000000000000000000000000000004]
[532/753    0s] Csc Library/Bee/artifacts/1900b0aE.dag/UnityEngine.SpatialTracking.dll (+2 others)
[           0s] Csc Library/Bee/artifacts/1900b0aE.dag/IAPResolver.dll (+2 others) [CacheWrite 00000000000000000000000000000004]
[           0s] Csc Library/Bee/artifacts/1900b0aE.dag/Analytics.dll (+2 others) [CacheWrite 00000000000000000000000000000004]
[           0s] Csc Library/Bee/artifacts/1900b0aE.dag/UnityEngine.Advertisements.Editor.dll (+2 others) [CacheWrite 00000000000000000000000000000004]
[           0s] Csc Library/Bee/artifacts/1900b0aE.dag/UnityEngine.Purchasing.SecurityCore.dll (+2 others) [CacheWrite 00000000000000000000000000000004]
[           0s] Csc Library/Bee/artifacts/1900b0aE.dag/Unity.Analytics.DataPrivacy.dll (+2 others) [CacheWrite 00000000000000000000000000000004]
[           0s] Csc Library/Bee/artifacts/1900b0aE.dag/Unity.AI.Navigation.dll (+2 others) [CacheWrite 00000000000000000000000000000004]
[535/753    0s] CopyFiles Library/ScriptAssemblies/Analytics.dll
[536/753    0s] CopyFiles Library/ScriptAssemblies/UnityEngine.Advertisements.Editor.dll
[537/753    0s] CopyFiles Library/ScriptAssemblies/IAPResolver.dll
[538/753    0s] CopyFiles Library/ScriptAssemblies/Analytics.pdb
[541/753    0s] CopyFiles Library/ScriptAssemblies/Unity.Analytics.DataPrivacy.pdb
[542/753    0s] CopyFiles Library/ScriptAssemblies/IAPResolver.pdb
[543/753    0s] CopyFiles Library/ScriptAssemblies/Unity.Multiplayer.Center.Common.dll
[545/753    0s] CopyFiles Library/ScriptAssemblies/UnityEngine.Advertisements.Editor.pdb
[546/753    0s] CopyFiles Library/ScriptAssemblies/Unity.AI.Navigation.pdb
[547/753    0s] CopyFiles Library/ScriptAssemblies/UnityEngine.Purchasing.SecurityCore.pdb
[548/753    0s] CopyFiles Library/ScriptAssemblies/Unity.Multiplayer.Center.Common.pdb
[           0s] Csc Library/Bee/artifacts/1900b0aE.dag/Unity.CollabProxy.Editor.dll (+2 others) [CacheWrite 00000000000000000000000000000004]
[549/753    0s] Csc Library/Bee/artifacts/1900b0aE.dag/Unity.Timeline.dll (+2 others)
[550/753    0s] Csc Library/Bee/artifacts/1900b0aE.dag/Unity.2D.Sprite.Editor.dll (+2 others)
[           0s] Csc Library/Bee/artifacts/1900b0aE.dag/Unity.Services.Core.dll (+2 others) [CacheWrite 00000000000000000000000000000004]
[           0s] Csc Library/Bee/artifacts/1900b0aE.dag/Unity.PlasticSCM.Editor.Entities.dll (+2 others) [CacheWrite 00000000000000000000000000000004]
[           0s] Csc Library/Bee/artifacts/1900b0aE.dag/UnityEngine.Advertisements.dll (+2 others) [CacheWrite 00000000000000000000000000000004]
[551/753    0s] CopyFiles Library/ScriptAssemblies/Unity.PlasticSCM.Editor.Entities.pdb
[552/753    0s] CopyFiles Library/ScriptAssemblies/Unity.CollabProxy.Editor.pdb
[556/753    0s] CopyFiles Library/ScriptAssemblies/Unity.Services.Core.pdb
[557/753    0s] CopyFiles Library/ScriptAssemblies/Unity.AI.Navigation.dll
[558/753    0s] CopyFiles Library/ScriptAssemblies/Unity.CollabProxy.Editor.dll
[559/753    0s] CopyFiles Library/ScriptAssemblies/UnityEngine.Advertisements.pdb
[560/753    0s] CopyFiles Library/ScriptAssemblies/UnityEngine.Purchasing.SecurityCore.dll
[561/753    0s] CopyFiles Library/ScriptAssemblies/Unity.PlasticSCM.Editor.Entities.dll
[562/753    0s] CopyFiles Library/ScriptAssemblies/Unity.Services.Core.dll
[563/753    0s] CopyFiles Library/ScriptAssemblies/UnityEngine.Advertisements.dll
[564/753    0s] CopyFiles Library/ScriptAssemblies/Unity.Analytics.DataPrivacy.dll
[           0s] Csc Library/Bee/artifacts/1900b0aE.dag/Unity.AI.Navigation.Editor.ConversionSystem.dll (+2 others) [CacheWrite 00000000000000000000000000000004]
[           0s] Csc Library/Bee/artifacts/1900b0aE.dag/UnityEngine.SpatialTracking.dll (+2 others) [CacheWrite 00000000000000000000000000000004]
[567/753    0s] CopyFiles Library/ScriptAssemblies/Unity.AI.Navigation.Editor.ConversionSystem.pdb
[571/753    0s] CopyFiles Library/ScriptAssemblies/UnityEngine.SpatialTracking.pdb
[572/753    0s] CopyFiles Library/ScriptAssemblies/UnityEngine.SpatialTracking.dll
[573/753    0s] CopyFiles Library/ScriptAssemblies/Unity.AI.Navigation.Editor.ConversionSystem.dll
[           0s] Csc Library/Bee/artifacts/1900b0aE.dag/Unity.Timeline.dll (+2 others) [CacheWrite 00000000000000000000000000000004]
[           0s] Csc Library/Bee/artifacts/1900b0aE.dag/Unity.2D.Sprite.Editor.dll (+2 others) [CacheWrite 00000000000000000000000000000004]
[574/753    0s] Csc Library/Bee/artifacts/1900b0aE.dag/IronCrown.Bootstrap.dll (+2 others)
[577/753    0s] CopyFiles Library/ScriptAssemblies/Unity.2D.Sprite.Editor.pdb
[578/753    0s] CopyFiles Library/ScriptAssemblies/Unity.Timeline.pdb
[579/753    0s] CopyFiles Library/ScriptAssemblies/Unity.Timeline.dll
[580/753    0s] CopyFiles Library/ScriptAssemblies/Unity.2D.Sprite.Editor.dll
[581/753    0s] CopyFiles Library/ScriptAssemblies/IronCrown.Bootstrap.pdb
[582/753    0s] CopyFiles Library/ScriptAssemblies/IronCrown.Bootstrap.dll
[583/753    0s] Csc Library/Bee/artifacts/1900b0aE.dag/UnityEngine.Purchasing.WinRTStub.dll (+2 others)
[           0s] Csc Library/Bee/artifacts/1900b0aE.dag/UnityEngine.Purchasing.WinRTStub.dll (+2 others) [CacheWrite 00000000000000000000000000000004]
[584/753    0s] Csc Library/Bee/artifacts/1900b0aE.dag/UnityEngine.Purchasing.SecurityStub.dll (+2 others)
[586/753    0s] CopyFiles Library/ScriptAssemblies/UnityEngine.Purchasing.WinRTStub.pdb
[587/753    0s] Csc Library/Bee/artifacts/1900b0aE.dag/Unity.2D.Tilemap.Editor.dll (+2 others)
[588/753    0s] Csc Library/Bee/artifacts/1900b0aE.dag/Unity.Services.Core.Analytics.dll (+2 others)
[           0s] Csc Library/Bee/artifacts/1900b0aE.dag/UnityEngine.Purchasing.SecurityStub.dll (+2 others) [CacheWrite 00000000000000000000000000000004]
[589/753    0s] Csc Library/Bee/artifacts/1900b0aE.dag/UnityEditor.SpatialTracking.dll (+2 others)
[590/753    0s] Csc Library/Bee/artifacts/1900b0aE.dag/Unity.TextMeshPro.dll (+2 others)
[592/753    0s] Csc Library/Bee/artifacts/1900b0aE.dag/Unity.Multiplayer.Center.Editor.dll (+2 others)
[593/753    0s] CopyFiles Library/ScriptAssemblies/UnityEngine.Purchasing.SecurityStub.pdb
[           0s] Csc Library/Bee/artifacts/1900b0aE.dag/Unity.Services.Core.Analytics.dll (+2 others) [CacheWrite 00000000000000000000000000000004]
[           0s] Csc Library/Bee/artifacts/1900b0aE.dag/Unity.2D.Tilemap.Editor.dll (+2 others) [CacheWrite 00000000000000000000000000000004]
[594/753    0s] CopyFiles Library/ScriptAssemblies/Unity.2D.Tilemap.Editor.pdb
[595/753    0s] CopyFiles Library/ScriptAssemblies/Unity.Services.Core.Analytics.pdb
[596/753    0s] Csc Library/Bee/artifacts/1900b0aE.dag/UnityEngine.XR.LegacyInputHelpers.dll (+2 others)
[597/753    0s] CopyFiles Library/ScriptAssemblies/Unity.2D.Tilemap.Editor.dll
[598/753    0s] CopyFiles Library/ScriptAssemblies/Unity.Services.Core.Analytics.dll
[599/753    0s] CopyFiles Library/ScriptAssemblies/UnityEngine.Purchasing.WinRTStub.dll
[600/753    0s] CopyFiles Library/ScriptAssemblies/UnityEngine.Purchasing.SecurityStub.dll
[           0s] Csc Library/Bee/artifacts/1900b0aE.dag/Unity.TextMeshPro.dll (+2 others) [CacheWrite 00000000000000000000000000000004]
[           0s] Csc Library/Bee/artifacts/1900b0aE.dag/UnityEditor.SpatialTracking.dll (+2 others) [CacheWrite 00000000000000000000000000000004]
[           0s] Csc Library/Bee/artifacts/1900b0aE.dag/Unity.Multiplayer.Center.Editor.dll (+2 others) [CacheWrite 00000000000000000000000000000004]
[604/753    0s] CopyFiles Library/ScriptAssemblies/UnityEditor.SpatialTracking.pdb
[605/753    0s] CopyFiles Library/ScriptAssemblies/Unity.TextMeshPro.pdb
[606/753    0s] CopyFiles Library/ScriptAssemblies/Unity.Multiplayer.Center.Editor.pdb
[607/753    0s] Csc Library/Bee/artifacts/1900b0aE.dag/Unity.Services.Core.Internal.dll (+2 others)
[608/753    0s] Csc Library/Bee/artifacts/1900b0aE.dag/Unity.AI.Navigation.Editor.dll (+2 others)
[           0s] Csc Library/Bee/artifacts/1900b0aE.dag/UnityEngine.XR.LegacyInputHelpers.dll (+2 others) [CacheWrite 00000000000000000000000000000004]
[611/753    0s] CopyFiles Library/ScriptAssemblies/UnityEngine.XR.LegacyInputHelpers.pdb
[612/753    0s] CopyFiles Library/ScriptAssemblies/Unity.TextMeshPro.dll
[613/753    0s] CopyFiles Library/ScriptAssemblies/UnityEditor.SpatialTracking.dll
[614/753    0s] CopyFiles Library/ScriptAssemblies/UnityEngine.XR.LegacyInputHelpers.dll
[615/753    0s] CopyFiles Library/ScriptAssemblies/Unity.Multiplayer.Center.Editor.dll
[           0s] Csc Library/Bee/artifacts/1900b0aE.dag/Unity.Services.Core.Internal.dll (+2 others) [CacheWrite 00000000000000000000000000000004]
[           0s] Csc Library/Bee/artifacts/1900b0aE.dag/Unity.AI.Navigation.Editor.dll (+2 others) [CacheWrite 00000000000000000000000000000004]
[633/753    0s] CopyFiles Library/ScriptAssemblies/Unity.AI.Navigation.Editor.pdb
[634/753    0s] CopyFiles Library/ScriptAssemblies/Unity.Services.Core.Internal.pdb
[635/753    0s] CopyFiles Library/ScriptAssemblies/Unity.Services.Core.Internal.dll
[636/753    0s] CopyFiles Library/ScriptAssemblies/Unity.AI.Navigation.Editor.dll
[637/753    0s] Csc Library/Bee/artifacts/1900b0aE.dag/UnityEditor.UI.Analytics.dll (+2 others)
[           0s] Csc Library/Bee/artifacts/1900b0aE.dag/UnityEditor.UI.Analytics.dll (+2 others) [CacheWrite 00000000000000000000000000000004]
[638/753    0s] CopyFiles Library/ScriptAssemblies/UnityEditor.UI.Analytics.pdb
[639/753    0s] CopyFiles Library/ScriptAssemblies/UnityEditor.UI.Analytics.dll
[640/753    0s] Csc Library/Bee/artifacts/1900b0aE.dag/UnityEditor.XR.LegacyInputHelpers.dll (+2 others)
[641/753    0s] Csc Library/Bee/artifacts/1900b0aE.dag/Unity.Services.Core.Environments.dll (+2 others)
[642/753    0s] Csc Library/Bee/artifacts/1900b0aE.dag/Unity.Services.Core.Environments.Internal.dll (+2 others)
[           0s] Csc Library/Bee/artifacts/1900b0aE.dag/Unity.Services.Core.Environments.dll (+2 others) [CacheWrite 00000000000000000000000000000004]
[           0s] Csc Library/Bee/artifacts/1900b0aE.dag/UnityEditor.XR.LegacyInputHelpers.dll (+2 others) [CacheWrite 00000000000000000000000000000004]
[643/753    0s] Csc Library/Bee/artifacts/1900b0aE.dag/Unity.AI.Navigation.Updater.dll (+2 others)
[644/753    0s] Csc Library/Bee/artifacts/1900b0aE.dag/Purchasing.Common.dll (+2 others)
[645/753    0s] Csc Library/Bee/artifacts/1900b0aE.dag/Unity.Services.Core.Device.dll (+2 others)
[649/753    0s] CopyFiles Library/ScriptAssemblies/Unity.Services.Core.Environments.pdb
[650/753    0s] CopyFiles Library/ScriptAssemblies/UnityEditor.XR.LegacyInputHelpers.pdb
[651/753    0s] Csc Library/Bee/artifacts/1900b0aE.dag/Unity.Services.Core.Telemetry.dll (+2 others)
[652/753    0s] CopyFiles Library/ScriptAssemblies/Unity.Services.Core.Environments.dll
[653/753    0s] CopyFiles Library/ScriptAssemblies/UnityEditor.XR.LegacyInputHelpers.dll
[654/753    0s] Csc Library/Bee/artifacts/1900b0aE.dag/Unity.Services.Core.Scheduler.dll (+2 others)
[655/753    0s] Csc Library/Bee/artifacts/1900b0aE.dag/Unity.Services.Core.Threading.dll (+2 others)
[656/753    0s] Csc Library/Bee/artifacts/1900b0aE.dag/Unity.Services.Core.Configuration.dll (+2 others)
[657/753    0s] Csc Library/Bee/artifacts/1900b0aE.dag/Unity.Services.Core.Networking.dll (+2 others)
[           0s] Csc Library/Bee/artifacts/1900b0aE.dag/Unity.Services.Core.Environments.Internal.dll (+2 others) [CacheWrite 00000000000000000000000000000004]
[           0s] Csc Library/Bee/artifacts/1900b0aE.dag/Unity.AI.Navigation.Updater.dll (+2 others) [CacheWrite 00000000000000000000000000000004]
[           0s] Csc Library/Bee/artifacts/1900b0aE.dag/Unity.Services.Core.Device.dll (+2 others) [CacheWrite 00000000000000000000000000000004]
[           0s] Csc Library/Bee/artifacts/1900b0aE.dag/Purchasing.Common.dll (+2 others) [CacheWrite 00000000000000000000000000000004]
[659/753    0s] CopyFiles Library/ScriptAssemblies/Unity.Services.Core.Environments.Internal.pdb
[660/753    0s] CopyFiles Library/ScriptAssemblies/Unity.Services.Core.Environments.Internal.dll
[           0s] Csc Library/Bee/artifacts/1900b0aE.dag/Unity.Services.Core.Telemetry.dll (+2 others) [CacheWrite 00000000000000000000000000000004]
[661/753    0s] CopyFiles Library/ScriptAssemblies/Unity.AI.Navigation.Updater.pdb
[663/753    0s] CopyFiles Library/ScriptAssemblies/Unity.AI.Navigation.Updater.dll
[664/753    0s] CopyFiles Library/ScriptAssemblies/Unity.Services.Core.Device.pdb
[           0s] Csc Library/Bee/artifacts/1900b0aE.dag/Unity.Services.Core.Scheduler.dll (+2 others) [CacheWrite 00000000000000000000000000000004]
[665/753    0s] CopyFiles Library/ScriptAssemblies/Purchasing.Common.pdb
[666/753    0s] CopyFiles Library/ScriptAssemblies/Unity.Services.Core.Device.dll
[           0s] Csc Library/Bee/artifacts/1900b0aE.dag/Unity.Services.Core.Threading.dll (+2 others) [CacheWrite 00000000000000000000000000000004]
[667/753    0s] CopyFiles Library/ScriptAssemblies/Purchasing.Common.dll
[669/753    0s] CopyFiles Library/ScriptAssemblies/Unity.Services.Core.Telemetry.pdb
[           0s] Csc Library/Bee/artifacts/1900b0aE.dag/Unity.Services.Core.Configuration.dll (+2 others) [CacheWrite 00000000000000000000000000000004]
[672/753    0s] CopyFiles Library/ScriptAssemblies/Unity.Services.Core.Telemetry.dll
[673/753    0s] CopyFiles Library/ScriptAssemblies/Unity.Services.Core.Scheduler.pdb
[674/753    0s] CopyFiles Library/ScriptAssemblies/Unity.Services.Core.Threading.pdb
[675/753    0s] CopyFiles Library/ScriptAssemblies/Unity.Services.Core.Scheduler.dll
[676/753    0s] CopyFiles Library/ScriptAssemblies/Unity.Services.Core.Threading.dll
[680/753    0s] CopyFiles Library/ScriptAssemblies/Unity.Services.Core.Configuration.pdb
[           0s] Csc Library/Bee/artifacts/1900b0aE.dag/Unity.Services.Core.Networking.dll (+2 others) [CacheWrite 00000000000000000000000000000004]
[681/753    0s] CopyFiles Library/ScriptAssemblies/Unity.Services.Core.Configuration.dll
[683/753    0s] CopyFiles Library/ScriptAssemblies/Unity.Services.Core.Networking.pdb
[684/753    0s] CopyFiles Library/ScriptAssemblies/Unity.Services.Core.Networking.dll
[685/753    0s] Csc Library/Bee/artifacts/1900b0aE.dag/Unity.TextMeshPro.Editor.dll (+2 others)
[686/753    0s] Csc Library/Bee/artifacts/1900b0aE.dag/Unity.Timeline.Editor.dll (+2 others)
[           0s] Csc Library/Bee/artifacts/1900b0aE.dag/Unity.TextMeshPro.Editor.dll (+2 others) [CacheWrite 00000000000000000000000000000004]
[687/753    0s] CopyFiles Library/ScriptAssemblies/Unity.TextMeshPro.Editor.pdb
[           0s] Csc Library/Bee/artifacts/1900b0aE.dag/Unity.Timeline.Editor.dll (+2 others) [CacheWrite 00000000000000000000000000000004]
[688/753    0s] Csc Library/Bee/artifacts/1900b0aE.dag/Unity.Services.Core.Components.dll (+2 others)
[689/753    0s] CopyFiles Library/ScriptAssemblies/Unity.TextMeshPro.Editor.dll
[690/753    0s] CopyFiles Library/ScriptAssemblies/Unity.Timeline.Editor.pdb
[691/753    0s] Csc Library/Bee/artifacts/1900b0aE.dag/UnityEngine.Purchasing.AppleCore.dll (+2 others)
[           0s] Csc Library/Bee/artifacts/1900b0aE.dag/Unity.Services.Core.Components.dll (+2 others) [CacheWrite 00000000000000000000000000000004]
[693/753    0s] CopyFiles Library/ScriptAssemblies/Unity.Services.Core.Components.pdb
[           0s] Csc Library/Bee/artifacts/1900b0aE.dag/UnityEngine.Purchasing.AppleCore.dll (+2 others) [CacheWrite 00000000000000000000000000000004]
[694/753    0s] Csc Library/Bee/artifacts/1900b0aE.dag/Unity.Services.Core.Registration.dll (+2 others)
[698/753    0s] CopyFiles Library/ScriptAssemblies/UnityEngine.Purchasing.AppleCore.pdb
[699/753    0s] Csc Library/Bee/artifacts/1900b0aE.dag/Unity.Services.Core.Configuration.Editor.dll (+2 others)
[           0s] Csc Library/Bee/artifacts/1900b0aE.dag/Unity.Services.Core.Registration.dll (+2 others) [CacheWrite 00000000000000000000000000000004]
[           0s] Csc Library/Bee/artifacts/1900b0aE.dag/Unity.Services.Core.Configuration.Editor.dll (+2 others) [CacheWrite 00000000000000000000000000000004]
[703/753    0s] CopyFiles Library/ScriptAssemblies/Unity.Services.Core.Registration.pdb
[704/753    0s] CopyFiles Library/ScriptAssemblies/Unity.Services.Core.Configuration.Editor.pdb
[705/753    0s] CopyFiles Library/ScriptAssemblies/Unity.Timeline.Editor.dll
[706/753    0s] CopyFiles Library/ScriptAssemblies/Unity.Services.Core.Registration.dll
[707/753    0s] CopyFiles Library/ScriptAssemblies/Unity.Services.Core.Configuration.Editor.dll
[708/753    0s] CopyFiles Library/ScriptAssemblies/Unity.Services.Core.Components.dll
[709/753    0s] CopyFiles Library/ScriptAssemblies/UnityEngine.Purchasing.AppleCore.dll
[710/753    0s] Csc Library/Bee/artifacts/1900b0aE.dag/UnityEngine.Purchasing.AppleMacosStub.dll (+2 others)
[711/753    0s] Csc Library/Bee/artifacts/1900b0aE.dag/UnityEngine.Purchasing.AppleStub.dll (+2 others)
[712/753    0s] Csc Library/Bee/artifacts/1900b0aE.dag/UnityEngine.Purchasing.dll (+2 others)
[           0s] Csc Library/Bee/artifacts/1900b0aE.dag/UnityEngine.Purchasing.AppleMacosStub.dll (+2 others) [CacheWrite 00000000000000000000000000000004]
[714/753    0s] CopyFiles Library/ScriptAssemblies/UnityEngine.Purchasing.AppleMacosStub.pdb
[           0s] Csc Library/Bee/artifacts/1900b0aE.dag/UnityEngine.Purchasing.dll (+2 others) [CacheWrite 00000000000000000000000000000004]
[           0s] Csc Library/Bee/artifacts/1900b0aE.dag/UnityEngine.Purchasing.AppleStub.dll (+2 others) [CacheWrite 00000000000000000000000000000004]
[715/753    0s] CopyFiles Library/ScriptAssemblies/UnityEngine.Purchasing.AppleMacosStub.dll
[717/753    0s] CopyFiles Library/ScriptAssemblies/UnityEngine.Purchasing.AppleStub.pdb
[719/753    0s] CopyFiles Library/ScriptAssemblies/UnityEngine.Purchasing.AppleStub.dll
[725/753    0s] CopyFiles Library/ScriptAssemblies/UnityEngine.Purchasing.pdb
[727/753    0s] CopyFiles Library/ScriptAssemblies/UnityEngine.Purchasing.dll
[728/753    0s] Csc Library/Bee/artifacts/1900b0aE.dag/UnityEngine.Purchasing.Codeless.dll (+2 others)
[           0s] Csc Library/Bee/artifacts/1900b0aE.dag/UnityEngine.Purchasing.Codeless.dll (+2 others) [CacheWrite 00000000000000000000000000000004]
[729/753    0s] Csc Library/Bee/artifacts/1900b0aE.dag/Unity.Services.Core.Editor.dll (+2 others)
[731/753    0s] CopyFiles Library/ScriptAssemblies/UnityEngine.Purchasing.Codeless.pdb
[           0s] Csc Library/Bee/artifacts/1900b0aE.dag/Unity.Services.Core.Editor.dll (+2 others) [CacheWrite 00000000000000000000000000000004]
[742/753    0s] CopyFiles Library/ScriptAssemblies/Unity.Services.Core.Editor.pdb
[743/753    0s] CopyFiles Library/ScriptAssemblies/Unity.Services.Core.Editor.dll
[744/753    0s] CopyFiles Library/ScriptAssemblies/UnityEngine.Purchasing.Codeless.dll
[745/753    0s] Csc Library/Bee/artifacts/1900b0aE.dag/Unity.Services.Core.Environments.Editor.dll (+2 others)
[           0s] Csc Library/Bee/artifacts/1900b0aE.dag/Unity.Services.Core.Environments.Editor.dll (+2 others) [CacheWrite 00000000000000000000000000000004]
[748/753    0s] CopyFiles Library/ScriptAssemblies/Unity.Services.Core.Environments.Editor.pdb
[749/753    0s] CopyFiles Library/ScriptAssemblies/Unity.Services.Core.Environments.Editor.dll
[750/753    0s] Csc Library/Bee/artifacts/1900b0aE.dag/Unity.Services.Analytics.Editor.dll (+2 others)
[           0s] Csc Library/Bee/artifacts/1900b0aE.dag/Unity.Services.Analytics.Editor.dll (+2 others) [CacheWrite 00000000000000000000000000000004]
[751/753    0s] CopyFiles Library/ScriptAssemblies/Unity.Services.Analytics.Editor.pdb
[752/753    0s] CopyFiles Library/ScriptAssemblies/Unity.Services.Analytics.Editor.dll
*** Tundra build success (3.42 seconds), 232 items updated, 753 evaluated
Assets\Scripts\Simulation\EconomyResolver.cs(41,19): warning CS0219: The variable 'efficiency' is assigned but its value is never used
Reloading assemblies after forced synchronous recompile.
Begin MonoManager ReloadAssembly
Total cache size 23334888
Total cache size after purge 23334888, took 00:00:00.0396078
Symbol file LoadedFromMemory is not a mono symbol file
- Loaded All Assemblies, in  0.463 seconds
Start importing Assets/MobileDependencyResolver using Guid(e7f679112961a0f7f11fdb3f983aed77) (DefaultImporter) -> (artifact id: '4310500591c2285697ae68d4055f21d4') in 0.0083322 seconds
Start importing Assets/MobileDependencyResolver/Editor using Guid(b42aa8acaabecbf943da2892de5e6aeb) (DefaultImporter) -> (artifact id: '60bf72cee3cab817f0e0f187d5a56b0b') in 0.000555 seconds
Start importing Assets/MobileDependencyResolver/Editor/1.2.185 using Guid(5a698cd41cfed4d2dbc52c7b125fc67b) (DefaultImporter) -> (artifact id: '057107f01cebc69bfd7c8a1a6da247b6') in 0.0004076 seconds
Refreshing native plugins compatible for Editor in 3.53 ms, found 3 plugins.
Native extension for WindowsStandalone target not found
[MODES] ModeService[none].Initialize
[MODES] ModeService[none].LoadModes
Mono: successfully reloaded assembly
- Finished resetting the current domain, in  0.663 seconds
Domain Reload Profiling: 1125ms
	BeginReloadAssembly (167ms)
		ExecutionOrderSort (0ms)
		DisableScriptedObjects (18ms)
		BackupInstance (0ms)
		ReleaseScriptingObjects (0ms)
		CreateAndSetChildDomain (40ms)
	RebuildCommonClasses (23ms)
	RebuildNativeTypeToScriptingClass (9ms)
	initialDomainReloadingComplete (18ms)
	LoadAllAssembliesAndSetupDomain (245ms)
		LoadAssemblies (228ms)
		RebuildTransferFunctionScriptingTraits (0ms)
		AnalyzeDomain (85ms)
			TypeCache.Refresh (27ms)
				TypeCache.ScanAssembly (21ms)
			BuildScriptInfoCaches (54ms)
			ResolveRequiredComponents (2ms)
	FinalizeReload (663ms)
		ReleaseScriptCaches (0ms)
		RebuildScriptCaches (0ms)
		SetupLoadedEditorAssemblies (546ms)
			LogAssemblyErrors (0ms)
			InitializePlatformSupportModulesInManaged (10ms)
			SetLoadedEditorAssemblies (2ms)
			BeforeProcessingInitializeOnLoad (140ms)
			ProcessInitializeOnLoadAttributes (218ms)
			ProcessInitializeOnLoadMethodAttributes (172ms)
			AfterProcessingInitializeOnLoad (2ms)
			EditorAssembliesLoaded (0ms)
		ExecutionOrderSort2 (0ms)
		AwakeInstancesAfterBackupRestoration (10ms)
[API Updater] Processing imported assemblies took 37 ms (1/1 assembly(ies)).
Filename: C:\Program Files\Unity\Hub\Editor\6000.0.76f1\Editor\Data\NetCoreRuntime\dotnet.exe
Arguments: "C:/Program Files/Unity/Hub/Editor/6000.0.76f1/Editor/Data/Tools/Compilation/ApiUpdater/AssemblyUpdater.dll" update -a "Assets/MobileDependencyResolver/Editor/1.2.185/Google.VersionHandlerImpl.dll" --output "C:/Users/ADMINI~1/AppData/Local/Temp/tmp4bcdc726.tmp" --api-version 6000.0.76f1  -s "C:\Program Files\Unity\Hub\Editor\6000.0.76f1\Editor\Data\NetStandard\ref\2.1.0;C:\Program Files\Unity\Hub\Editor\6000.0.76f1\Editor\Data\NetStandard\compat\2.1.0\shims\netstandard;C:\Program Files\Unity\Hub\Editor\6000.0.76f1\Editor\Data\NetStandard\compat\2.1.0\shims\netfx;+E:/IronCrown/Assets;+E:\IronCrown\Library\PackageCache\com.unity.2d.sprite@0eb6ea2c7181;+E:\IronCrown\Library\PackageCache\com.unity.2d.tilemap@10400206a301;+E:\IronCrown\Library\PackageCache\com.unity.ads@e89225828059;+E:\IronCrown\Library\PackageCache\com.unity.ai.navigation@734c2c4c5591;+E:\IronCrown\Library\PackageCache\com.unity.analytics@6cc66d58ac08;+E:\IronCrown\Library\PackageCache\com.unity.collab-proxy@0b1559bcd34e;+E:\IronCrown\Library\PackageCache\com.unity.ide.rider@4504839d03f7;+E:\IronCrown\Library\PackageCache\com.unity.ide.visualstudio@dc1ddd4f09b6;+E:\IronCrown\Library\PackageCache\com.unity.multiplayer.center@f3fb577b3546;+E:\IronCrown\Library\PackageCache\com.unity.nuget.newtonsoft-json@74deb55db2a0;+E:\IronCrown\Library\PackageCache\com.unity.purchasing@039fd41c6e81;+E:\IronCrown\Library\PackageCache\com.unity.test-framework@082c24152fd4;+E:\IronCrown\Library\PackageCache\com.unity.timeline@8cd8509afae5;+E:\IronCrown\Library\PackageCache\com.unity.ugui@52420b88ab53;+E:\IronCrown\Library\PackageCache\com.unity.xr.legacyinputhelpers@b7579e86f3b4;+E:\IronCrown\Library\PackageCache\jp.hadashikick.vcontainer@bfc5fcc02036;+E:\IronCrown\Library\PackageCache\com.unity.modules.accessibility;+E:\IronCrown\Library\PackageCache\com.unity.modules.ai;+E:\IronCrown\Library\PackageCache\com.unity.modules.androidjni;+E:\IronCrown\Library\PackageCache\com.unity.modules.animation;+E:\IronCrown\Library\PackageCache\com.unity.modules.assetbundle;+E:\IronCrown\Library\PackageCache\com.unity.modules.audio;+E:\IronCrown\Library\PackageCache\com.unity.modules.cloth;+E:\IronCrown\Library\PackageCache\com.unity.modules.director;+E:\IronCrown\Library\PackageCache\com.unity.modules.imageconversion;+E:\IronCrown\Library\PackageCache\com.unity.modules.imgui;+E:\IronCrown\Library\PackageCache\com.unity.modules.jsonserialize;+E:\IronCrown\Library\PackageCache\com.unity.modules.particlesystem;+E:\IronCrown\Library\PackageCache\com.unity.modules.physics;+E:\IronCrown\Library\PackageCache\com.unity.modules.physics2d;+E:\IronCrown\Library\PackageCache\com.unity.modules.screencapture;+E:\IronCrown\Library\PackageCache\com.unity.modules.terrain;+E:\IronCrown\Library\PackageCache\com.unity.modules.terrainphysics;+E:\IronCrown\Library\PackageCache\com.unity.modules.tilemap;+E:\IronCrown\Library\PackageCache\com.unity.modules.ui;+E:\IronCrown\Library\PackageCache\com.unity.modules.uielements;+E:\IronCrown\Library\PackageCache\com.unity.modules.umbra;+E:\IronCrown\Library\PackageCache\com.unity.modules.unityanalytics;+E:\IronCrown\Library\PackageCache\com.unity.modules.unitywebrequest;+E:\IronCrown\Library\PackageCache\com.unity.modules.unitywebrequestassetbundle;+E:\IronCrown\Library\PackageCache\com.unity.modules.unitywebrequestaudio;+E:\IronCrown\Library\PackageCache\com.unity.modules.unitywebrequesttexture;+E:\IronCrown\Library\PackageCache\com.unity.modules.unitywebrequestwww;+E:\IronCrown\Library\PackageCache\com.unity.modules.vehicles;+E:\IronCrown\Library\PackageCache\com.unity.modules.video;+E:\IronCrown\Library\PackageCache\com.unity.modules.vr;+E:\IronCrown\Library\PackageCache\com.unity.modules.wind;+E:\IronCrown\Library\PackageCache\com.unity.modules.xr;+E:\IronCrown\Library\PackageCache\com.unity.modules.subsystems;+E:\IronCrown\Library\PackageCache\com.unity.modules.hierarchycore;+E:\IronCrown\Library\PackageCache\com.unity.ext.nunit@031a54704bff;+E:\IronCrown\Library\PackageCache\com.unity.services.core@8ba50f624741;+E:\IronCrown\Library\PackageCache\com.unity.services.analytics@cde4e6cf92f9;+C:\Program Files\Unity\Hub\Editor\6000.0.76f1\Editor\Data\Managed" "C:/Program Files/Unity/Hub/Editor/6000.0.76f1/Editor/Data/Managed/UnityEditor.dll" "C:/Program Files/Unity/Hub/Editor/6000.0.76f1/Editor/Data/Managed/UnityEngine.dll"
[API Updater] Assemblies not requiring updates:
[API Updater] Assets/MobileDependencyResolver/Editor/1.2.185/Google.VersionHandlerImpl.dll
[API Updater] Update finished with success in 837 ms (0/1 assembly(ies) updated).
Assembly Updater Post Process Assets time: 0.876658s
[ScriptCompilation] Requested script compilation because: Assetdatabase observed changes in script compilation related files
AssetDatabase: script compilation time: 0.000273s
info: Microsoft.AspNetCore.Hosting.Diagnostics[1]
      Request starting HTTP/2 POST http://ilpp/UnityILPP.PostProcessing/Ping application/grpc -
info: Microsoft.AspNetCore.Routing.EndpointMiddleware[0]
      Executing endpoint 'gRPC - /UnityILPP.PostProcessing/Ping'
info: Microsoft.AspNetCore.Routing.EndpointMiddleware[1]
      Executed endpoint 'gRPC - /UnityILPP.PostProcessing/Ping'
info: Microsoft.AspNetCore.Hosting.Diagnostics[2]
      Request finished HTTP/2 POST http://ilpp/UnityILPP.PostProcessing/Ping application/grpc - - 200 - application/grpc 0.2994ms
Starting: C:\Program Files\Unity\Hub\Editor\6000.0.76f1\Editor\Data\bee_backend.exe --ipc --defer-dag-verification --dagfile="Library/Bee/1900b0aE.dag" --continue-on-failure --profile="Library/Bee/backend1.traceevents" ScriptAssemblies
WorkingDir: E:/IronCrown
ExitCode: 0 Duration: 0s115ms
*** Tundra build success (0.09 seconds), 0 items updated, 753 evaluated
Total cache size 23334888
Total cache size after purge 23334888, took 00:00:00.0322268
[API Updater] Processing imported assemblies took 2 ms (1/1 assembly(ies)).
Filename: C:\Program Files\Unity\Hub\Editor\6000.0.76f1\Editor\Data\NetCoreRuntime\dotnet.exe
Arguments: "C:/Program Files/Unity/Hub/Editor/6000.0.76f1/Editor/Data/Tools/Compilation/ApiUpdater/AssemblyUpdater.dll" update -a "Assets/MobileDependencyResolver/Editor/1.2.185/Google.VersionHandlerImpl.dll" --output "C:/Users/ADMINI~1/AppData/Local/Temp/tmp236a446e.tmp" --api-version 6000.0.76f1  -s "C:\Program Files\Unity\Hub\Editor\6000.0.76f1\Editor\Data\NetStandard\ref\2.1.0;C:\Program Files\Unity\Hub\Editor\6000.0.76f1\Editor\Data\NetStandard\compat\2.1.0\shims\netstandard;C:\Program Files\Unity\Hub\Editor\6000.0.76f1\Editor\Data\NetStandard\compat\2.1.0\shims\netfx;+E:/IronCrown/Assets;+E:\IronCrown\Library\PackageCache\com.unity.2d.sprite@0eb6ea2c7181;+E:\IronCrown\Library\PackageCache\com.unity.2d.tilemap@10400206a301;+E:\IronCrown\Library\PackageCache\com.unity.ads@e89225828059;+E:\IronCrown\Library\PackageCache\com.unity.ai.navigation@734c2c4c5591;+E:\IronCrown\Library\PackageCache\com.unity.analytics@6cc66d58ac08;+E:\IronCrown\Library\PackageCache\com.unity.collab-proxy@0b1559bcd34e;+E:\IronCrown\Library\PackageCache\com.unity.ide.rider@4504839d03f7;+E:\IronCrown\Library\PackageCache\com.unity.ide.visualstudio@dc1ddd4f09b6;+E:\IronCrown\Library\PackageCache\com.unity.multiplayer.center@f3fb577b3546;+E:\IronCrown\Library\PackageCache\com.unity.nuget.newtonsoft-json@74deb55db2a0;+E:\IronCrown\Library\PackageCache\com.unity.purchasing@039fd41c6e81;+E:\IronCrown\Library\PackageCache\com.unity.test-framework@082c24152fd4;+E:\IronCrown\Library\PackageCache\com.unity.timeline@8cd8509afae5;+E:\IronCrown\Library\PackageCache\com.unity.ugui@52420b88ab53;+E:\IronCrown\Library\PackageCache\com.unity.xr.legacyinputhelpers@b7579e86f3b4;+E:\IronCrown\Library\PackageCache\jp.hadashikick.vcontainer@bfc5fcc02036;+E:\IronCrown\Library\PackageCache\com.unity.modules.accessibility;+E:\IronCrown\Library\PackageCache\com.unity.modules.ai;+E:\IronCrown\Library\PackageCache\com.unity.modules.androidjni;+E:\IronCrown\Library\PackageCache\com.unity.modules.animation;+E:\IronCrown\Library\PackageCache\com.unity.modules.assetbundle;+E:\IronCrown\Library\PackageCache\com.unity.modules.audio;+E:\IronCrown\Library\PackageCache\com.unity.modules.cloth;+E:\IronCrown\Library\PackageCache\com.unity.modules.director;+E:\IronCrown\Library\PackageCache\com.unity.modules.imageconversion;+E:\IronCrown\Library\PackageCache\com.unity.modules.imgui;+E:\IronCrown\Library\PackageCache\com.unity.modules.jsonserialize;+E:\IronCrown\Library\PackageCache\com.unity.modules.particlesystem;+E:\IronCrown\Library\PackageCache\com.unity.modules.physics;+E:\IronCrown\Library\PackageCache\com.unity.modules.physics2d;+E:\IronCrown\Library\PackageCache\com.unity.modules.screencapture;+E:\IronCrown\Library\PackageCache\com.unity.modules.terrain;+E:\IronCrown\Library\PackageCache\com.unity.modules.terrainphysics;+E:\IronCrown\Library\PackageCache\com.unity.modules.tilemap;+E:\IronCrown\Library\PackageCache\com.unity.modules.ui;+E:\IronCrown\Library\PackageCache\com.unity.modules.uielements;+E:\IronCrown\Library\PackageCache\com.unity.modules.umbra;+E:\IronCrown\Library\PackageCache\com.unity.modules.unityanalytics;+E:\IronCrown\Library\PackageCache\com.unity.modules.unitywebrequest;+E:\IronCrown\Library\PackageCache\com.unity.modules.unitywebrequestassetbundle;+E:\IronCrown\Library\PackageCache\com.unity.modules.unitywebrequestaudio;+E:\IronCrown\Library\PackageCache\com.unity.modules.unitywebrequesttexture;+E:\IronCrown\Library\PackageCache\com.unity.modules.unitywebrequestwww;+E:\IronCrown\Library\PackageCache\com.unity.modules.vehicles;+E:\IronCrown\Library\PackageCache\com.unity.modules.video;+E:\IronCrown\Library\PackageCache\com.unity.modules.vr;+E:\IronCrown\Library\PackageCache\com.unity.modules.wind;+E:\IronCrown\Library\PackageCache\com.unity.modules.xr;+E:\IronCrown\Library\PackageCache\com.unity.modules.subsystems;+E:\IronCrown\Library\PackageCache\com.unity.modules.hierarchycore;+E:\IronCrown\Library\PackageCache\com.unity.ext.nunit@031a54704bff;+E:\IronCrown\Library\PackageCache\com.unity.services.core@8ba50f624741;+E:\IronCrown\Library\PackageCache\com.unity.services.analytics@cde4e6cf92f9;+C:\Program Files\Unity\Hub\Editor\6000.0.76f1\Editor\Data\Managed" "C:/Program Files/Unity/Hub/Editor/6000.0.76f1/Editor/Data/Managed/UnityEditor.dll" "C:/Program Files/Unity/Hub/Editor/6000.0.76f1/Editor/Data/Managed/UnityEngine.dll"
[API Updater] Assemblies not requiring updates:
[API Updater] Assets/MobileDependencyResolver/Editor/1.2.185/Google.VersionHandlerImpl.dll
[API Updater] Update finished with success in 811 ms (0/1 assembly(ies) updated).
Assembly Updater Post Process Assets time: 0.814176s
[ScriptCompilation] Requested script compilation because: Assetdatabase observed changes in script compilation related files
AssetDatabase: script compilation time: 0.000017s
info: Microsoft.AspNetCore.Hosting.Diagnostics[1]
      Request starting HTTP/2 POST http://ilpp/UnityILPP.PostProcessing/Ping application/grpc -
info: Microsoft.AspNetCore.Routing.EndpointMiddleware[0]
      Executing endpoint 'gRPC - /UnityILPP.PostProcessing/Ping'
info: Microsoft.AspNetCore.Routing.EndpointMiddleware[1]
      Executed endpoint 'gRPC - /UnityILPP.PostProcessing/Ping'
info: Microsoft.AspNetCore.Hosting.Diagnostics[2]
      Request finished HTTP/2 POST http://ilpp/UnityILPP.PostProcessing/Ping application/grpc - - 200 - application/grpc 0.1390ms
Starting: C:\Program Files\Unity\Hub\Editor\6000.0.76f1\Editor\Data\bee_backend.exe --ipc --defer-dag-verification --dagfile="Library/Bee/1900b0aE.dag" --continue-on-failure --profile="Library/Bee/backend1.traceevents" ScriptAssemblies
WorkingDir: E:/IronCrown
ExitCode: 4 Duration: 0s85ms
Rebuilding DAG because FileSignature timestamp changed: Library/Bee/1900b0aE-inputdata.json
*** Tundra requires additional run (0.07 seconds), 0 items updated, 753 evaluated
Starting: C:\Program Files\Unity\Hub\Editor\6000.0.76f1\Editor\Data\Tools\netcorerun\netcorerun.exe "C:\Program Files\Unity\Hub\Editor\6000.0.76f1\Editor\Data\Tools\BuildPipeline\ScriptCompilationBuildProgram.exe" "Library/Bee/1900b0aE.dag.json" "Library/Bee/1900b0aE-inputdata.json" "Library\Bee\buildprogram0.traceevents"
WorkingDir: E:/IronCrown
ExitCode: 0 Duration: 0s301ms
Starting: C:\Program Files\Unity\Hub\Editor\6000.0.76f1\Editor\Data\bee_backend.exe --ipc --defer-dag-verification --dagfile="Library/Bee/1900b0aE.dag" --continue-on-failure --dagfilejson="Library\Bee\1900b0aE.dag.json" --profile="Library/Bee/backend2.traceevents" ScriptAssemblies
WorkingDir: E:/IronCrown
ExitCode: 0 Duration: 2s516ms
Finished compiling graph: 756 nodes, 12177 flattened edges (11169 ToBuild, 146 ToUse), maximum node priority 511
[212/753    0s] WriteText Library/Bee/artifacts/1900b0aE.dag/Unity.Services.Core.Configuration.Editor.rsp
[216/753    0s] WriteText Library/Bee/artifacts/1900b0aE.dag/Unity.Services.Core.Configuration.rsp
[217/753    0s] WriteText Library/Bee/artifacts/1900b0aE.dag/UnityEngine.UI.rsp
[219/753    0s] WriteText Library/Bee/artifacts/1900b0aE.dag/Unity.Services.Core.Threading.rsp
[224/753    0s] WriteText Library/Bee/artifacts/1900b0aE.dag/Unity.Services.Core.Environments.rsp
[225/753    0s] WriteText Library/Bee/artifacts/1900b0aE.dag/UnityEngine.Purchasing.WinRTCore.rsp
[226/753    0s] WriteText Library/Bee/artifacts/1900b0aE.dag/Unity.Services.Core.Environments.Internal.rsp
[229/753    0s] WriteText Library/Bee/artifacts/1900b0aE.dag/Unity.Services.Core.Networking.rsp
[231/753    0s] WriteText Library/Bee/artifacts/1900b0aE.dag/Purchasing.Common.rsp
[234/753    0s] WriteText Library/Bee/artifacts/1900b0aE.dag/UnityEngine.Purchasing.rsp
[237/753    0s] WriteText Library/Bee/artifacts/1900b0aE.dag/Unity.Services.Core.Telemetry.rsp
[244/753    0s] WriteText Library/Bee/artifacts/1900b0aE.dag/Unity.Services.Core.Device.rsp
[249/753    0s] WriteText Library/Bee/artifacts/1900b0aE.dag/Unity.Services.Core.rsp
[253/753    0s] WriteText Library/Bee/artifacts/1900b0aE.dag/UnityEngine.Purchasing.AppleCore.rsp
[260/753    0s] WriteText Library/Bee/artifacts/1900b0aE.dag/Unity.Services.Core.Internal.rsp
[280/753    0s] WriteText Library/Bee/artifacts/1900b0aE.dag/Unity.Services.Core.Components.rsp
[285/753    0s] WriteText Library/Bee/artifacts/1900b0aE.dag/UnityEngine.SpatialTracking.rsp
[286/753    0s] WriteText Library/Bee/artifacts/1900b0aE.dag/UnityEngine.Purchasing.AppleStub.rsp
[288/753    0s] WriteText Library/Bee/artifacts/1900b0aE.dag/IronCrown.Domain.rsp
[289/753    0s] WriteText Library/Bee/artifacts/1900b0aE.dag/Unity.AI.Navigation.Editor.ConversionSystem.rsp
[290/753    0s] WriteText Library/Bee/artifacts/1900b0aE.dag/UnityEngine.Purchasing.SecurityStub.rsp
[291/753    0s] WriteText Library/Bee/artifacts/1900b0aE.dag/IronCrown.Simulation.rsp
[298/753    0s] WriteText Library/Bee/artifacts/1900b0aE.dag/UnityEditor.UI.rsp
[302/753    0s] WriteText Library/Bee/artifacts/1900b0aE.dag/UnityEngine.Purchasing.WinRTStub.rsp
[306/753    0s] WriteText Library/Bee/artifacts/1900b0aE.dag/Unity.Services.Core.Registration.rsp
[320/753    0s] WriteText Library/Bee/artifacts/1900b0aE.dag/UnityEngine.Purchasing.AppleMacosStub.rsp
[323/753    0s] WriteText Library/Bee/artifacts/1900b0aE.dag/Unity.AI.Navigation.rsp
[350/753    0s] WriteText Library/Bee/artifacts/1900b0aE.dag/Unity.Services.Core.Scheduler.rsp
[388/753    0s] WriteText Library/Bee/artifacts/1900b0aE.dag/UnityEngine.Purchasing.SecurityCore.rsp
[389/753    0s] WriteText Library/Bee/artifacts/1900b0aE.dag/Unity.TextMeshPro.rsp
[390/753    0s] WriteText Library/Bee/artifacts/1900b0aE.dag/Unity.Services.Core.Editor.rsp
[394/753    0s] WriteText Library/Bee/artifacts/1900b0aE.dag/IronCrown.Infrastructure.rsp
[395/753    0s] WriteText Library/Bee/artifacts/1900b0aE.dag/Unity.Timeline.rsp
[396/753    0s] WriteText Library/Bee/artifacts/1900b0aE.dag/UnityEngine.Purchasing.Codeless.rsp
[398/753    0s] WriteText Library/Bee/artifacts/1900b0aE.dag/IronCrown.Application.rsp
[400/753    0s] WriteText Library/Bee/artifacts/1900b0aE.dag/Unity.PlasticSCM.Editor.Entities.rsp
[401/753    0s] WriteText Library/Bee/artifacts/1900b0aE.dag/UnityEditor.SpatialTracking.rsp
[402/753    0s] WriteText Library/Bee/artifacts/1900b0aE.dag/UnityEngine.Advertisements.rsp
[404/753    0s] WriteText Library/Bee/artifacts/1900b0aE.dag/Unity.AI.Navigation.Updater.rsp
[405/753    0s] WriteText Library/Bee/artifacts/1900b0aE.dag/Unity.Services.Core.Environments.Editor.rsp
[406/753    0s] WriteText Library/Bee/artifacts/1900b0aE.dag/Unity.Multiplayer.Center.Common.rsp
[411/753    0s] WriteText Library/Bee/artifacts/1900b0aE.dag/UnityEngine.XR.LegacyInputHelpers.rsp
[416/753    0s] WriteText Library/Bee/artifacts/1900b0aE.dag/IronCrown.Bootstrap.rsp
[417/753    0s] WriteText Library/Bee/artifacts/1900b0aE.dag/Unity.2D.Sprite.Editor.rsp
[418/753    0s] WriteText Library/Bee/artifacts/1900b0aE.dag/UnityEditor.UI.Analytics.rsp
[419/753    0s] WriteText Library/Bee/artifacts/1900b0aE.dag/Unity.AI.Navigation.Editor.rsp
[420/753    0s] WriteText Library/Bee/artifacts/1900b0aE.dag/Unity.CollabProxy.Editor.rsp
[421/753    0s] WriteText Library/Bee/artifacts/1900b0aE.dag/Unity.Analytics.DataPrivacy.rsp
[422/753    0s] WriteText Library/Bee/artifacts/1900b0aE.dag/Analytics.rsp
[423/753    0s] WriteText Library/Bee/artifacts/1900b0aE.dag/Unity.Services.Core.Analytics.rsp
[424/753    0s] WriteText Library/Bee/artifacts/1900b0aE.dag/UnityEngine.Advertisements.Editor.rsp
[425/753    0s] WriteText Library/Bee/artifacts/1900b0aE.dag/Unity.Timeline.Editor.rsp
[426/753    0s] WriteText Library/Bee/artifacts/1900b0aE.dag/Unity.Multiplayer.Center.Editor.rsp
[427/753    0s] WriteText Library/Bee/artifacts/1900b0aE.dag/Unity.Services.Analytics.Editor.rsp
[428/753    0s] WriteText Library/Bee/artifacts/1900b0aE.dag/Unity.2D.Tilemap.Editor.rsp
[429/753    0s] WriteText Library/Bee/artifacts/1900b0aE.dag/IAPResolver.rsp
[430/753    0s] WriteText Library/Bee/artifacts/1900b0aE.dag/UnityEditor.XR.LegacyInputHelpers.rsp
[431/753    0s] WriteText Library/Bee/artifacts/1900b0aE.dag/Unity.TextMeshPro.Editor.rsp
[436/753    0s] Csc Library/Bee/artifacts/1900b0aE.dag/IronCrown.Domain.dll (+2 others)
[437/753    0s] CopyFiles Library/ScriptAssemblies/IronCrown.Domain.pdb
[438/753    0s] CopyFiles Library/ScriptAssemblies/IronCrown.Domain.dll
[439/753    0s] Csc Library/Bee/artifacts/1900b0aE.dag/IronCrown.Simulation.dll (+2 others)
Assets\Scripts\Simulation\EconomyResolver.cs(41,19): warning CS0219: The variable 'efficiency' is assigned but its value is never used
[440/753    0s] CopyFiles Library/ScriptAssemblies/IronCrown.Simulation.pdb
[441/753    0s] Csc Library/Bee/artifacts/1900b0aE.dag/UnityEngine.UI.dll (+2 others)
[           0s] Csc Library/Bee/artifacts/1900b0aE.dag/UnityEngine.UI.dll (+2 others) [CacheWrite 00000000000000000000000000000004]
[444/753    0s] CopyFiles Library/ScriptAssemblies/UnityEngine.UI.pdb
[445/753    0s] CopyFiles Library/ScriptAssemblies/UnityEngine.UI.dll
[446/753    0s] CopyFiles Library/ScriptAssemblies/IronCrown.Simulation.dll
[447/753    0s] Csc Library/Bee/artifacts/1900b0aE.dag/IronCrown.Application.dll (+2 others)
[448/753    0s] CopyFiles Library/ScriptAssemblies/IronCrown.Application.pdb
[449/753    0s] CopyFiles Library/ScriptAssemblies/IronCrown.Application.dll
[450/753    0s] Csc Library/Bee/artifacts/1900b0aE.dag/UnityEditor.UI.dll (+2 others)
[           0s] Csc Library/Bee/artifacts/1900b0aE.dag/UnityEditor.UI.dll (+2 others) [CacheWrite 00000000000000000000000000000004]
[463/753    0s] CopyFiles Library/ScriptAssemblies/UnityEditor.UI.pdb
[485/753    0s] CopyFiles Library/ScriptAssemblies/UnityEditor.UI.dll
[512/753    0s] Csc Library/Bee/artifacts/1900b0aE.dag/IronCrown.Infrastructure.dll (+2 others)
[513/753    0s] CopyFiles Library/ScriptAssemblies/IronCrown.Infrastructure.dll
[514/753    0s] CopyFiles Library/ScriptAssemblies/IronCrown.Infrastructure.pdb
[515/753    0s] Csc Library/Bee/artifacts/1900b0aE.dag/Unity.Multiplayer.Center.Common.dll (+2 others)
[516/753    0s] Csc Library/Bee/artifacts/1900b0aE.dag/UnityEngine.Purchasing.WinRTCore.dll (+2 others)
[517/753    0s] Csc Library/Bee/artifacts/1900b0aE.dag/Unity.Services.Core.dll (+2 others)
[           0s] Csc Library/Bee/artifacts/1900b0aE.dag/Unity.Multiplayer.Center.Common.dll (+2 others) [CacheWrite 00000000000000000000000000000004]
[520/753    0s] CopyFiles Library/ScriptAssemblies/Unity.Multiplayer.Center.Common.dll
[521/753    0s] CopyFiles Library/ScriptAssemblies/Unity.Multiplayer.Center.Common.pdb
[           0s] Csc Library/Bee/artifacts/1900b0aE.dag/UnityEngine.Purchasing.WinRTCore.dll (+2 others) [CacheWrite 00000000000000000000000000000004]
[522/753    0s] Csc Library/Bee/artifacts/1900b0aE.dag/Unity.PlasticSCM.Editor.Entities.dll (+2 others)
[           0s] Csc Library/Bee/artifacts/1900b0aE.dag/Unity.Services.Core.dll (+2 others) [CacheWrite 00000000000000000000000000000004]
[525/753    0s] Csc Library/Bee/artifacts/1900b0aE.dag/Unity.AI.Navigation.Editor.ConversionSystem.dll (+2 others)
[526/753    0s] Csc Library/Bee/artifacts/1900b0aE.dag/Unity.Analytics.DataPrivacy.dll (+2 others)
[529/753    0s] Csc Library/Bee/artifacts/1900b0aE.dag/Unity.Timeline.dll (+2 others)
[           0s] Csc Library/Bee/artifacts/1900b0aE.dag/Unity.PlasticSCM.Editor.Entities.dll (+2 others) [CacheWrite 00000000000000000000000000000004]
[530/753    0s] CopyFiles Library/ScriptAssemblies/UnityEngine.Purchasing.WinRTCore.dll
[           0s] Csc Library/Bee/artifacts/1900b0aE.dag/Unity.AI.Navigation.Editor.ConversionSystem.dll (+2 others) [CacheWrite 00000000000000000000000000000004]
[           0s] Csc Library/Bee/artifacts/1900b0aE.dag/Unity.Analytics.DataPrivacy.dll (+2 others) [CacheWrite 00000000000000000000000000000004]
[533/753    0s] CopyFiles Library/ScriptAssemblies/Unity.AI.Navigation.Editor.ConversionSystem.pdb
[534/753    0s] CopyFiles Library/ScriptAssemblies/Unity.Analytics.DataPrivacy.dll
[           0s] Csc Library/Bee/artifacts/1900b0aE.dag/Unity.Timeline.dll (+2 others) [CacheWrite 00000000000000000000000000000004]
[535/753    0s] CopyFiles Library/ScriptAssemblies/Unity.Services.Core.dll
[536/753    0s] CopyFiles Library/ScriptAssemblies/Unity.AI.Navigation.Editor.ConversionSystem.dll
[537/753    0s] CopyFiles Library/ScriptAssemblies/Unity.Analytics.DataPrivacy.pdb
[538/753    0s] CopyFiles Library/ScriptAssemblies/Unity.PlasticSCM.Editor.Entities.pdb
[539/753    0s] CopyFiles Library/ScriptAssemblies/Unity.Services.Core.pdb
[540/753    0s] CopyFiles Library/ScriptAssemblies/UnityEngine.Purchasing.WinRTCore.pdb
[541/753    0s] Csc Library/Bee/artifacts/1900b0aE.dag/UnityEngine.Advertisements.dll (+2 others)
[544/753    0s] CopyFiles Library/ScriptAssemblies/Unity.Timeline.pdb
[545/753    0s] CopyFiles Library/ScriptAssemblies/Unity.PlasticSCM.Editor.Entities.dll
[546/753    0s] CopyFiles Library/ScriptAssemblies/Unity.Timeline.dll
[547/753    0s] Csc Library/Bee/artifacts/1900b0aE.dag/Unity.AI.Navigation.dll (+2 others)
[548/753    0s] Csc Library/Bee/artifacts/1900b0aE.dag/UnityEngine.SpatialTracking.dll (+2 others)
[549/753    0s] Csc Library/Bee/artifacts/1900b0aE.dag/IAPResolver.dll (+2 others)
[550/753    0s] Csc Library/Bee/artifacts/1900b0aE.dag/UnityEngine.Purchasing.SecurityCore.dll (+2 others)
[551/753    0s] Csc Library/Bee/artifacts/1900b0aE.dag/UnityEngine.Advertisements.Editor.dll (+2 others)
[552/753    0s] Csc Library/Bee/artifacts/1900b0aE.dag/Analytics.dll (+2 others)
[553/753    0s] Csc Library/Bee/artifacts/1900b0aE.dag/IronCrown.Bootstrap.dll (+2 others)
[554/753    0s] Csc Library/Bee/artifacts/1900b0aE.dag/Unity.CollabProxy.Editor.dll (+2 others)
[           0s] Csc Library/Bee/artifacts/1900b0aE.dag/UnityEngine.Advertisements.dll (+2 others) [CacheWrite 00000000000000000000000000000004]
[555/753    0s] CopyFiles Library/ScriptAssemblies/IronCrown.Bootstrap.pdb
[           0s] Csc Library/Bee/artifacts/1900b0aE.dag/IAPResolver.dll (+2 others) [CacheWrite 00000000000000000000000000000004]
[556/753    0s] CopyFiles Library/ScriptAssemblies/UnityEngine.Advertisements.pdb
[           0s] Csc Library/Bee/artifacts/1900b0aE.dag/UnityEngine.SpatialTracking.dll (+2 others) [CacheWrite 00000000000000000000000000000004]
[           0s] Csc Library/Bee/artifacts/1900b0aE.dag/Unity.AI.Navigation.dll (+2 others) [CacheWrite 00000000000000000000000000000004]
[           0s] Csc Library/Bee/artifacts/1900b0aE.dag/UnityEngine.Advertisements.Editor.dll (+2 others) [CacheWrite 00000000000000000000000000000004]
[           0s] Csc Library/Bee/artifacts/1900b0aE.dag/UnityEngine.Purchasing.SecurityCore.dll (+2 others) [CacheWrite 00000000000000000000000000000004]
[557/753    0s] CopyFiles Library/ScriptAssemblies/IAPResolver.pdb
[563/753    0s] CopyFiles Library/ScriptAssemblies/UnityEngine.SpatialTracking.pdb
[566/753    0s] Csc Library/Bee/artifacts/1900b0aE.dag/Unity.2D.Sprite.Editor.dll (+2 others)
[567/753    0s] CopyFiles Library/ScriptAssemblies/IAPResolver.dll
[568/753    0s] CopyFiles Library/ScriptAssemblies/UnityEngine.SpatialTracking.dll
[569/753    0s] CopyFiles Library/ScriptAssemblies/UnityEngine.Advertisements.dll
[570/753    0s] CopyFiles Library/ScriptAssemblies/IronCrown.Bootstrap.dll
[571/753    0s] CopyFiles Library/ScriptAssemblies/Unity.AI.Navigation.dll
[572/753    0s] CopyFiles Library/ScriptAssemblies/UnityEngine.Purchasing.SecurityCore.dll
[573/753    0s] CopyFiles Library/ScriptAssemblies/UnityEngine.Advertisements.Editor.pdb
[574/753    0s] CopyFiles Library/ScriptAssemblies/UnityEngine.Purchasing.SecurityCore.pdb
[575/753    0s] CopyFiles Library/ScriptAssemblies/UnityEngine.Advertisements.Editor.dll
[576/753    0s] CopyFiles Library/ScriptAssemblies/Unity.AI.Navigation.pdb
[           0s] Csc Library/Bee/artifacts/1900b0aE.dag/Analytics.dll (+2 others) [CacheWrite 00000000000000000000000000000004]
[           0s] Csc Library/Bee/artifacts/1900b0aE.dag/Unity.CollabProxy.Editor.dll (+2 others) [CacheWrite 00000000000000000000000000000004]
[577/753    0s] Csc Library/Bee/artifacts/1900b0aE.dag/Unity.2D.Tilemap.Editor.dll (+2 others)
[578/753    0s] CopyFiles Library/ScriptAssemblies/Analytics.pdb
[579/753    0s] CopyFiles Library/ScriptAssemblies/Unity.CollabProxy.Editor.pdb
[580/753    0s] Csc Library/Bee/artifacts/1900b0aE.dag/UnityEngine.Purchasing.WinRTStub.dll (+2 others)
[           0s] Csc Library/Bee/artifacts/1900b0aE.dag/Unity.2D.Sprite.Editor.dll (+2 others) [CacheWrite 00000000000000000000000000000004]
[581/753    0s] Csc Library/Bee/artifacts/1900b0aE.dag/Unity.TextMeshPro.dll (+2 others)
[582/753    0s] Csc Library/Bee/artifacts/1900b0aE.dag/Unity.Services.Core.Analytics.dll (+2 others)
[583/753    0s] CopyFiles Library/ScriptAssemblies/Unity.2D.Sprite.Editor.pdb
[584/753    0s] Csc Library/Bee/artifacts/1900b0aE.dag/Unity.Multiplayer.Center.Editor.dll (+2 others)
[585/753    0s] Csc Library/Bee/artifacts/1900b0aE.dag/Unity.Services.Core.Internal.dll (+2 others)
[           0s] Csc Library/Bee/artifacts/1900b0aE.dag/Unity.2D.Tilemap.Editor.dll (+2 others) [CacheWrite 00000000000000000000000000000004]
[           0s] Csc Library/Bee/artifacts/1900b0aE.dag/UnityEngine.Purchasing.WinRTStub.dll (+2 others) [CacheWrite 00000000000000000000000000000004]
[586/753    0s] CopyFiles Library/ScriptAssemblies/Unity.2D.Tilemap.Editor.pdb
[           0s] Csc Library/Bee/artifacts/1900b0aE.dag/Unity.Services.Core.Analytics.dll (+2 others) [CacheWrite 00000000000000000000000000000004]
[           0s] Csc Library/Bee/artifacts/1900b0aE.dag/Unity.TextMeshPro.dll (+2 others) [CacheWrite 00000000000000000000000000000004]
[588/753    0s] CopyFiles Library/ScriptAssemblies/Unity.2D.Sprite.Editor.dll
[589/753    0s] CopyFiles Library/ScriptAssemblies/Unity.2D.Tilemap.Editor.dll
[590/753    0s] CopyFiles Library/ScriptAssemblies/Unity.CollabProxy.Editor.dll
[591/753    0s] CopyFiles Library/ScriptAssemblies/Analytics.dll
[595/753    0s] CopyFiles Library/ScriptAssemblies/UnityEngine.Purchasing.WinRTStub.pdb
[596/753    0s] CopyFiles Library/ScriptAssemblies/Unity.Services.Core.Analytics.pdb
[597/753    0s] CopyFiles Library/ScriptAssemblies/Unity.TextMeshPro.pdb
[           0s] Csc Library/Bee/artifacts/1900b0aE.dag/Unity.Multiplayer.Center.Editor.dll (+2 others) [CacheWrite 00000000000000000000000000000004]
[598/753    0s] CopyFiles Library/ScriptAssemblies/Unity.Multiplayer.Center.Editor.pdb
[599/753    0s] CopyFiles Library/ScriptAssemblies/Unity.Multiplayer.Center.Editor.dll
[600/753    0s] CopyFiles Library/ScriptAssemblies/Unity.TextMeshPro.dll
[601/753    0s] CopyFiles Library/ScriptAssemblies/Unity.Services.Core.Analytics.dll
[602/753    0s] CopyFiles Library/ScriptAssemblies/UnityEngine.Purchasing.WinRTStub.dll
[           0s] Csc Library/Bee/artifacts/1900b0aE.dag/Unity.Services.Core.Internal.dll (+2 others) [CacheWrite 00000000000000000000000000000004]
[618/753    0s] CopyFiles Library/ScriptAssemblies/Unity.Services.Core.Internal.pdb
[619/753    0s] CopyFiles Library/ScriptAssemblies/Unity.Services.Core.Internal.dll
[620/753    0s] Csc Library/Bee/artifacts/1900b0aE.dag/UnityEditor.SpatialTracking.dll (+2 others)
[621/753    0s] Csc Library/Bee/artifacts/1900b0aE.dag/UnityEngine.Purchasing.SecurityStub.dll (+2 others)
[622/753    0s] Csc Library/Bee/artifacts/1900b0aE.dag/Unity.AI.Navigation.Editor.dll (+2 others)
[623/753    0s] Csc Library/Bee/artifacts/1900b0aE.dag/UnityEngine.XR.LegacyInputHelpers.dll (+2 others)
[           0s] Csc Library/Bee/artifacts/1900b0aE.dag/UnityEditor.SpatialTracking.dll (+2 others) [CacheWrite 00000000000000000000000000000004]
[624/753    0s] CopyFiles Library/ScriptAssemblies/UnityEditor.SpatialTracking.pdb
[           0s] Csc Library/Bee/artifacts/1900b0aE.dag/UnityEngine.Purchasing.SecurityStub.dll (+2 others) [CacheWrite 00000000000000000000000000000004]
[           0s] Csc Library/Bee/artifacts/1900b0aE.dag/Unity.AI.Navigation.Editor.dll (+2 others) [CacheWrite 00000000000000000000000000000004]
[625/753    0s] CopyFiles Library/ScriptAssemblies/UnityEditor.SpatialTracking.dll
[628/753    0s] CopyFiles Library/ScriptAssemblies/Unity.AI.Navigation.Editor.pdb
[629/753    0s] CopyFiles Library/ScriptAssemblies/Unity.AI.Navigation.Editor.dll
[631/753    0s] CopyFiles Library/ScriptAssemblies/UnityEngine.Purchasing.SecurityStub.pdb
[632/753    0s] CopyFiles Library/ScriptAssemblies/UnityEngine.Purchasing.SecurityStub.dll
[           0s] Csc Library/Bee/artifacts/1900b0aE.dag/UnityEngine.XR.LegacyInputHelpers.dll (+2 others) [CacheWrite 00000000000000000000000000000004]
[635/753    0s] CopyFiles Library/ScriptAssemblies/UnityEngine.XR.LegacyInputHelpers.pdb
[636/753    0s] CopyFiles Library/ScriptAssemblies/UnityEngine.XR.LegacyInputHelpers.dll
[637/753    0s] Csc Library/Bee/artifacts/1900b0aE.dag/UnityEditor.UI.Analytics.dll (+2 others)
[638/753    0s] Csc Library/Bee/artifacts/1900b0aE.dag/Unity.Services.Core.Device.dll (+2 others)
[639/753    0s] Csc Library/Bee/artifacts/1900b0aE.dag/Unity.Services.Core.Environments.Internal.dll (+2 others)
[640/753    0s] Csc Library/Bee/artifacts/1900b0aE.dag/Unity.Services.Core.Networking.dll (+2 others)
[641/753    0s] Csc Library/Bee/artifacts/1900b0aE.dag/Unity.Services.Core.Environments.dll (+2 others)
[642/753    0s] Csc Library/Bee/artifacts/1900b0aE.dag/Unity.Services.Core.Configuration.dll (+2 others)
[           0s] Csc Library/Bee/artifacts/1900b0aE.dag/Unity.Services.Core.Device.dll (+2 others) [CacheWrite 00000000000000000000000000000004]
[           0s] Csc Library/Bee/artifacts/1900b0aE.dag/UnityEditor.UI.Analytics.dll (+2 others) [CacheWrite 00000000000000000000000000000004]
[643/753    0s] Csc Library/Bee/artifacts/1900b0aE.dag/Purchasing.Common.dll (+2 others)
[644/753    0s] Csc Library/Bee/artifacts/1900b0aE.dag/Unity.Services.Core.Threading.dll (+2 others)
[645/753    0s] Csc Library/Bee/artifacts/1900b0aE.dag/Unity.Timeline.Editor.dll (+2 others)
[646/753    0s] Csc Library/Bee/artifacts/1900b0aE.dag/Unity.Services.Core.Telemetry.dll (+2 others)
[648/753    0s] CopyFiles Library/ScriptAssemblies/UnityEditor.UI.Analytics.pdb
[649/753    0s] CopyFiles Library/ScriptAssemblies/Unity.Services.Core.Device.pdb
[650/753    0s] Csc Library/Bee/artifacts/1900b0aE.dag/Unity.Services.Core.Scheduler.dll (+2 others)
[           0s] Csc Library/Bee/artifacts/1900b0aE.dag/Unity.Services.Core.Environments.Internal.dll (+2 others) [CacheWrite 00000000000000000000000000000004]
[652/753    0s] CopyFiles Library/ScriptAssemblies/Unity.Services.Core.Environments.Internal.pdb
[653/753    0s] Csc Library/Bee/artifacts/1900b0aE.dag/Unity.TextMeshPro.Editor.dll (+2 others)
[           0s] Csc Library/Bee/artifacts/1900b0aE.dag/Unity.Services.Core.Networking.dll (+2 others) [CacheWrite 00000000000000000000000000000004]
[           0s] Csc Library/Bee/artifacts/1900b0aE.dag/Unity.Services.Core.Configuration.dll (+2 others) [CacheWrite 00000000000000000000000000000004]
[           0s] Csc Library/Bee/artifacts/1900b0aE.dag/Unity.Services.Core.Environments.dll (+2 others) [CacheWrite 00000000000000000000000000000004]
[           0s] Csc Library/Bee/artifacts/1900b0aE.dag/Unity.Services.Core.Threading.dll (+2 others) [CacheWrite 00000000000000000000000000000004]
[           0s] Csc Library/Bee/artifacts/1900b0aE.dag/Unity.Services.Core.Telemetry.dll (+2 others) [CacheWrite 00000000000000000000000000000004]
[           0s] Csc Library/Bee/artifacts/1900b0aE.dag/Purchasing.Common.dll (+2 others) [CacheWrite 00000000000000000000000000000004]
[           0s] Csc Library/Bee/artifacts/1900b0aE.dag/Unity.Services.Core.Scheduler.dll (+2 others) [CacheWrite 00000000000000000000000000000004]
[           0s] Csc Library/Bee/artifacts/1900b0aE.dag/Unity.Timeline.Editor.dll (+2 others) [CacheWrite 00000000000000000000000000000004]
[655/753    0s] CopyFiles Library/ScriptAssemblies/Unity.Services.Core.Networking.pdb
[659/753    0s] CopyFiles Library/ScriptAssemblies/Unity.Services.Core.Configuration.pdb
[664/753    0s] Csc Library/Bee/artifacts/1900b0aE.dag/Unity.AI.Navigation.Updater.dll (+2 others)
[665/753    0s] CopyFiles Library/ScriptAssemblies/Unity.Services.Core.Environments.pdb
[666/753    0s] CopyFiles Library/ScriptAssemblies/Unity.Services.Core.Telemetry.pdb
[669/753    0s] CopyFiles Library/ScriptAssemblies/Unity.Services.Core.Threading.pdb
[670/753    0s] CopyFiles Library/ScriptAssemblies/Unity.Timeline.Editor.pdb
[671/753    0s] CopyFiles Library/ScriptAssemblies/Unity.Services.Core.Scheduler.pdb
[672/753    0s] CopyFiles Library/ScriptAssemblies/Purchasing.Common.pdb
[673/753    0s] CopyFiles Library/ScriptAssemblies/Unity.Services.Core.Environments.Internal.dll
[674/753    0s] CopyFiles Library/ScriptAssemblies/Unity.Services.Core.Networking.dll
[675/753    0s] CopyFiles Library/ScriptAssemblies/UnityEditor.UI.Analytics.dll
[676/753    0s] CopyFiles Library/ScriptAssemblies/Unity.Services.Core.Device.dll
[677/753    0s] Csc Library/Bee/artifacts/1900b0aE.dag/UnityEditor.XR.LegacyInputHelpers.dll (+2 others)
[678/753    0s] CopyFiles Library/ScriptAssemblies/Purchasing.Common.dll
[679/753    0s] CopyFiles Library/ScriptAssemblies/Unity.Services.Core.Threading.dll
[680/753    0s] CopyFiles Library/ScriptAssemblies/Unity.Services.Core.Environments.dll
[681/753    0s] CopyFiles Library/ScriptAssemblies/Unity.Services.Core.Telemetry.dll
[682/753    0s] CopyFiles Library/ScriptAssemblies/Unity.Services.Core.Scheduler.dll
[683/753    0s] CopyFiles Library/ScriptAssemblies/Unity.Services.Core.Configuration.dll
[684/753    0s] CopyFiles Library/ScriptAssemblies/Unity.Timeline.Editor.dll
[           0s] Csc Library/Bee/artifacts/1900b0aE.dag/Unity.TextMeshPro.Editor.dll (+2 others) [CacheWrite 00000000000000000000000000000004]
[685/753    0s] CopyFiles Library/ScriptAssemblies/Unity.TextMeshPro.Editor.pdb
[           0s] Csc Library/Bee/artifacts/1900b0aE.dag/Unity.AI.Navigation.Updater.dll (+2 others) [CacheWrite 00000000000000000000000000000004]
[686/753    0s] CopyFiles Library/ScriptAssemblies/Unity.AI.Navigation.Updater.pdb
[           0s] Csc Library/Bee/artifacts/1900b0aE.dag/UnityEditor.XR.LegacyInputHelpers.dll (+2 others) [CacheWrite 00000000000000000000000000000004]
[687/753    0s] CopyFiles Library/ScriptAssemblies/UnityEditor.XR.LegacyInputHelpers.pdb
[688/753    0s] CopyFiles Library/ScriptAssemblies/UnityEditor.XR.LegacyInputHelpers.dll
[689/753    0s] CopyFiles Library/ScriptAssemblies/Unity.TextMeshPro.Editor.dll
[690/753    0s] CopyFiles Library/ScriptAssemblies/Unity.AI.Navigation.Updater.dll
[691/753    0s] Csc Library/Bee/artifacts/1900b0aE.dag/UnityEngine.Purchasing.AppleCore.dll (+2 others)
[692/753    0s] Csc Library/Bee/artifacts/1900b0aE.dag/Unity.Services.Core.Components.dll (+2 others)
[693/753    0s] Csc Library/Bee/artifacts/1900b0aE.dag/Unity.Services.Core.Registration.dll (+2 others)
[694/753    0s] Csc Library/Bee/artifacts/1900b0aE.dag/Unity.Services.Core.Configuration.Editor.dll (+2 others)
[           0s] Csc Library/Bee/artifacts/1900b0aE.dag/UnityEngine.Purchasing.AppleCore.dll (+2 others) [CacheWrite 00000000000000000000000000000004]
[           0s] Csc Library/Bee/artifacts/1900b0aE.dag/Unity.Services.Core.Components.dll (+2 others) [CacheWrite 00000000000000000000000000000004]
[698/753    0s] CopyFiles Library/ScriptAssemblies/UnityEngine.Purchasing.AppleCore.pdb
[700/753    0s] CopyFiles Library/ScriptAssemblies/Unity.Services.Core.Components.pdb
[           0s] Csc Library/Bee/artifacts/1900b0aE.dag/Unity.Services.Core.Registration.dll (+2 others) [CacheWrite 00000000000000000000000000000004]
[701/753    0s] Csc Library/Bee/artifacts/1900b0aE.dag/UnityEngine.Purchasing.dll (+2 others)
[           0s] Csc Library/Bee/artifacts/1900b0aE.dag/Unity.Services.Core.Configuration.Editor.dll (+2 others) [CacheWrite 00000000000000000000000000000004]
[703/753    0s] CopyFiles Library/ScriptAssemblies/Unity.Services.Core.Registration.pdb
[706/753    0s] CopyFiles Library/ScriptAssemblies/Unity.Services.Core.Configuration.Editor.pdb
[707/753    0s] CopyFiles Library/ScriptAssemblies/Unity.Services.Core.Registration.dll
[708/753    0s] CopyFiles Library/ScriptAssemblies/Unity.Services.Core.Configuration.Editor.dll
[709/753    0s] CopyFiles Library/ScriptAssemblies/UnityEngine.Purchasing.AppleCore.dll
[710/753    0s] CopyFiles Library/ScriptAssemblies/Unity.Services.Core.Components.dll
[           0s] Csc Library/Bee/artifacts/1900b0aE.dag/UnityEngine.Purchasing.dll (+2 others) [CacheWrite 00000000000000000000000000000004]
[712/753    0s] CopyFiles Library/ScriptAssemblies/UnityEngine.Purchasing.pdb
[713/753    0s] CopyFiles Library/ScriptAssemblies/UnityEngine.Purchasing.dll
[714/753    0s] Csc Library/Bee/artifacts/1900b0aE.dag/UnityEngine.Purchasing.AppleMacosStub.dll (+2 others)
[715/753    0s] Csc Library/Bee/artifacts/1900b0aE.dag/UnityEngine.Purchasing.AppleStub.dll (+2 others)
[           0s] Csc Library/Bee/artifacts/1900b0aE.dag/UnityEngine.Purchasing.AppleMacosStub.dll (+2 others) [CacheWrite 00000000000000000000000000000004]
[           0s] Csc Library/Bee/artifacts/1900b0aE.dag/UnityEngine.Purchasing.AppleStub.dll (+2 others) [CacheWrite 00000000000000000000000000000004]
[717/753    0s] CopyFiles Library/ScriptAssemblies/UnityEngine.Purchasing.AppleMacosStub.pdb
[719/753    0s] CopyFiles Library/ScriptAssemblies/UnityEngine.Purchasing.AppleMacosStub.dll
[726/753    0s] CopyFiles Library/ScriptAssemblies/UnityEngine.Purchasing.AppleStub.pdb
[727/753    0s] CopyFiles Library/ScriptAssemblies/UnityEngine.Purchasing.AppleStub.dll
[728/753    0s] Csc Library/Bee/artifacts/1900b0aE.dag/Unity.Services.Core.Editor.dll (+2 others)
[           0s] Csc Library/Bee/artifacts/1900b0aE.dag/Unity.Services.Core.Editor.dll (+2 others) [CacheWrite 00000000000000000000000000000004]
[735/753    0s] CopyFiles Library/ScriptAssemblies/Unity.Services.Core.Editor.pdb
[736/753    0s] Csc Library/Bee/artifacts/1900b0aE.dag/UnityEngine.Purchasing.Codeless.dll (+2 others)
[737/753    0s] CopyFiles Library/ScriptAssemblies/Unity.Services.Core.Editor.dll
[           0s] Csc Library/Bee/artifacts/1900b0aE.dag/UnityEngine.Purchasing.Codeless.dll (+2 others) [CacheWrite 00000000000000000000000000000004]
[743/753    0s] CopyFiles Library/ScriptAssemblies/UnityEngine.Purchasing.Codeless.pdb
[744/753    0s] CopyFiles Library/ScriptAssemblies/UnityEngine.Purchasing.Codeless.dll
[745/753    0s] Csc Library/Bee/artifacts/1900b0aE.dag/Unity.Services.Core.Environments.Editor.dll (+2 others)
[           0s] Csc Library/Bee/artifacts/1900b0aE.dag/Unity.Services.Core.Environments.Editor.dll (+2 others) [CacheWrite 00000000000000000000000000000004]
[748/753    0s] CopyFiles Library/ScriptAssemblies/Unity.Services.Core.Environments.Editor.pdb
[749/753    0s] CopyFiles Library/ScriptAssemblies/Unity.Services.Core.Environments.Editor.dll
[750/753    0s] Csc Library/Bee/artifacts/1900b0aE.dag/Unity.Services.Analytics.Editor.dll (+2 others)
[           0s] Csc Library/Bee/artifacts/1900b0aE.dag/Unity.Services.Analytics.Editor.dll (+2 others) [CacheWrite 00000000000000000000000000000004]
[751/753    0s] CopyFiles Library/ScriptAssemblies/Unity.Services.Analytics.Editor.pdb
[752/753    0s] CopyFiles Library/ScriptAssemblies/Unity.Services.Analytics.Editor.dll
*** Tundra build success (2.50 seconds), 232 items updated, 753 evaluated
Assets\Scripts\Simulation\EconomyResolver.cs(41,19): warning CS0219: The variable 'efficiency' is assigned but its value is never used
Reloading assemblies after forced synchronous recompile.
Begin MonoManager ReloadAssembly
Total cache size 31081612
Total cache size after purge 31081612, took 00:00:00.0445329
Symbol file LoadedFromMemory is not a mono symbol file
- Loaded All Assemblies, in  0.457 seconds
Refreshing native plugins compatible for Editor in 4.14 ms, found 3 plugins.
Native extension for WindowsStandalone target not found
[MODES] ModeService[none].Initialize
[MODES] ModeService[none].LoadModes
Mono: successfully reloaded assembly
- Finished resetting the current domain, in  0.670 seconds
Domain Reload Profiling: 1127ms
	BeginReloadAssembly (145ms)
		ExecutionOrderSort (0ms)
		DisableScriptedObjects (17ms)
		BackupInstance (0ms)
		ReleaseScriptingObjects (0ms)
		CreateAndSetChildDomain (34ms)
	RebuildCommonClasses (24ms)
	RebuildNativeTypeToScriptingClass (9ms)
	initialDomainReloadingComplete (18ms)
	LoadAllAssembliesAndSetupDomain (261ms)
		LoadAssemblies (235ms)
		RebuildTransferFunctionScriptingTraits (0ms)
		AnalyzeDomain (94ms)
			TypeCache.Refresh (31ms)
				TypeCache.ScanAssembly (23ms)
			BuildScriptInfoCaches (60ms)
			ResolveRequiredComponents (2ms)
	FinalizeReload (670ms)
		ReleaseScriptCaches (0ms)
		RebuildScriptCaches (0ms)
		SetupLoadedEditorAssemblies (538ms)
			LogAssemblyErrors (0ms)
			InitializePlatformSupportModulesInManaged (10ms)
			SetLoadedEditorAssemblies (2ms)
			BeforeProcessingInitializeOnLoad (138ms)
			ProcessInitializeOnLoadAttributes (218ms)
			ProcessInitializeOnLoadMethodAttributes (166ms)
			AfterProcessingInitializeOnLoad (3ms)
			EditorAssembliesLoaded (0ms)
		ExecutionOrderSort2 (0ms)
		AwakeInstancesAfterBackupRestoration (15ms)
Start importing Assets/MobileDependencyResolver/Editor/LICENSE using Guid(a0a74f7579114ab58b46e496d4b2ba97) (DefaultImporter) -> (artifact id: 'c75e89fd16d7a835e8943576127f55d5') in 0.0036602 seconds
Start importing Assets/MobileDependencyResolver/Editor/Google.VersionHandler.pdb using Guid(1c9aac8d9a8a4327ab36da49fd34139a) (DefaultImporter) -> (artifact id: '11c3063f0074578d32477d1d3833ffd4') in 0.0244272 seconds
Start importing Assets/MobileDependencyResolver/Editor/1.2.185/Google.JarResolver.pdb using Guid(b7140e00752144509139e18bcf3536b6) (DefaultImporter) -> (artifact id: '9a0c604480b6c5a9004692cdaae5b02d') in 0.0006644 seconds
Start importing Assets/MobileDependencyResolver/Editor/1.2.185/Google.IOSResolver.pdb using Guid(e776230601db4ffbbbd4e1266bdcdc23) (DefaultImporter) -> (artifact id: '9db8151731a0c7932fad6b70856237cc') in 0.0004121 seconds
Start importing Assets/MobileDependencyResolver/Editor/1.2.185/Google.VersionHandlerImpl.pdb using Guid(1e8744605c2b4bc8be277df27a77a368) (DefaultImporter) -> (artifact id: '2eaaa750230ef0e5c5158ac235a9df7e') in 0.0003716 seconds
Start importing Assets/MobileDependencyResolver/Editor/1.2.185/Google.PackageManagerResolver.pdb using Guid(fe36d59fa4564be0986ad5ccdace6551) (DefaultImporter) -> (artifact id: 'f503e03dbb21fe0a1147e50ee5cc5b8a') in 0.0003501 seconds
Start importing Assets/MobileDependencyResolver/Editor/CHANGELOG.md using Guid(15066d50e81445ed9e318d0c2beede4e) (TextScriptImporter) -> (artifact id: '4d54fe66e6a2cd91dcc33df3d4f510e6') in 0.0016642 seconds
Start importing Assets/MobileDependencyResolver/Editor/README.md using Guid(eda60a5e280441219d51748b60eaf0b7) (TextScriptImporter) -> (artifact id: '288e7a94a974b5ce64fe37701b93888f') in 0.0013593 seconds
Start importing Assets/MobileDependencyResolver/Editor/mobile-dependency-resolver_version-1.2.185_manifest.txt using Guid(5e590a4aab514d859dd0ac8982d9e78c) (TextScriptImporter) -> (artifact id: '49c9a7d96bcca1a324360dc6c4369c98') in 0.0011507 seconds
Refreshing native plugins compatible for Editor in 3.90 ms, found 3 plugins.
Preloading 0 native plugins for Editor in 0.00 ms.
Asset Pipeline Refresh (id=c1c25ea3a2217044ca8fb42d37a59512): Total: 13.370 seconds - Initiated by RefreshV2(ForceSynchronousImport)
	Summary:
		Imports: total=12 (actual=12, local cache=0, cache server=0)
		Asset DB Process Time: managed=3 ms, native=1525 ms
		Asset DB Callback time: managed=40 ms, native=9 ms
		Scripting: domain reloads=2, domain reload time=936 ms, compile time=10854 ms, other=0 ms
		Project Asset Count: scripts=896, non-scripts=1031
		Asset File Changes: new=17, changed=18, moved=0, deleted=0
		Scan Filter Count: 0
	InvokeCustomDependenciesCallbacks: 0.001ms
	InvokePackagesCallback: 2.647ms
	ApplyChangesToAssetFolders: 0.402ms
	Scan: 39.731ms
	OnSourceAssetsModified: 0.629ms
	CategorizeAssetsWithTransientArtifact: 0.357ms
	ProcessAssetsWithTransientArtifactChanges: 10.136ms
	CategorizeAssets: 12.017ms
	ImportOutOfDateAssets: 1394.703ms (-9509.016ms without children)
		ImportManagerImport: 49.359ms (4.442ms without children)
			ImportInProcess: 44.866ms
			UpdateCategorizedAssets: 0.051ms
		CompileScripts: 10853.682ms
		CollectScriptTypesHashes: 0.001ms
		ReloadNativeAssets: 0.001ms
		UnloadImportedAssets: 0.206ms
		ReloadImportedAssets: 0.001ms
		EnsureUptoDateAssetsAreRegisteredWithGuidPM: 0.287ms
		InitializingProgressBar: 0.006ms
		PostProcessAllAssetNotificationsAddChangedAssets: 0.000ms
		OnDemandSchedulerStart: 0.175ms
	PostProcessAllAssets: 44.567ms
	Hotreload: 4.905ms
	GatherAllCurrentPrimaryArtifactRevisions: 0.112ms
	UnloadStreamsBegin: 0.003ms
	PersistCurrentRevisions: 0.106ms
	UnloadStreamsEnd: 0.001ms
	GenerateScriptTypeHashes: 0.996ms
	Untracked: 11859.304ms

Asset Pipeline Refresh (id=2a069d6cc3bb21041b22d0e9e2c24208): Total: 0.002 seconds - Initiated by RefreshV2(ForceSynchronousImport)
[UnityConnectServicesConfig] config is NOT valid, switching to default
Created GICache directory at C:/Users/Administrator/AppData/LocalLow/Unity/Caches/GiCache. Took: 0.050s, timestamps: [9.411 - 9.461]
[API Updater] Processing imported assemblies took 34 ms (1/1 assembly(ies)).
Filename: C:\Program Files\Unity\Hub\Editor\6000.0.76f1\Editor\Data\NetCoreRuntime\dotnet.exe
Arguments: "C:/Program Files/Unity/Hub/Editor/6000.0.76f1/Editor/Data/Tools/Compilation/ApiUpdater/AssemblyUpdater.dll" update -a "Assets/MobileDependencyResolver/Editor/1.2.185/Google.IOSResolver.dll" --output "C:/Users/ADMINI~1/AppData/Local/Temp/tmp2c8f468a.tmp" --api-version 6000.0.76f1  -s "C:\Program Files\Unity\Hub\Editor\6000.0.76f1\Editor\Data\NetStandard\ref\2.1.0;C:\Program Files\Unity\Hub\Editor\6000.0.76f1\Editor\Data\NetStandard\compat\2.1.0\shims\netstandard;C:\Program Files\Unity\Hub\Editor\6000.0.76f1\Editor\Data\NetStandard\compat\2.1.0\shims\netfx;+E:/IronCrown/Assets;+E:\IronCrown\Library\PackageCache\com.unity.2d.sprite@0eb6ea2c7181;+E:\IronCrown\Library\PackageCache\com.unity.2d.tilemap@10400206a301;+E:\IronCrown\Library\PackageCache\com.unity.ads@e89225828059;+E:\IronCrown\Library\PackageCache\com.unity.ai.navigation@734c2c4c5591;+E:\IronCrown\Library\PackageCache\com.unity.analytics@6cc66d58ac08;+E:\IronCrown\Library\PackageCache\com.unity.collab-proxy@0b1559bcd34e;+E:\IronCrown\Library\PackageCache\com.unity.ide.rider@4504839d03f7;+E:\IronCrown\Library\PackageCache\com.unity.ide.visualstudio@dc1ddd4f09b6;+E:\IronCrown\Library\PackageCache\com.unity.multiplayer.center@f3fb577b3546;+E:\IronCrown\Library\PackageCache\com.unity.nuget.newtonsoft-json@74deb55db2a0;+E:\IronCrown\Library\PackageCache\com.unity.purchasing@039fd41c6e81;+E:\IronCrown\Library\PackageCache\com.unity.test-framework@082c24152fd4;+E:\IronCrown\Library\PackageCache\com.unity.timeline@8cd8509afae5;+E:\IronCrown\Library\PackageCache\com.unity.ugui@52420b88ab53;+E:\IronCrown\Library\PackageCache\com.unity.xr.legacyinputhelpers@b7579e86f3b4;+E:\IronCrown\Library\PackageCache\jp.hadashikick.vcontainer@bfc5fcc02036;+E:\IronCrown\Library\PackageCache\com.unity.modules.accessibility;+E:\IronCrown\Library\PackageCache\com.unity.modules.ai;+E:\IronCrown\Library\PackageCache\com.unity.modules.androidjni;+E:\IronCrown\Library\PackageCache\com.unity.modules.animation;+E:\IronCrown\Library\PackageCache\com.unity.modules.assetbundle;+E:\IronCrown\Library\PackageCache\com.unity.modules.audio;+E:\IronCrown\Library\PackageCache\com.unity.modules.cloth;+E:\IronCrown\Library\PackageCache\com.unity.modules.director;+E:\IronCrown\Library\PackageCache\com.unity.modules.imageconversion;+E:\IronCrown\Library\PackageCache\com.unity.modules.imgui;+E:\IronCrown\Library\PackageCache\com.unity.modules.jsonserialize;+E:\IronCrown\Library\PackageCache\com.unity.modules.particlesystem;+E:\IronCrown\Library\PackageCache\com.unity.modules.physics;+E:\IronCrown\Library\PackageCache\com.unity.modules.physics2d;+E:\IronCrown\Library\PackageCache\com.unity.modules.screencapture;+E:\IronCrown\Library\PackageCache\com.unity.modules.terrain;+E:\IronCrown\Library\PackageCache\com.unity.modules.terrainphysics;+E:\IronCrown\Library\PackageCache\com.unity.modules.tilemap;+E:\IronCrown\Library\PackageCache\com.unity.modules.ui;+E:\IronCrown\Library\PackageCache\com.unity.modules.uielements;+E:\IronCrown\Library\PackageCache\com.unity.modules.umbra;+E:\IronCrown\Library\PackageCache\com.unity.modules.unityanalytics;+E:\IronCrown\Library\PackageCache\com.unity.modules.unitywebrequest;+E:\IronCrown\Library\PackageCache\com.unity.modules.unitywebrequestassetbundle;+E:\IronCrown\Library\PackageCache\com.unity.modules.unitywebrequestaudio;+E:\IronCrown\Library\PackageCache\com.unity.modules.unitywebrequesttexture;+E:\IronCrown\Library\PackageCache\com.unity.modules.unitywebrequestwww;+E:\IronCrown\Library\PackageCache\com.unity.modules.vehicles;+E:\IronCrown\Library\PackageCache\com.unity.modules.video;+E:\IronCrown\Library\PackageCache\com.unity.modules.vr;+E:\IronCrown\Library\PackageCache\com.unity.modules.wind;+E:\IronCrown\Library\PackageCache\com.unity.modules.xr;+E:\IronCrown\Library\PackageCache\com.unity.modules.subsystems;+E:\IronCrown\Library\PackageCache\com.unity.modules.hierarchycore;+E:\IronCrown\Library\PackageCache\com.unity.ext.nunit@031a54704bff;+E:\IronCrown\Library\PackageCache\com.unity.services.core@8ba50f624741;+E:\IronCrown\Library\PackageCache\com.unity.services.analytics@cde4e6cf92f9;+C:\Program Files\Unity\Hub\Editor\6000.0.76f1\Editor\Data\Managed" "C:/Program Files/Unity/Hub/Editor/6000.0.76f1/Editor/Data/Managed/UnityEditor.dll" "C:/Program Files/Unity/Hub/Editor/6000.0.76f1/Editor/Data/Managed/UnityEngine.dll"
[API Updater] Assemblies not requiring updates:
[API Updater] Assets/MobileDependencyResolver/Editor/1.2.185/Google.IOSResolver.dll
[API Updater] Update finished with success in 675 ms (0/1 assembly(ies) updated).
Assembly Updater Post Process Assets time: 0.711594s
[ScriptCompilation] Requested script compilation because: Assetdatabase observed changes in script compilation related files
AssetDatabase: script compilation time: 0.000251s
[API Updater] Processing imported assemblies took 2 ms (1/1 assembly(ies)).
Filename: C:\Program Files\Unity\Hub\Editor\6000.0.76f1\Editor\Data\NetCoreRuntime\dotnet.exe
Arguments: "C:/Program Files/Unity/Hub/Editor/6000.0.76f1/Editor/Data/Tools/Compilation/ApiUpdater/AssemblyUpdater.dll" update -a "Assets/MobileDependencyResolver/Editor/1.2.185/Google.IOSResolver.dll" --output "C:/Users/ADMINI~1/AppData/Local/Temp/tmp74fd6fed.tmp" --api-version 6000.0.76f1  -s "C:\Program Files\Unity\Hub\Editor\6000.0.76f1\Editor\Data\NetStandard\ref\2.1.0;C:\Program Files\Unity\Hub\Editor\6000.0.76f1\Editor\Data\NetStandard\compat\2.1.0\shims\netstandard;C:\Program Files\Unity\Hub\Editor\6000.0.76f1\Editor\Data\NetStandard\compat\2.1.0\shims\netfx;+E:/IronCrown/Assets;+E:\IronCrown\Library\PackageCache\com.unity.2d.sprite@0eb6ea2c7181;+E:\IronCrown\Library\PackageCache\com.unity.2d.tilemap@10400206a301;+E:\IronCrown\Library\PackageCache\com.unity.ads@e89225828059;+E:\IronCrown\Library\PackageCache\com.unity.ai.navigation@734c2c4c5591;+E:\IronCrown\Library\PackageCache\com.unity.analytics@6cc66d58ac08;+E:\IronCrown\Library\PackageCache\com.unity.collab-proxy@0b1559bcd34e;+E:\IronCrown\Library\PackageCache\com.unity.ide.rider@4504839d03f7;+E:\IronCrown\Library\PackageCache\com.unity.ide.visualstudio@dc1ddd4f09b6;+E:\IronCrown\Library\PackageCache\com.unity.multiplayer.center@f3fb577b3546;+E:\IronCrown\Library\PackageCache\com.unity.nuget.newtonsoft-json@74deb55db2a0;+E:\IronCrown\Library\PackageCache\com.unity.purchasing@039fd41c6e81;+E:\IronCrown\Library\PackageCache\com.unity.test-framework@082c24152fd4;+E:\IronCrown\Library\PackageCache\com.unity.timeline@8cd8509afae5;+E:\IronCrown\Library\PackageCache\com.unity.ugui@52420b88ab53;+E:\IronCrown\Library\PackageCache\com.unity.xr.legacyinputhelpers@b7579e86f3b4;+E:\IronCrown\Library\PackageCache\jp.hadashikick.vcontainer@bfc5fcc02036;+E:\IronCrown\Library\PackageCache\com.unity.modules.accessibility;+E:\IronCrown\Library\PackageCache\com.unity.modules.ai;+E:\IronCrown\Library\PackageCache\com.unity.modules.androidjni;+E:\IronCrown\Library\PackageCache\com.unity.modules.animation;+E:\IronCrown\Library\PackageCache\com.unity.modules.assetbundle;+E:\IronCrown\Library\PackageCache\com.unity.modules.audio;+E:\IronCrown\Library\PackageCache\com.unity.modules.cloth;+E:\IronCrown\Library\PackageCache\com.unity.modules.director;+E:\IronCrown\Library\PackageCache\com.unity.modules.imageconversion;+E:\IronCrown\Library\PackageCache\com.unity.modules.imgui;+E:\IronCrown\Library\PackageCache\com.unity.modules.jsonserialize;+E:\IronCrown\Library\PackageCache\com.unity.modules.particlesystem;+E:\IronCrown\Library\PackageCache\com.unity.modules.physics;+E:\IronCrown\Library\PackageCache\com.unity.modules.physics2d;+E:\IronCrown\Library\PackageCache\com.unity.modules.screencapture;+E:\IronCrown\Library\PackageCache\com.unity.modules.terrain;+E:\IronCrown\Library\PackageCache\com.unity.modules.terrainphysics;+E:\IronCrown\Library\PackageCache\com.unity.modules.tilemap;+E:\IronCrown\Library\PackageCache\com.unity.modules.ui;+E:\IronCrown\Library\PackageCache\com.unity.modules.uielements;+E:\IronCrown\Library\PackageCache\com.unity.modules.umbra;+E:\IronCrown\Library\PackageCache\com.unity.modules.unityanalytics;+E:\IronCrown\Library\PackageCache\com.unity.modules.unitywebrequest;+E:\IronCrown\Library\PackageCache\com.unity.modules.unitywebrequestassetbundle;+E:\IronCrown\Library\PackageCache\com.unity.modules.unitywebrequestaudio;+E:\IronCrown\Library\PackageCache\com.unity.modules.unitywebrequesttexture;+E:\IronCrown\Library\PackageCache\com.unity.modules.unitywebrequestwww;+E:\IronCrown\Library\PackageCache\com.unity.modules.vehicles;+E:\IronCrown\Library\PackageCache\com.unity.modules.video;+E:\IronCrown\Library\PackageCache\com.unity.modules.vr;+E:\IronCrown\Library\PackageCache\com.unity.modules.wind;+E:\IronCrown\Library\PackageCache\com.unity.modules.xr;+E:\IronCrown\Library\PackageCache\com.unity.modules.subsystems;+E:\IronCrown\Library\PackageCache\com.unity.modules.hierarchycore;+E:\IronCrown\Library\PackageCache\com.unity.ext.nunit@031a54704bff;+E:\IronCrown\Library\PackageCache\com.unity.services.core@8ba50f624741;+E:\IronCrown\Library\PackageCache\com.unity.services.analytics@cde4e6cf92f9;+C:\Program Files\Unity\Hub\Editor\6000.0.76f1\Editor\Data\Managed" "C:/Program Files/Unity/Hub/Editor/6000.0.76f1/Editor/Data/Managed/UnityEditor.dll" "C:/Program Files/Unity/Hub/Editor/6000.0.76f1/Editor/Data/Managed/UnityEngine.dll"
[API Updater] Assemblies not requiring updates:
[API Updater] Assets/MobileDependencyResolver/Editor/1.2.185/Google.IOSResolver.dll
[API Updater] Update finished with success in 676 ms (0/1 assembly(ies) updated).
Assembly Updater Post Process Assets time: 0.679162s
[ScriptCompilation] Requested script compilation because: Assetdatabase observed changes in script compilation related files
AssetDatabase: script compilation time: 0.000017s
Refreshing native plugins compatible for Editor in 3.50 ms, found 3 plugins.
Preloading 0 native plugins for Editor in 0.00 ms.
Asset Pipeline Refresh (id=c1638c58f8ad03c4f8f7e1416b56bf8d): Total: 1.414 seconds - Initiated by StopAssetImportingV2(NoUpdateAssetOptions)
	Summary:
		Imports: total=0 (actual=0, local cache=0, cache server=0)
		Asset DB Process Time: managed=0 ms, native=17 ms
		Asset DB Callback time: managed=1 ms, native=4 ms
		Scripting: domain reloads=0, domain reload time=0 ms, compile time=1391 ms, other=0 ms
		Project Asset Count: scripts=896, non-scripts=1031
		Asset File Changes: new=0, changed=1, moved=0, deleted=0
		Scan Filter Count: 5
	InvokeCustomDependenciesCallbacks: 0.000ms
	InvokePackagesCallback: 0.001ms
	ApplyChangesToAssetFolders: 0.109ms
	Scan: 7.133ms
	OnSourceAssetsModified: 0.454ms
	CategorizeAssetsWithTransientArtifact: 0.139ms
	ProcessAssetsWithTransientArtifactChanges: 6.754ms
	CategorizeAssets: 0.446ms
	ImportOutOfDateAssets: 0.649ms (-1390.937ms without children)
		CompileScripts: 1391.066ms
		ReloadNativeAssets: 0.000ms
		UnloadImportedAssets: 0.189ms
		EnsureUptoDateAssetsAreRegisteredWithGuidPM: 0.144ms
		InitializingProgressBar: 0.000ms
		PostProcessAllAssetNotificationsAddChangedAssets: 0.000ms
		OnDemandSchedulerStart: 0.186ms
	PostProcessAllAssets: 1.898ms
	Hotreload: 3.605ms
	GatherAllCurrentPrimaryArtifactRevisions: 0.072ms
	UnloadStreamsBegin: 0.078ms
	PersistCurrentRevisions: 0.050ms
	UnloadStreamsEnd: 0.001ms
	Untracked: 1392.727ms

[API Updater] Processing imported assemblies took 2 ms (1/1 assembly(ies)).
Filename: C:\Program Files\Unity\Hub\Editor\6000.0.76f1\Editor\Data\NetCoreRuntime\dotnet.exe
Arguments: "C:/Program Files/Unity/Hub/Editor/6000.0.76f1/Editor/Data/Tools/Compilation/ApiUpdater/AssemblyUpdater.dll" update -a "Assets/MobileDependencyResolver/Editor/1.2.185/Google.JarResolver.dll" --output "C:/Users/ADMINI~1/AppData/Local/Temp/tmp56a977ac.tmp" --api-version 6000.0.76f1  -s "C:\Program Files\Unity\Hub\Editor\6000.0.76f1\Editor\Data\NetStandard\ref\2.1.0;C:\Program Files\Unity\Hub\Editor\6000.0.76f1\Editor\Data\NetStandard\compat\2.1.0\shims\netstandard;C:\Program Files\Unity\Hub\Editor\6000.0.76f1\Editor\Data\NetStandard\compat\2.1.0\shims\netfx;+E:/IronCrown/Assets;+E:\IronCrown\Library\PackageCache\com.unity.2d.sprite@0eb6ea2c7181;+E:\IronCrown\Library\PackageCache\com.unity.2d.tilemap@10400206a301;+E:\IronCrown\Library\PackageCache\com.unity.ads@e89225828059;+E:\IronCrown\Library\PackageCache\com.unity.ai.navigation@734c2c4c5591;+E:\IronCrown\Library\PackageCache\com.unity.analytics@6cc66d58ac08;+E:\IronCrown\Library\PackageCache\com.unity.collab-proxy@0b1559bcd34e;+E:\IronCrown\Library\PackageCache\com.unity.ide.rider@4504839d03f7;+E:\IronCrown\Library\PackageCache\com.unity.ide.visualstudio@dc1ddd4f09b6;+E:\IronCrown\Library\PackageCache\com.unity.multiplayer.center@f3fb577b3546;+E:\IronCrown\Library\PackageCache\com.unity.nuget.newtonsoft-json@74deb55db2a0;+E:\IronCrown\Library\PackageCache\com.unity.purchasing@039fd41c6e81;+E:\IronCrown\Library\PackageCache\com.unity.test-framework@082c24152fd4;+E:\IronCrown\Library\PackageCache\com.unity.timeline@8cd8509afae5;+E:\IronCrown\Library\PackageCache\com.unity.ugui@52420b88ab53;+E:\IronCrown\Library\PackageCache\com.unity.xr.legacyinputhelpers@b7579e86f3b4;+E:\IronCrown\Library\PackageCache\jp.hadashikick.vcontainer@bfc5fcc02036;+E:\IronCrown\Library\PackageCache\com.unity.modules.accessibility;+E:\IronCrown\Library\PackageCache\com.unity.modules.ai;+E:\IronCrown\Library\PackageCache\com.unity.modules.androidjni;+E:\IronCrown\Library\PackageCache\com.unity.modules.animation;+E:\IronCrown\Library\PackageCache\com.unity.modules.assetbundle;+E:\IronCrown\Library\PackageCache\com.unity.modules.audio;+E:\IronCrown\Library\PackageCache\com.unity.modules.cloth;+E:\IronCrown\Library\PackageCache\com.unity.modules.director;+E:\IronCrown\Library\PackageCache\com.unity.modules.imageconversion;+E:\IronCrown\Library\PackageCache\com.unity.modules.imgui;+E:\IronCrown\Library\PackageCache\com.unity.modules.jsonserialize;+E:\IronCrown\Library\PackageCache\com.unity.modules.particlesystem;+E:\IronCrown\Library\PackageCache\com.unity.modules.physics;+E:\IronCrown\Library\PackageCache\com.unity.modules.physics2d;+E:\IronCrown\Library\PackageCache\com.unity.modules.screencapture;+E:\IronCrown\Library\PackageCache\com.unity.modules.terrain;+E:\IronCrown\Library\PackageCache\com.unity.modules.terrainphysics;+E:\IronCrown\Library\PackageCache\com.unity.modules.tilemap;+E:\IronCrown\Library\PackageCache\com.unity.modules.ui;+E:\IronCrown\Library\PackageCache\com.unity.modules.uielements;+E:\IronCrown\Library\PackageCache\com.unity.modules.umbra;+E:\IronCrown\Library\PackageCache\com.unity.modules.unityanalytics;+E:\IronCrown\Library\PackageCache\com.unity.modules.unitywebrequest;+E:\IronCrown\Library\PackageCache\com.unity.modules.unitywebrequestassetbundle;+E:\IronCrown\Library\PackageCache\com.unity.modules.unitywebrequestaudio;+E:\IronCrown\Library\PackageCache\com.unity.modules.unitywebrequesttexture;+E:\IronCrown\Library\PackageCache\com.unity.modules.unitywebrequestwww;+E:\IronCrown\Library\PackageCache\com.unity.modules.vehicles;+E:\IronCrown\Library\PackageCache\com.unity.modules.video;+E:\IronCrown\Library\PackageCache\com.unity.modules.vr;+E:\IronCrown\Library\PackageCache\com.unity.modules.wind;+E:\IronCrown\Library\PackageCache\com.unity.modules.xr;+E:\IronCrown\Library\PackageCache\com.unity.modules.subsystems;+E:\IronCrown\Library\PackageCache\com.unity.modules.hierarchycore;+E:\IronCrown\Library\PackageCache\com.unity.ext.nunit@031a54704bff;+E:\IronCrown\Library\PackageCache\com.unity.services.core@8ba50f624741;+E:\IronCrown\Library\PackageCache\com.unity.services.analytics@cde4e6cf92f9;+C:\Program Files\Unity\Hub\Editor\6000.0.76f1\Editor\Data\Managed" "C:/Program Files/Unity/Hub/Editor/6000.0.76f1/Editor/Data/Managed/UnityEngine.dll" "C:/Program Files/Unity/Hub/Editor/6000.0.76f1/Editor/Data/Managed/UnityEditor.dll"
[API Updater] Assemblies not requiring updates:
[API Updater] Assets/MobileDependencyResolver/Editor/1.2.185/Google.JarResolver.dll
[API Updater] Update finished with success in 1004 ms (0/1 assembly(ies) updated).
Assembly Updater Post Process Assets time: 1.007138s
[ScriptCompilation] Requested script compilation because: Assetdatabase observed changes in script compilation related files
AssetDatabase: script compilation time: 0.000017s
[API Updater] Processing imported assemblies took 4 ms (1/1 assembly(ies)).
Filename: C:\Program Files\Unity\Hub\Editor\6000.0.76f1\Editor\Data\NetCoreRuntime\dotnet.exe
Arguments: "C:/Program Files/Unity/Hub/Editor/6000.0.76f1/Editor/Data/Tools/Compilation/ApiUpdater/AssemblyUpdater.dll" update -a "Assets/MobileDependencyResolver/Editor/1.2.185/Google.JarResolver.dll" --output "C:/Users/ADMINI~1/AppData/Local/Temp/tmp6e809682.tmp" --api-version 6000.0.76f1  -s "C:\Program Files\Unity\Hub\Editor\6000.0.76f1\Editor\Data\NetStandard\ref\2.1.0;C:\Program Files\Unity\Hub\Editor\6000.0.76f1\Editor\Data\NetStandard\compat\2.1.0\shims\netstandard;C:\Program Files\Unity\Hub\Editor\6000.0.76f1\Editor\Data\NetStandard\compat\2.1.0\shims\netfx;+E:/IronCrown/Assets;+E:\IronCrown\Library\PackageCache\com.unity.2d.sprite@0eb6ea2c7181;+E:\IronCrown\Library\PackageCache\com.unity.2d.tilemap@10400206a301;+E:\IronCrown\Library\PackageCache\com.unity.ads@e89225828059;+E:\IronCrown\Library\PackageCache\com.unity.ai.navigation@734c2c4c5591;+E:\IronCrown\Library\PackageCache\com.unity.analytics@6cc66d58ac08;+E:\IronCrown\Library\PackageCache\com.unity.collab-proxy@0b1559bcd34e;+E:\IronCrown\Library\PackageCache\com.unity.ide.rider@4504839d03f7;+E:\IronCrown\Library\PackageCache\com.unity.ide.visualstudio@dc1ddd4f09b6;+E:\IronCrown\Library\PackageCache\com.unity.multiplayer.center@f3fb577b3546;+E:\IronCrown\Library\PackageCache\com.unity.nuget.newtonsoft-json@74deb55db2a0;+E:\IronCrown\Library\PackageCache\com.unity.purchasing@039fd41c6e81;+E:\IronCrown\Library\PackageCache\com.unity.test-framework@082c24152fd4;+E:\IronCrown\Library\PackageCache\com.unity.timeline@8cd8509afae5;+E:\IronCrown\Library\PackageCache\com.unity.ugui@52420b88ab53;+E:\IronCrown\Library\PackageCache\com.unity.xr.legacyinputhelpers@b7579e86f3b4;+E:\IronCrown\Library\PackageCache\jp.hadashikick.vcontainer@bfc5fcc02036;+E:\IronCrown\Library\PackageCache\com.unity.modules.accessibility;+E:\IronCrown\Library\PackageCache\com.unity.modules.ai;+E:\IronCrown\Library\PackageCache\com.unity.modules.androidjni;+E:\IronCrown\Library\PackageCache\com.unity.modules.animation;+E:\IronCrown\Library\PackageCache\com.unity.modules.assetbundle;+E:\IronCrown\Library\PackageCache\com.unity.modules.audio;+E:\IronCrown\Library\PackageCache\com.unity.modules.cloth;+E:\IronCrown\Library\PackageCache\com.unity.modules.director;+E:\IronCrown\Library\PackageCache\com.unity.modules.imageconversion;+E:\IronCrown\Library\PackageCache\com.unity.modules.imgui;+E:\IronCrown\Library\PackageCache\com.unity.modules.jsonserialize;+E:\IronCrown\Library\PackageCache\com.unity.modules.particlesystem;+E:\IronCrown\Library\PackageCache\com.unity.modules.physics;+E:\IronCrown\Library\PackageCache\com.unity.modules.physics2d;+E:\IronCrown\Library\PackageCache\com.unity.modules.screencapture;+E:\IronCrown\Library\PackageCache\com.unity.modules.terrain;+E:\IronCrown\Library\PackageCache\com.unity.modules.terrainphysics;+E:\IronCrown\Library\PackageCache\com.unity.modules.tilemap;+E:\IronCrown\Library\PackageCache\com.unity.modules.ui;+E:\IronCrown\Library\PackageCache\com.unity.modules.uielements;+E:\IronCrown\Library\PackageCache\com.unity.modules.umbra;+E:\IronCrown\Library\PackageCache\com.unity.modules.unityanalytics;+E:\IronCrown\Library\PackageCache\com.unity.modules.unitywebrequest;+E:\IronCrown\Library\PackageCache\com.unity.modules.unitywebrequestassetbundle;+E:\IronCrown\Library\PackageCache\com.unity.modules.unitywebrequestaudio;+E:\IronCrown\Library\PackageCache\com.unity.modules.unitywebrequesttexture;+E:\IronCrown\Library\PackageCache\com.unity.modules.unitywebrequestwww;+E:\IronCrown\Library\PackageCache\com.unity.modules.vehicles;+E:\IronCrown\Library\PackageCache\com.unity.modules.video;+E:\IronCrown\Library\PackageCache\com.unity.modules.vr;+E:\IronCrown\Library\PackageCache\com.unity.modules.wind;+E:\IronCrown\Library\PackageCache\com.unity.modules.xr;+E:\IronCrown\Library\PackageCache\com.unity.modules.subsystems;+E:\IronCrown\Library\PackageCache\com.unity.modules.hierarchycore;+E:\IronCrown\Library\PackageCache\com.unity.ext.nunit@031a54704bff;+E:\IronCrown\Library\PackageCache\com.unity.services.core@8ba50f624741;+E:\IronCrown\Library\PackageCache\com.unity.services.analytics@cde4e6cf92f9;+C:\Program Files\Unity\Hub\Editor\6000.0.76f1\Editor\Data\Managed" "C:/Program Files/Unity/Hub/Editor/6000.0.76f1/Editor/Data/Managed/UnityEngine.dll" "C:/Program Files/Unity/Hub/Editor/6000.0.76f1/Editor/Data/Managed/UnityEditor.dll"
[API Updater] Assemblies not requiring updates:
[API Updater] Assets/MobileDependencyResolver/Editor/1.2.185/Google.JarResolver.dll
[API Updater] Update finished with success in 1018 ms (0/1 assembly(ies) updated).
Assembly Updater Post Process Assets time: 1.022454s
[ScriptCompilation] Requested script compilation because: Assetdatabase observed changes in script compilation related files
AssetDatabase: script compilation time: 0.000018s
Refreshing native plugins compatible for Editor in 4.08 ms, found 3 plugins.
Preloading 0 native plugins for Editor in 0.00 ms.
Asset Pipeline Refresh (id=24ebe14e9c524fb48a6c80758d521086): Total: 2.045 seconds - Initiated by StopAssetImportingV2(NoUpdateAssetOptions)
	Summary:
		Imports: total=0 (actual=0, local cache=0, cache server=0)
		Asset DB Process Time: managed=0 ms, native=10 ms
		Asset DB Callback time: managed=0 ms, native=5 ms
		Scripting: domain reloads=0, domain reload time=0 ms, compile time=2030 ms, other=0 ms
		Project Asset Count: scripts=896, non-scripts=1031
		Asset File Changes: new=0, changed=1, moved=0, deleted=0
		Scan Filter Count: 5
	InvokeCustomDependenciesCallbacks: 0.000ms
	InvokePackagesCallback: 0.001ms
	ApplyChangesToAssetFolders: 0.111ms
	Scan: 6.188ms
	OnSourceAssetsModified: 0.022ms
	CategorizeAssetsWithTransientArtifact: 0.127ms
	ProcessAssetsWithTransientArtifactChanges: 1.142ms
	CategorizeAssets: 0.513ms
	ImportOutOfDateAssets: 0.620ms (-2029.547ms without children)
		CompileScripts: 2029.662ms
		ReloadNativeAssets: 0.000ms
		UnloadImportedAssets: 0.200ms
		EnsureUptoDateAssetsAreRegisteredWithGuidPM: 0.141ms
		InitializingProgressBar: 0.000ms
		PostProcessAllAssetNotificationsAddChangedAssets: 0.000ms
		OnDemandSchedulerStart: 0.164ms
	PostProcessAllAssets: 1.443ms
	Hotreload: 4.178ms
	GatherAllCurrentPrimaryArtifactRevisions: 0.071ms
	UnloadStreamsBegin: 0.002ms
	PersistCurrentRevisions: 0.047ms
	UnloadStreamsEnd: 0.001ms
	Untracked: 2031.034ms

[API Updater] Processing imported assemblies took 2 ms (1/1 assembly(ies)).
Filename: C:\Program Files\Unity\Hub\Editor\6000.0.76f1\Editor\Data\NetCoreRuntime\dotnet.exe
Arguments: "C:/Program Files/Unity/Hub/Editor/6000.0.76f1/Editor/Data/Tools/Compilation/ApiUpdater/AssemblyUpdater.dll" update -a "Assets/MobileDependencyResolver/Editor/1.2.185/Google.PackageManagerResolver.dll" --output "C:/Users/ADMINI~1/AppData/Local/Temp/tmp3984fcf5.tmp" --api-version 6000.0.76f1  -s "C:\Program Files\Unity\Hub\Editor\6000.0.76f1\Editor\Data\NetStandard\ref\2.1.0;C:\Program Files\Unity\Hub\Editor\6000.0.76f1\Editor\Data\NetStandard\compat\2.1.0\shims\netstandard;C:\Program Files\Unity\Hub\Editor\6000.0.76f1\Editor\Data\NetStandard\compat\2.1.0\shims\netfx;+E:/IronCrown/Assets;+E:\IronCrown\Library\PackageCache\com.unity.2d.sprite@0eb6ea2c7181;+E:\IronCrown\Library\PackageCache\com.unity.2d.tilemap@10400206a301;+E:\IronCrown\Library\PackageCache\com.unity.ads@e89225828059;+E:\IronCrown\Library\PackageCache\com.unity.ai.navigation@734c2c4c5591;+E:\IronCrown\Library\PackageCache\com.unity.analytics@6cc66d58ac08;+E:\IronCrown\Library\PackageCache\com.unity.collab-proxy@0b1559bcd34e;+E:\IronCrown\Library\PackageCache\com.unity.ide.rider@4504839d03f7;+E:\IronCrown\Library\PackageCache\com.unity.ide.visualstudio@dc1ddd4f09b6;+E:\IronCrown\Library\PackageCache\com.unity.multiplayer.center@f3fb577b3546;+E:\IronCrown\Library\PackageCache\com.unity.nuget.newtonsoft-json@74deb55db2a0;+E:\IronCrown\Library\PackageCache\com.unity.purchasing@039fd41c6e81;+E:\IronCrown\Library\PackageCache\com.unity.test-framework@082c24152fd4;+E:\IronCrown\Library\PackageCache\com.unity.timeline@8cd8509afae5;+E:\IronCrown\Library\PackageCache\com.unity.ugui@52420b88ab53;+E:\IronCrown\Library\PackageCache\com.unity.xr.legacyinputhelpers@b7579e86f3b4;+E:\IronCrown\Library\PackageCache\jp.hadashikick.vcontainer@bfc5fcc02036;+E:\IronCrown\Library\PackageCache\com.unity.modules.accessibility;+E:\IronCrown\Library\PackageCache\com.unity.modules.ai;+E:\IronCrown\Library\PackageCache\com.unity.modules.androidjni;+E:\IronCrown\Library\PackageCache\com.unity.modules.animation;+E:\IronCrown\Library\PackageCache\com.unity.modules.assetbundle;+E:\IronCrown\Library\PackageCache\com.unity.modules.audio;+E:\IronCrown\Library\PackageCache\com.unity.modules.cloth;+E:\IronCrown\Library\PackageCache\com.unity.modules.director;+E:\IronCrown\Library\PackageCache\com.unity.modules.imageconversion;+E:\IronCrown\Library\PackageCache\com.unity.modules.imgui;+E:\IronCrown\Library\PackageCache\com.unity.modules.jsonserialize;+E:\IronCrown\Library\PackageCache\com.unity.modules.particlesystem;+E:\IronCrown\Library\PackageCache\com.unity.modules.physics;+E:\IronCrown\Library\PackageCache\com.unity.modules.physics2d;+E:\IronCrown\Library\PackageCache\com.unity.modules.screencapture;+E:\IronCrown\Library\PackageCache\com.unity.modules.terrain;+E:\IronCrown\Library\PackageCache\com.unity.modules.terrainphysics;+E:\IronCrown\Library\PackageCache\com.unity.modules.tilemap;+E:\IronCrown\Library\PackageCache\com.unity.modules.ui;+E:\IronCrown\Library\PackageCache\com.unity.modules.uielements;+E:\IronCrown\Library\PackageCache\com.unity.modules.umbra;+E:\IronCrown\Library\PackageCache\com.unity.modules.unityanalytics;+E:\IronCrown\Library\PackageCache\com.unity.modules.unitywebrequest;+E:\IronCrown\Library\PackageCache\com.unity.modules.unitywebrequestassetbundle;+E:\IronCrown\Library\PackageCache\com.unity.modules.unitywebrequestaudio;+E:\IronCrown\Library\PackageCache\com.unity.modules.unitywebrequesttexture;+E:\IronCrown\Library\PackageCache\com.unity.modules.unitywebrequestwww;+E:\IronCrown\Library\PackageCache\com.unity.modules.vehicles;+E:\IronCrown\Library\PackageCache\com.unity.modules.video;+E:\IronCrown\Library\PackageCache\com.unity.modules.vr;+E:\IronCrown\Library\PackageCache\com.unity.modules.wind;+E:\IronCrown\Library\PackageCache\com.unity.modules.xr;+E:\IronCrown\Library\PackageCache\com.unity.modules.subsystems;+E:\IronCrown\Library\PackageCache\com.unity.modules.hierarchycore;+E:\IronCrown\Library\PackageCache\com.unity.ext.nunit@031a54704bff;+E:\IronCrown\Library\PackageCache\com.unity.services.core@8ba50f624741;+E:\IronCrown\Library\PackageCache\com.unity.services.analytics@cde4e6cf92f9;+C:\Program Files\Unity\Hub\Editor\6000.0.76f1\Editor\Data\Managed" "C:/Program Files/Unity/Hub/Editor/6000.0.76f1/Editor/Data/Managed/UnityEditor.dll" "C:/Program Files/Unity/Hub/Editor/6000.0.76f1/Editor/Data/Managed/UnityEngine.dll"
[API Updater] Assemblies not requiring updates:
[API Updater] Assets/MobileDependencyResolver/Editor/1.2.185/Google.PackageManagerResolver.dll
[API Updater] Update finished with success in 692 ms (0/1 assembly(ies) updated).
Assembly Updater Post Process Assets time: 0.694610s
[ScriptCompilation] Requested script compilation because: Assetdatabase observed changes in script compilation related files
AssetDatabase: script compilation time: 0.000017s
[API Updater] Processing imported assemblies took 3 ms (1/1 assembly(ies)).
Filename: C:\Program Files\Unity\Hub\Editor\6000.0.76f1\Editor\Data\NetCoreRuntime\dotnet.exe
Arguments: "C:/Program Files/Unity/Hub/Editor/6000.0.76f1/Editor/Data/Tools/Compilation/ApiUpdater/AssemblyUpdater.dll" update -a "Assets/MobileDependencyResolver/Editor/1.2.185/Google.PackageManagerResolver.dll" --output "C:/Users/ADMINI~1/AppData/Local/Temp/tmp4f44fb12.tmp" --api-version 6000.0.76f1  -s "C:\Program Files\Unity\Hub\Editor\6000.0.76f1\Editor\Data\NetStandard\ref\2.1.0;C:\Program Files\Unity\Hub\Editor\6000.0.76f1\Editor\Data\NetStandard\compat\2.1.0\shims\netstandard;C:\Program Files\Unity\Hub\Editor\6000.0.76f1\Editor\Data\NetStandard\compat\2.1.0\shims\netfx;+E:/IronCrown/Assets;+E:\IronCrown\Library\PackageCache\com.unity.2d.sprite@0eb6ea2c7181;+E:\IronCrown\Library\PackageCache\com.unity.2d.tilemap@10400206a301;+E:\IronCrown\Library\PackageCache\com.unity.ads@e89225828059;+E:\IronCrown\Library\PackageCache\com.unity.ai.navigation@734c2c4c5591;+E:\IronCrown\Library\PackageCache\com.unity.analytics@6cc66d58ac08;+E:\IronCrown\Library\PackageCache\com.unity.collab-proxy@0b1559bcd34e;+E:\IronCrown\Library\PackageCache\com.unity.ide.rider@4504839d03f7;+E:\IronCrown\Library\PackageCache\com.unity.ide.visualstudio@dc1ddd4f09b6;+E:\IronCrown\Library\PackageCache\com.unity.multiplayer.center@f3fb577b3546;+E:\IronCrown\Library\PackageCache\com.unity.nuget.newtonsoft-json@74deb55db2a0;+E:\IronCrown\Library\PackageCache\com.unity.purchasing@039fd41c6e81;+E:\IronCrown\Library\PackageCache\com.unity.test-framework@082c24152fd4;+E:\IronCrown\Library\PackageCache\com.unity.timeline@8cd8509afae5;+E:\IronCrown\Library\PackageCache\com.unity.ugui@52420b88ab53;+E:\IronCrown\Library\PackageCache\com.unity.xr.legacyinputhelpers@b7579e86f3b4;+E:\IronCrown\Library\PackageCache\jp.hadashikick.vcontainer@bfc5fcc02036;+E:\IronCrown\Library\PackageCache\com.unity.modules.accessibility;+E:\IronCrown\Library\PackageCache\com.unity.modules.ai;+E:\IronCrown\Library\PackageCache\com.unity.modules.androidjni;+E:\IronCrown\Library\PackageCache\com.unity.modules.animation;+E:\IronCrown\Library\PackageCache\com.unity.modules.assetbundle;+E:\IronCrown\Library\PackageCache\com.unity.modules.audio;+E:\IronCrown\Library\PackageCache\com.unity.modules.cloth;+E:\IronCrown\Library\PackageCache\com.unity.modules.director;+E:\IronCrown\Library\PackageCache\com.unity.modules.imageconversion;+E:\IronCrown\Library\PackageCache\com.unity.modules.imgui;+E:\IronCrown\Library\PackageCache\com.unity.modules.jsonserialize;+E:\IronCrown\Library\PackageCache\com.unity.modules.particlesystem;+E:\IronCrown\Library\PackageCache\com.unity.modules.physics;+E:\IronCrown\Library\PackageCache\com.unity.modules.physics2d;+E:\IronCrown\Library\PackageCache\com.unity.modules.screencapture;+E:\IronCrown\Library\PackageCache\com.unity.modules.terrain;+E:\IronCrown\Library\PackageCache\com.unity.modules.terrainphysics;+E:\IronCrown\Library\PackageCache\com.unity.modules.tilemap;+E:\IronCrown\Library\PackageCache\com.unity.modules.ui;+E:\IronCrown\Library\PackageCache\com.unity.modules.uielements;+E:\IronCrown\Library\PackageCache\com.unity.modules.umbra;+E:\IronCrown\Library\PackageCache\com.unity.modules.unityanalytics;+E:\IronCrown\Library\PackageCache\com.unity.modules.unitywebrequest;+E:\IronCrown\Library\PackageCache\com.unity.modules.unitywebrequestassetbundle;+E:\IronCrown\Library\PackageCache\com.unity.modules.unitywebrequestaudio;+E:\IronCrown\Library\PackageCache\com.unity.modules.unitywebrequesttexture;+E:\IronCrown\Library\PackageCache\com.unity.modules.unitywebrequestwww;+E:\IronCrown\Library\PackageCache\com.unity.modules.vehicles;+E:\IronCrown\Library\PackageCache\com.unity.modules.video;+E:\IronCrown\Library\PackageCache\com.unity.modules.vr;+E:\IronCrown\Library\PackageCache\com.unity.modules.wind;+E:\IronCrown\Library\PackageCache\com.unity.modules.xr;+E:\IronCrown\Library\PackageCache\com.unity.modules.subsystems;+E:\IronCrown\Library\PackageCache\com.unity.modules.hierarchycore;+E:\IronCrown\Library\PackageCache\com.unity.ext.nunit@031a54704bff;+E:\IronCrown\Library\PackageCache\com.unity.services.core@8ba50f624741;+E:\IronCrown\Library\PackageCache\com.unity.services.analytics@cde4e6cf92f9;+C:\Program Files\Unity\Hub\Editor\6000.0.76f1\Editor\Data\Managed" "C:/Program Files/Unity/Hub/Editor/6000.0.76f1/Editor/Data/Managed/UnityEditor.dll" "C:/Program Files/Unity/Hub/Editor/6000.0.76f1/Editor/Data/Managed/UnityEngine.dll"
[API Updater] Assemblies not requiring updates:
[API Updater] Assets/MobileDependencyResolver/Editor/1.2.185/Google.PackageManagerResolver.dll
[API Updater] Update finished with success in 644 ms (0/1 assembly(ies) updated).
Assembly Updater Post Process Assets time: 0.648424s
[ScriptCompilation] Requested script compilation because: Assetdatabase observed changes in script compilation related files
AssetDatabase: script compilation time: 0.000018s
Refreshing native plugins compatible for Editor in 3.75 ms, found 3 plugins.
Preloading 0 native plugins for Editor in 0.00 ms.
Asset Pipeline Refresh (id=c9e90256ed1728149a494605c8cb25cc): Total: 1.358 seconds - Initiated by StopAssetImportingV2(NoUpdateAssetOptions)
	Summary:
		Imports: total=0 (actual=0, local cache=0, cache server=0)
		Asset DB Process Time: managed=0 ms, native=9 ms
		Asset DB Callback time: managed=0 ms, native=5 ms
		Scripting: domain reloads=0, domain reload time=0 ms, compile time=1343 ms, other=0 ms
		Project Asset Count: scripts=896, non-scripts=1031
		Asset File Changes: new=0, changed=1, moved=0, deleted=0
		Scan Filter Count: 5
	InvokeCustomDependenciesCallbacks: 0.000ms
	InvokePackagesCallback: 0.000ms
	ApplyChangesToAssetFolders: 0.105ms
	Scan: 6.075ms
	OnSourceAssetsModified: 0.027ms
	CategorizeAssetsWithTransientArtifact: 0.132ms
	ProcessAssetsWithTransientArtifactChanges: 1.186ms
	CategorizeAssets: 0.466ms
	ImportOutOfDateAssets: 0.599ms (-1342.989ms without children)
		CompileScripts: 1343.105ms
		ReloadNativeAssets: 0.001ms
		UnloadImportedAssets: 0.192ms
		EnsureUptoDateAssetsAreRegisteredWithGuidPM: 0.138ms
		InitializingProgressBar: 0.001ms
		PostProcessAllAssetNotificationsAddChangedAssets: 0.000ms
		OnDemandSchedulerStart: 0.151ms
	PostProcessAllAssets: 1.504ms
	Hotreload: 3.852ms
	GatherAllCurrentPrimaryArtifactRevisions: 0.062ms
	UnloadStreamsBegin: 0.001ms
	PersistCurrentRevisions: 0.046ms
	UnloadStreamsEnd: 0.001ms
	Untracked: 1344.394ms

Asset Pipeline Refresh (id=c3f7bc728d528c748ac7084295eb712e): Total: 0.006 seconds - Initiated by RefreshV2(NoUpdateAssetOptions)
info: Microsoft.AspNetCore.Hosting.Diagnostics[1]
      Request starting HTTP/2 POST http://ilpp/UnityILPP.PostProcessing/Ping application/grpc -
info: Microsoft.AspNetCore.Routing.EndpointMiddleware[0]
      Executing endpoint 'gRPC - /UnityILPP.PostProcessing/Ping'
info: Microsoft.AspNetCore.Routing.EndpointMiddleware[1]
      Executed endpoint 'gRPC - /UnityILPP.PostProcessing/Ping'
info: Microsoft.AspNetCore.Hosting.Diagnostics[2]
      Request finished HTTP/2 POST http://ilpp/UnityILPP.PostProcessing/Ping application/grpc - - 200 - application/grpc 0.1383ms
Starting: C:\Program Files\Unity\Hub\Editor\6000.0.76f1\Editor\Data\bee_backend.exe --ipc --defer-dag-verification --dagfile="Library/Bee/1900b0aE.dag" --continue-on-failure --profile="Library/Bee/backend1.traceevents" ScriptAssemblies
WorkingDir: E:/IronCrown
Starting: C:\Program Files\Unity\Hub\Editor\6000.0.76f1\Editor\Data\Tools\netcorerun\netcorerun.exe "C:\Program Files\Unity\Hub\Editor\6000.0.76f1\Editor\Data\Tools\BuildPipeline\ScriptCompilationBuildProgram.exe" "Library/Bee/1900b0aE.dag.json" "Library/Bee/1900b0aE-inputdata.json" "Library\Bee\buildprogram0.traceevents"
WorkingDir: E:/IronCrown
ExitCode: 4 Duration: 0s116ms
Rebuilding DAG because FileSignature timestamp changed: Library/Bee/1900b0aE-inputdata.json
*** Tundra requires additional run (0.09 seconds), 0 items updated, 753 evaluated
Unloading 0 Unused Serialized files (Serialized files now loaded: 0)
Unloading 65 unused Assets / (7.2 KB). Loaded Objects now: 3822.
Memory consumption went from 108.1 MB to 108.1 MB.
Total: 7.204000 ms (FindLiveObjects: 0.125100 ms CreateObjectMapping: 0.043400 ms MarkObjects: 6.983500 ms  DeleteObjects: 0.051100 ms)

Saving results to: E:\IronCrown\artifacts\editmode-results.xml
Unloading 0 Unused Serialized files (Serialized files now loaded: 0)
Unloading 0 unused Assets / (0 B). Loaded Objects now: 3823.
Memory consumption went from 107.7 MB to 107.7 MB.
Total: 7.679900 ms (FindLiveObjects: 0.112100 ms CreateObjectMapping: 0.041400 ms MarkObjects: 7.515400 ms  DeleteObjects: 0.010100 ms)

DisplayProgressbar: Undo
Test run completed. Exiting with code 2 (Failed). One or more tests failed.
UnityEngine.Debug:ExtractStackTraceNoAlloc (byte*,int,string)
UnityEngine.StackTraceUtility:ExtractStackTrace ()
UnityEngine.DebugLogHandler:Internal_Log (UnityEngine.LogType,UnityEngine.LogOption,string,UnityEngine.Object)
UnityEngine.DebugLogHandler:LogFormat (UnityEngine.LogType,UnityEngine.Object,string,object[])
UnityEngine.Logger:Log (UnityEngine.LogType,object)
UnityEngine.Debug:Log (object)
UnityEditor.TestTools.TestRunner.CommandLineTest.Executer:ExitApplication (UnityEditor.TestTools.TestRunner.CommandLineTest.Executer/ReturnCodes,string) (at ./Library/PackageCache/com.unity.test-framework@082c24152fd4/UnityEditor.TestRunner/CommandLineTest/Executer.cs:81)
UnityEditor.TestTools.TestRunner.CommandLineTest.Executer:ExitIfRunIsCompleted () (at ./Library/PackageCache/com.unity.test-framework@082c24152fd4/UnityEditor.TestRunner/CommandLineTest/Executer.cs:74)
UnityEditor.EditorApplication:Internal_CallUpdateFunctions ()

(Filename: ./Library/PackageCache/com.unity.test-framework@082c24152fd4/UnityEditor.TestRunner/CommandLineTest/Executer.cs Line: 81)

ExitCode: 0 Duration: 0s290ms
Starting: C:\Program Files\Unity\Hub\Editor\6000.0.76f1\Editor\Data\bee_backend.exe --ipc --defer-dag-verification --dagfile="Library/Bee/1900b0aE.dag" --continue-on-failure --dagfilejson="Library\Bee\1900b0aE.dag.json" --profile="Library/Bee/backend2.traceevents" ScriptAssemblies
WorkingDir: E:/IronCrown
[Physics::Module] Cleanup current backned.
[Physics::Module] Id: 0xf2b8ea05
Input System module state changed to: ShutdownInProgress.
Input System polling thread exited.
Input System module state changed to: Shutdown.
[Licensing::IpcConnector] LicenseClient-Administrator-notifications channel disconnected successfully.
[Licensing::IpcConnector] LicenseClient-Administrator channel disconnected successfully.
AcceleratorClientConnectionCallback - disconnected - :0
Cleanup mono
abort_threads: Failed aborting id: 0000000000006BDC, mono_thread_manage will ignore it

abort_threads: Failed aborting id: 00000000000078A8, mono_thread_manage will ignore it

abort_threads: Failed aborting id: 0000000000002374, mono_thread_manage will ignore it

abort_threads: Failed aborting id: 0000000000006BDC, mono_thread_manage will ignore it

abort_threads: Failed aborting id: 00000000000078A8, mono_thread_manage will ignore it

abort_threads: Failed aborting id: 0000000000002374, mono_thread_manage will ignore it

debugger-agent: Unable to listen on 3432
Checking for leaked weakptr:
  Found no leaked weakptrs.
[Package Manager] Server process was shutdown
##utp:{"type":"MemoryLeaks","version":2,"phase":"Immediate","time":1779977612751,"processId":27500,"allocatedMemory":12194728,"memoryLabels":[{"Default":14269},{"Permanent":15356},{"NewDelete":71113},{"Thread":4230344},{"Manager":32154},{"VertexData":8},{"Geometry":816},{"VFX":-104},{"Texture":296},{"Shader":78795},{"Material":24},{"GfxDevice":55784},{"Animation":392},{"Audio":4040},{"FontEngine":256},{"Physics":2081},{"Serialization":880},{"Input":14824},{"JobScheduler":33024},{"TextLib":160},{"Mono":32},{"ScriptingNativeRuntime":155060},{"BaseObject":1620112},{"Resource":1304},{"Renderer":2928},{"Transform":4646},{"File":18626},{"WebCam":616},{"Culling":32},{"Terrain":11394},{"Wind":24},{"STL":40},{"String":9297},{"DynamicArray":101913},{"HashMap":84101},{"Utility":2661166},{"Curl":48},{"PoolAlloc":1768},{"AI":104},{"TypeTree":53213},{"ScriptManager":512},{"RuntimeInitializeOnLoadManager":64},{"SpriteAtlas":112},{"GI":7888},{"Director":8240},{"WebRequest":808},{"VR":45969},{"SceneManager":496},{"Video":64},{"LazyScriptCache":32},{"Camera":17},{"Secure":617},{"Image":4096},{"SerializationCache":1576},{"APIUpdating":10320},{"Subsystems":336},{"VirtualTexturing":57888},{"StaticSafetyDebugInfo":278528},{"Analytics":256},{"Hierarchy":272},{"CoreStats":12536},{"Identifiers":12384},{"Gui":80},{"EditorUtility":62987},{"VersionControl":4},{"Undo":947},{"AssetDatabase":2363365},{"EditorGi":328},{"UnityConnect":24208},{"Upm":2036},{"DrivenProperties":72},{"LocalIPC":219},{"ProfilerEditor":9746},{"CoreBusinessMetrics":2612},{"TLS":3449},{"Licensing":664},{"AssetReference":32},{"IPCStream":32}]}
